ARM GAS  C:\Users\Lukef\AppData\Local\Temp\cceWoQK6.s 			page 1


   1              		.syntax unified
   2              		.cpu cortex-m3
   3              		.fpu softvfp
   4              		.eabi_attribute 20, 1
   5              		.eabi_attribute 21, 1
   6              		.eabi_attribute 23, 3
   7              		.eabi_attribute 24, 1
   8              		.eabi_attribute 25, 1
   9              		.eabi_attribute 26, 1
  10              		.eabi_attribute 30, 1
  11              		.eabi_attribute 34, 1
  12              		.eabi_attribute 18, 4
  13              		.thumb
  14              		.syntax unified
  15              		.file	"main.c"
  16              		.text
  17              	.Ltext0:
  18              		.cfi_sections	.debug_frame
  19              		.global	__aeabi_ui2f
  20              		.global	__aeabi_i2f
  21              		.global	__aeabi_fdiv
  22              		.section	.text.main,"ax",%progbits
  23              		.align	2
  24              		.global	main
  25              		.thumb
  26              		.thumb_func
  27              		.type	main, %function
  28              	main:
  29              	.LFB63:
  30              		.file 1 "main.c"
   1:main.c        **** /* ========================================
   2:main.c        ****  *
   3:main.c        ****  * PSoC Thermistor lab
   4:main.c        ****  *
   5:main.c        ****  * ========================================
   6:main.c        **** */
   7:main.c        **** // The following setting must be made to use the math.h and float.h libraries
   8:main.c        **** // Project--> Build Settings--> Linker--> General--> Additional Libraries: m
   9:main.c        **** #include "project.h"    // Automatically generated code defines the chip being used
  10:main.c        **** #include "math.h"       // Math functions
  11:main.c        **** #include "float.h"      // Floating point routines
  12:main.c        **** 
  13:main.c        **** // Global variable declarations
  14:main.c        **** uint32 loop_counter, LCD_write_counter, thermistor_R;
  15:main.c        **** uint16 R_1_result, thermistor_result;
  16:main.c        **** int16 thermistor_mv, R_1_mv, temperature, temperature_F;
  17:main.c        **** float R_1_result_f, R_1_mv_f, thermistor_mv_f, ratio_f, voltage_f;
  18:main.c        **** float thermistor_RA_f, thermistor_RB_f;
  19:main.c        **** float current_mA_f, temperature_K_f, temperature_C_f;
  20:main.c        **** 
  21:main.c        **** int main(void)
  22:main.c        **** {
  31              		.loc 1 22 0
  32              		.cfi_startproc
  33              		@ Volatile: function does not return.
  34              		@ args = 0, pretend = 0, frame = 0
  35              		@ frame_needed = 0, uses_anonymous_args = 0
ARM GAS  C:\Users\Lukef\AppData\Local\Temp\cceWoQK6.s 			page 2


  36 0000 80B5     		push	{r7, lr}
  37              		.cfi_def_cfa_offset 8
  38              		.cfi_offset 7, -8
  39              		.cfi_offset 14, -4
  23:main.c        ****     // Automatically generated
  24:main.c        ****     CyGlobalIntEnable; /* Enable global interrupts. */
  40              		.loc 1 24 0
  41              		.syntax unified
  42              	@ 24 "main.c" 1
  43 0002 62B6     		CPSIE   i
  44              	@ 0 "" 2
  25:main.c        **** 
  26:main.c        ****     // Enable the peripherals
  27:main.c        ****     ADC_DelSig_1_Start();
  45              		.loc 1 27 0
  46              		.thumb
  47              		.syntax unified
  48 0004 FFF7FEFF 		bl	ADC_DelSig_1_Start
  49              	.LVL0:
  28:main.c        ****     AMux_1_Start();
  50              		.loc 1 28 0
  51 0008 FFF7FEFF 		bl	AMux_1_Start
  52              	.LVL1:
  29:main.c        ****     
  30:main.c        ****     // Start the LCD
  31:main.c        ****     LCD_Start();
  53              		.loc 1 31 0
  54 000c FFF7FEFF 		bl	LCD_Start
  55              	.LVL2:
  32:main.c        ****     
  33:main.c        ****     // Test the LCD
  34:main.c        ****     LCD_Position(0,0);
  56              		.loc 1 34 0
  57 0010 0021     		movs	r1, #0
  58 0012 0846     		mov	r0, r1
  59 0014 FFF7FEFF 		bl	LCD_Position
  60              	.LVL3:
  35:main.c        ****     LCD_PrintString("Thermistor Test");
  61              		.loc 1 35 0
  62 0018 5948     		ldr	r0, .L5
  63 001a FFF7FEFF 		bl	LCD_PrintString
  64              	.LVL4:
  36:main.c        ****     CyDelay(1000);  //Delay 1000 ms (1 second)
  65              		.loc 1 36 0
  66 001e 4FF47A70 		mov	r0, #1000
  67 0022 FFF7FEFF 		bl	CyDelay
  68              	.LVL5:
  37:main.c        ****     
  38:main.c        ****     // Reposition to overwrite the test string
  39:main.c        ****     LCD_Position(0,0);
  69              		.loc 1 39 0
  70 0026 0021     		movs	r1, #0
  71 0028 0846     		mov	r0, r1
  72 002a FFF7FEFF 		bl	LCD_Position
  73              	.LVL6:
  74              	.L2:
  40:main.c        **** 
ARM GAS  C:\Users\Lukef\AppData\Local\Temp\cceWoQK6.s 			page 3


  41:main.c        ****     //.......................... Start of Infinite Loop ..........................//
  42:main.c        ****     
  43:main.c        ****     while(1)
  44:main.c        ****     {
  45:main.c        ****         // Verify that the code is running by displaying this variable on the LCD
  46:main.c        ****         loop_counter++;
  75              		.loc 1 46 0
  76 002e 554A     		ldr	r2, .L5+4
  77 0030 1368     		ldr	r3, [r2]
  78 0032 0133     		adds	r3, r3, #1
  79 0034 1360     		str	r3, [r2]
  47:main.c        ****         
  48:main.c        ****         // This will skip excessive wrting to the LCD.
  49:main.c        ****         LCD_write_counter++;
  80              		.loc 1 49 0
  81 0036 544C     		ldr	r4, .L5+8
  82 0038 2368     		ldr	r3, [r4]
  83 003a 0133     		adds	r3, r3, #1
  84 003c 2360     		str	r3, [r4]
  50:main.c        ****         
  51:main.c        ****         // Use this digital output with a scope to determine the loop time
  52:main.c        ****         //P3_5_Write(1);
  53:main.c        ****         
  54:main.c        ****         //******************** Select the mux input for the 10k resistor***************************
  55:main.c        ****         AMux_1_Select(0);
  85              		.loc 1 55 0
  86 003e 0020     		movs	r0, #0
  87 0040 FFF7FEFF 		bl	AMux_1_FastSelect
  88              	.LVL7:
  56:main.c        ****         
  57:main.c        ****         // Start doing ADC conversions
  58:main.c        ****         ADC_DelSig_1_StartConvert();
  89              		.loc 1 58 0
  90 0044 FFF7FEFF 		bl	ADC_DelSig_1_StartConvert
  91              	.LVL8:
  59:main.c        ****         
  60:main.c        ****         // Code execution stops here until the conversion is complete
  61:main.c        ****         ADC_DelSig_1_IsEndConversion(ADC_DelSig_1_WAIT_FOR_RESULT);
  92              		.loc 1 61 0
  93 0048 0020     		movs	r0, #0
  94 004a FFF7FEFF 		bl	ADC_DelSig_1_IsEndConversion
  95              	.LVL9:
  62:main.c        ****         
  63:main.c        ****         // Conversion is complete so reset the I/O pin so I can see how long the conversion took wi
  64:main.c        ****         //P3_5_Write(0);
  65:main.c        ****         
  66:main.c        ****         // Get the 16 bit result from the ADC result register
  67:main.c        ****         R_1_result = ADC_DelSig_1_GetResult16();
  96              		.loc 1 67 0
  97 004e FFF7FEFF 		bl	ADC_DelSig_1_GetResult16
  98              	.LVL10:
  99 0052 85B2     		uxth	r5, r0
 100 0054 4D4B     		ldr	r3, .L5+12
 101 0056 1D80     		strh	r5, [r3]	@ movhi
  68:main.c        ****         
  69:main.c        ****         // Cast the result into a floating point format
  70:main.c        ****         R_1_result_f = (float)R_1_result;
ARM GAS  C:\Users\Lukef\AppData\Local\Temp\cceWoQK6.s 			page 4


 102              		.loc 1 70 0
 103 0058 2846     		mov	r0, r5
 104 005a FFF7FEFF 		bl	__aeabi_ui2f
 105              	.LVL11:
 106 005e 4C4B     		ldr	r3, .L5+16
 107 0060 1860     		str	r0, [r3]	@ float
  71:main.c        ****         
  72:main.c        ****         // Convert the result to millivolts*1000 (450 = .450 mV; 4500 = 4.5 mV) and cast to an int
  73:main.c        ****         R_1_mv = (int16)ADC_DelSig_1_CountsTo_mVolts(R_1_result);
 108              		.loc 1 73 0
 109 0062 2846     		mov	r0, r5
 110 0064 FFF7FEFF 		bl	ADC_DelSig_1_CountsTo_mVolts
 111              	.LVL12:
 112 0068 4A4D     		ldr	r5, .L5+20
 113 006a 2880     		strh	r0, [r5]	@ movhi
  74:main.c        ****         
  75:main.c        ****         // Cast the int value of mV to floating point
  76:main.c        ****         R_1_mv_f = (float)R_1_mv;
 114              		.loc 1 76 0
 115 006c FFF7FEFF 		bl	__aeabi_i2f
 116              	.LVL13:
 117 0070 494B     		ldr	r3, .L5+24
 118 0072 1860     		str	r0, [r3]	@ float
  77:main.c        ****         
  78:main.c        ****         //Calculate the current in mA through the 10k resistor
  79:main.c        ****         current_mA_f = R_1_mv_f / 10000;
 119              		.loc 1 79 0
 120 0074 4949     		ldr	r1, .L5+28
 121 0076 FFF7FEFF 		bl	__aeabi_fdiv
 122              	.LVL14:
 123 007a 494F     		ldr	r7, .L5+32
 124 007c 3860     		str	r0, [r7]	@ float
  80:main.c        ****         
  81:main.c        ****         //******************** Select the mux input for the thermistor voltage ********************
  82:main.c        ****         AMux_1_Select(1);
 125              		.loc 1 82 0
 126 007e 0120     		movs	r0, #1
 127 0080 FFF7FEFF 		bl	AMux_1_FastSelect
 128              	.LVL15:
  83:main.c        ****         
  84:main.c        ****         // Start doing ADC conversions
  85:main.c        ****         ADC_DelSig_1_StartConvert();
 129              		.loc 1 85 0
 130 0084 FFF7FEFF 		bl	ADC_DelSig_1_StartConvert
 131              	.LVL16:
  86:main.c        ****         
  87:main.c        ****         // Code execution stops here until the conversion is complete
  88:main.c        ****         ADC_DelSig_1_IsEndConversion(ADC_DelSig_1_WAIT_FOR_RESULT);
 132              		.loc 1 88 0
 133 0088 0020     		movs	r0, #0
 134 008a FFF7FEFF 		bl	ADC_DelSig_1_IsEndConversion
 135              	.LVL17:
  89:main.c        ****         
  90:main.c        ****         // Get the raw thermistor digital 16 bit result from the ADC result register
  91:main.c        ****         thermistor_result = ADC_DelSig_1_GetResult16();
 136              		.loc 1 91 0
 137 008e FFF7FEFF 		bl	ADC_DelSig_1_GetResult16
ARM GAS  C:\Users\Lukef\AppData\Local\Temp\cceWoQK6.s 			page 5


 138              	.LVL18:
 139 0092 80B2     		uxth	r0, r0
 140 0094 434B     		ldr	r3, .L5+36
 141 0096 1880     		strh	r0, [r3]	@ movhi
  92:main.c        ****                 
  93:main.c        ****         // Convert the result to millivolts*1000 (450 = .450 mV; 4500 = 4.5 mV) and cast to an int
  94:main.c        ****         thermistor_mv = (int16)ADC_DelSig_1_CountsTo_mVolts(thermistor_result);
 142              		.loc 1 94 0
 143 0098 FFF7FEFF 		bl	ADC_DelSig_1_CountsTo_mVolts
 144              	.LVL19:
 145 009c 0646     		mov	r6, r0
 146 009e 424B     		ldr	r3, .L5+40
 147 00a0 1880     		strh	r0, [r3]	@ movhi
  95:main.c        ****         
  96:main.c        ****         // Cast the int value of mV to floating point
  97:main.c        ****         thermistor_mv_f = (float)thermistor_mv;
 148              		.loc 1 97 0
 149 00a2 FFF7FEFF 		bl	__aeabi_i2f
 150              	.LVL20:
 151 00a6 414B     		ldr	r3, .L5+44
 152 00a8 1860     		str	r0, [r3]	@ float
  98:main.c        ****         
  99:main.c        ****         // Calculate the resistance manually using R = V/I
 100:main.c        ****         thermistor_RA_f = thermistor_mv_f / current_mA_f;
 153              		.loc 1 100 0
 154 00aa 3968     		ldr	r1, [r7]	@ float
 155 00ac FFF7FEFF 		bl	__aeabi_fdiv
 156              	.LVL21:
 157 00b0 3F4B     		ldr	r3, .L5+48
 158 00b2 1860     		str	r0, [r3]	@ float
 101:main.c        ****         
 102:main.c        ****         // Calculate the resistance using the built in function that is part of the thermistor modu
 103:main.c        ****         thermistor_R = Ametherm_1DC103K_EC_GetResistance(R_1_mv, thermistor_mv);
 159              		.loc 1 103 0
 160 00b4 3146     		mov	r1, r6
 161 00b6 B5F90000 		ldrsh	r0, [r5]
 162 00ba FFF7FEFF 		bl	Ametherm_1DC103K_EC_GetResistance
 163              	.LVL22:
 164 00be 0546     		mov	r5, r0
 165 00c0 3C4B     		ldr	r3, .L5+52
 166 00c2 1860     		str	r0, [r3]
 104:main.c        ****         
 105:main.c        ****         // Cast the previous value into a float. This should be the same as thermistor_RA_f
 106:main.c        ****         thermistor_RB_f = (float)thermistor_R;
 167              		.loc 1 106 0
 168 00c4 FFF7FEFF 		bl	__aeabi_ui2f
 169              	.LVL23:
 170 00c8 3B4B     		ldr	r3, .L5+56
 171 00ca 1860     		str	r0, [r3]	@ float
 107:main.c        ****         
 108:main.c        ****         // Get the computed temperature in degrees C *100 from the thermistor API
 109:main.c        ****         temperature = Ametherm_1DC103K_EC_GetTemperature(thermistor_R);
 172              		.loc 1 109 0
 173 00cc 2846     		mov	r0, r5
 174 00ce FFF7FEFF 		bl	Ametherm_1DC103K_EC_GetTemperature
 175              	.LVL24:
 176 00d2 3A4B     		ldr	r3, .L5+60
ARM GAS  C:\Users\Lukef\AppData\Local\Temp\cceWoQK6.s 			page 6


 177 00d4 1880     		strh	r0, [r3]	@ movhi
 110:main.c        ****         
 111:main.c        ****         // Convert C to F
 112:main.c        ****        temperature_F = temperature * 9/5 + 3200;
 178              		.loc 1 112 0
 179 00d6 00EBC000 		add	r0, r0, r0, lsl #3
 180 00da 394B     		ldr	r3, .L5+64
 181 00dc 83FB0023 		smull	r2, r3, r3, r0
 182 00e0 C017     		asrs	r0, r0, #31
 183 00e2 C0EB6300 		rsb	r0, r0, r3, asr #1
 184 00e6 00F54860 		add	r0, r0, #3200
 185 00ea 364B     		ldr	r3, .L5+68
 186 00ec 1880     		strh	r0, [r3]	@ movhi
 113:main.c        ****         
 114:main.c        ****         //********************************* Write to the LCD ************************************//
 115:main.c        ****         if(LCD_write_counter++ > 1000)
 187              		.loc 1 115 0
 188 00ee 2368     		ldr	r3, [r4]
 189 00f0 5A1C     		adds	r2, r3, #1
 190 00f2 2260     		str	r2, [r4]
 191 00f4 B3F57A7F 		cmp	r3, #1000
 192 00f8 99D9     		bls	.L2
 116:main.c        ****         {
 117:main.c        ****             LCD_write_counter = 0;          // Reset the write counter
 193              		.loc 1 117 0
 194 00fa 0024     		movs	r4, #0
 195 00fc 224B     		ldr	r3, .L5+8
 196 00fe 1C60     		str	r4, [r3]
 118:main.c        ****             //P3_6_Write(1);                  // Toggle bit 0 for monitoring LCD write time
 119:main.c        ****             LCD_IsReady();                  // Built in function from the LCD API
 197              		.loc 1 119 0
 198 0100 FFF7FEFF 		bl	LCD_IsReady
 199              	.LVL25:
 120:main.c        ****             
 121:main.c        ****             LCD_Position(0,0);              // Move to the first line
 200              		.loc 1 121 0
 201 0104 2146     		mov	r1, r4
 202 0106 2046     		mov	r0, r4
 203 0108 FFF7FEFF 		bl	LCD_Position
 204              	.LVL26:
 122:main.c        ****             LCD_PrintString("              V ");
 205              		.loc 1 122 0
 206 010c 2E48     		ldr	r0, .L5+72
 207 010e FFF7FEFF 		bl	LCD_PrintString
 208              	.LVL27:
 123:main.c        ****             LCD_Position(0,0);              // Move back to the first character
 209              		.loc 1 123 0
 210 0112 2146     		mov	r1, r4
 211 0114 2046     		mov	r0, r4
 212 0116 FFF7FEFF 		bl	LCD_Position
 213              	.LVL28:
 124:main.c        ****             //LCD_PrintNumber(temperature/100);   // Print the whole number portion
 125:main.c        ****             LCD_PrintNumber(R_1_mv);   // Print the whole number portion
 214              		.loc 1 125 0
 215 011a 1E4B     		ldr	r3, .L5+20
 216 011c 1888     		ldrh	r0, [r3]
 217 011e FFF7FEFF 		bl	LCD_PrintU32Number
ARM GAS  C:\Users\Lukef\AppData\Local\Temp\cceWoQK6.s 			page 7


 218              	.LVL29:
 126:main.c        ****             //LCD_Position(0,2);              // Move to the fourth position since the temperature 
 127:main.c        ****             //LCD_PrintString(".");
 128:main.c        ****             //LCD_PrintNumber(temperature % 100); // Get the decimal portion of the temperature
 129:main.c        ****             
 130:main.c        ****             //LCD_Position(0,0);              // Move to the first line
 131:main.c        ****             //LCD_PrintString("loop cnt:       ");    // Set up to display the loop count
 132:main.c        ****             //LCD_Position(0,10);             // Move to one space after the colon
 133:main.c        ****             //LCD_PrintU32Number(loop_counter);       // Print the loop count
 134:main.c        ****             
 135:main.c        ****             LCD_Position(1,0);              // Move to the next line
 219              		.loc 1 135 0
 220 0122 2146     		mov	r1, r4
 221 0124 0120     		movs	r0, #1
 222 0126 FFF7FEFF 		bl	LCD_Position
 223              	.LVL30:
 136:main.c        ****             LCD_PrintString("      degrees F ");
 224              		.loc 1 136 0
 225 012a 2848     		ldr	r0, .L5+76
 226 012c FFF7FEFF 		bl	LCD_PrintString
 227              	.LVL31:
 137:main.c        ****             LCD_Position(1,0);              // Move back to the first character
 228              		.loc 1 137 0
 229 0130 2146     		mov	r1, r4
 230 0132 0120     		movs	r0, #1
 231 0134 FFF7FEFF 		bl	LCD_Position
 232              	.LVL32:
 138:main.c        ****             LCD_PrintNumber(temperature_F/100);   // Print the whole number portion
 233              		.loc 1 138 0
 234 0138 224E     		ldr	r6, .L5+68
 235 013a B6F90030 		ldrsh	r3, [r6]
 236 013e 244D     		ldr	r5, .L5+80
 237 0140 85FB0320 		smull	r2, r0, r5, r3
 238 0144 DB17     		asrs	r3, r3, #31
 239 0146 C3EB6010 		rsb	r0, r3, r0, asr #5
 240 014a 80B2     		uxth	r0, r0
 241 014c FFF7FEFF 		bl	LCD_PrintU32Number
 242              	.LVL33:
 139:main.c        ****             LCD_Position(1,2);              // Move to the fourth position since the temperature ta
 243              		.loc 1 139 0
 244 0150 0221     		movs	r1, #2
 245 0152 0120     		movs	r0, #1
 246 0154 FFF7FEFF 		bl	LCD_Position
 247              	.LVL34:
 140:main.c        ****             LCD_PrintString(".");
 248              		.loc 1 140 0
 249 0158 1E48     		ldr	r0, .L5+84
 250 015a FFF7FEFF 		bl	LCD_PrintString
 251              	.LVL35:
 141:main.c        ****             LCD_PrintNumber(temperature_F % 100); // Get the decimal portion of the temperature
 252              		.loc 1 141 0
 253 015e B6F90020 		ldrsh	r2, [r6]
 254 0162 85FB0235 		smull	r3, r5, r5, r2
 255 0166 D317     		asrs	r3, r2, #31
 256 0168 C3EB6513 		rsb	r3, r3, r5, asr #5
 257 016c 6420     		movs	r0, #100
 258 016e 00FB1320 		mls	r0, r0, r3, r2
ARM GAS  C:\Users\Lukef\AppData\Local\Temp\cceWoQK6.s 			page 8


 259 0172 80B2     		uxth	r0, r0
 260 0174 FFF7FEFF 		bl	LCD_PrintU32Number
 261              	.LVL36:
 142:main.c        ****             
 143:main.c        ****             P3_6_Write(0);                  // Toggle bit 0 for monitoring LCD write time
 262              		.loc 1 143 0
 263 0178 2046     		mov	r0, r4
 264 017a FFF7FEFF 		bl	P3_6_Write
 265              	.LVL37:
 266 017e 56E7     		b	.L2
 267              	.L6:
 268              		.align	2
 269              	.L5:
 270 0180 00000000 		.word	.LC0
 271 0184 00000000 		.word	loop_counter
 272 0188 00000000 		.word	LCD_write_counter
 273 018c 00000000 		.word	R_1_result
 274 0190 00000000 		.word	R_1_result_f
 275 0194 00000000 		.word	R_1_mv
 276 0198 00000000 		.word	R_1_mv_f
 277 019c 00401C46 		.word	1176256512
 278 01a0 00000000 		.word	current_mA_f
 279 01a4 00000000 		.word	thermistor_result
 280 01a8 00000000 		.word	thermistor_mv
 281 01ac 00000000 		.word	thermistor_mv_f
 282 01b0 00000000 		.word	thermistor_RA_f
 283 01b4 00000000 		.word	thermistor_R
 284 01b8 00000000 		.word	thermistor_RB_f
 285 01bc 00000000 		.word	temperature
 286 01c0 67666666 		.word	1717986919
 287 01c4 00000000 		.word	temperature_F
 288 01c8 10000000 		.word	.LC1
 289 01cc 24000000 		.word	.LC2
 290 01d0 1F85EB51 		.word	1374389535
 291 01d4 38000000 		.word	.LC3
 292              		.cfi_endproc
 293              	.LFE63:
 294              		.size	main, .-main
 295              		.comm	temperature_C_f,4,4
 296              		.comm	temperature_K_f,4,4
 297              		.comm	current_mA_f,4,4
 298              		.comm	thermistor_RB_f,4,4
 299              		.comm	thermistor_RA_f,4,4
 300              		.comm	voltage_f,4,4
 301              		.comm	ratio_f,4,4
 302              		.comm	thermistor_mv_f,4,4
 303              		.comm	R_1_mv_f,4,4
 304              		.comm	R_1_result_f,4,4
 305              		.comm	temperature_F,2,2
 306              		.comm	temperature,2,2
 307              		.comm	R_1_mv,2,2
 308              		.comm	thermistor_mv,2,2
 309              		.comm	thermistor_result,2,2
 310              		.comm	R_1_result,2,2
 311              		.comm	thermistor_R,4,4
 312              		.comm	LCD_write_counter,4,4
 313              		.comm	loop_counter,4,4
ARM GAS  C:\Users\Lukef\AppData\Local\Temp\cceWoQK6.s 			page 9


 314              		.section	.rodata.str1.4,"aMS",%progbits,1
 315              		.align	2
 316              	.LC0:
 317 0000 54686572 		.ascii	"Thermistor Test\000"
 317      6D697374 
 317      6F722054 
 317      65737400 
 318              	.LC1:
 319 0010 20202020 		.ascii	"              V \000"
 319      20202020 
 319      20202020 
 319      20205620 
 319      00
 320 0021 000000   		.space	3
 321              	.LC2:
 322 0024 20202020 		.ascii	"      degrees F \000"
 322      20206465 
 322      67726565 
 322      73204620 
 322      00
 323 0035 000000   		.space	3
 324              	.LC3:
 325 0038 2E00     		.ascii	".\000"
 326              		.text
 327              	.Letext0:
 328              		.file 2 "c:\\program files (x86)\\cypress\\psoc creator\\4.4\\psoc creator\\import\\gnu\\arm\\5.4.
 329              		.file 3 "c:\\program files (x86)\\cypress\\psoc creator\\4.4\\psoc creator\\import\\gnu\\arm\\5.4.
 330              		.file 4 "Generated_Source\\PSoC5/cytypes.h"
 331              		.file 5 "Generated_Source\\PSoC5/core_cm3.h"
 332              		.file 6 "Generated_Source\\PSoC5/ADC_DelSig_1.h"
 333              		.file 7 "Generated_Source\\PSoC5/AMux_1.h"
 334              		.file 8 "Generated_Source\\PSoC5/LCD.h"
 335              		.file 9 "Generated_Source\\PSoC5/CyLib.h"
 336              		.file 10 "Generated_Source\\PSoC5/Ametherm_1DC103K_EC.h"
 337              		.file 11 "Generated_Source\\PSoC5/P3_6.h"
 338              		.section	.debug_info,"",%progbits
 339              	.Ldebug_info0:
 340 0000 06050000 		.4byte	0x506
 341 0004 0400     		.2byte	0x4
 342 0006 00000000 		.4byte	.Ldebug_abbrev0
 343 000a 04       		.byte	0x4
 344 000b 01       		.uleb128 0x1
 345 000c 15010000 		.4byte	.LASF55
 346 0010 0C       		.byte	0xc
 347 0011 65030000 		.4byte	.LASF56
 348 0015 A3010000 		.4byte	.LASF57
 349 0019 00000000 		.4byte	.Ldebug_ranges0+0
 350 001d 00000000 		.4byte	0
 351 0021 00000000 		.4byte	.Ldebug_line0
 352 0025 02       		.uleb128 0x2
 353 0026 01       		.byte	0x1
 354 0027 06       		.byte	0x6
 355 0028 EC030000 		.4byte	.LASF0
 356 002c 02       		.uleb128 0x2
 357 002d 01       		.byte	0x1
 358 002e 08       		.byte	0x8
 359 002f 07010000 		.4byte	.LASF1
ARM GAS  C:\Users\Lukef\AppData\Local\Temp\cceWoQK6.s 			page 10


 360 0033 02       		.uleb128 0x2
 361 0034 02       		.byte	0x2
 362 0035 05       		.byte	0x5
 363 0036 7E030000 		.4byte	.LASF2
 364 003a 02       		.uleb128 0x2
 365 003b 02       		.byte	0x2
 366 003c 07       		.byte	0x7
 367 003d 09020000 		.4byte	.LASF3
 368 0041 03       		.uleb128 0x3
 369 0042 46000000 		.4byte	.LASF9
 370 0046 02       		.byte	0x2
 371 0047 3F       		.byte	0x3f
 372 0048 4C000000 		.4byte	0x4c
 373 004c 02       		.uleb128 0x2
 374 004d 04       		.byte	0x4
 375 004e 05       		.byte	0x5
 376 004f BD030000 		.4byte	.LASF4
 377 0053 02       		.uleb128 0x2
 378 0054 04       		.byte	0x4
 379 0055 07       		.byte	0x7
 380 0056 F7010000 		.4byte	.LASF5
 381 005a 02       		.uleb128 0x2
 382 005b 08       		.byte	0x8
 383 005c 05       		.byte	0x5
 384 005d 57030000 		.4byte	.LASF6
 385 0061 02       		.uleb128 0x2
 386 0062 08       		.byte	0x8
 387 0063 07       		.byte	0x7
 388 0064 FF020000 		.4byte	.LASF7
 389 0068 04       		.uleb128 0x4
 390 0069 04       		.byte	0x4
 391 006a 05       		.byte	0x5
 392 006b 696E7400 		.ascii	"int\000"
 393 006f 02       		.uleb128 0x2
 394 0070 04       		.byte	0x4
 395 0071 07       		.byte	0x7
 396 0072 C3020000 		.4byte	.LASF8
 397 0076 03       		.uleb128 0x3
 398 0077 46030000 		.4byte	.LASF10
 399 007b 03       		.byte	0x3
 400 007c 2C       		.byte	0x2c
 401 007d 41000000 		.4byte	0x41
 402 0081 05       		.uleb128 0x5
 403 0082 5D020000 		.4byte	.LASF11
 404 0086 04       		.byte	0x4
 405 0087 E901     		.2byte	0x1e9
 406 0089 3A000000 		.4byte	0x3a
 407 008d 05       		.uleb128 0x5
 408 008e 92020000 		.4byte	.LASF12
 409 0092 04       		.byte	0x4
 410 0093 EA01     		.2byte	0x1ea
 411 0095 53000000 		.4byte	0x53
 412 0099 05       		.uleb128 0x5
 413 009a F1010000 		.4byte	.LASF13
 414 009e 04       		.byte	0x4
 415 009f EC01     		.2byte	0x1ec
 416 00a1 33000000 		.4byte	0x33
ARM GAS  C:\Users\Lukef\AppData\Local\Temp\cceWoQK6.s 			page 11


 417 00a5 02       		.uleb128 0x2
 418 00a6 04       		.byte	0x4
 419 00a7 04       		.byte	0x4
 420 00a8 36000000 		.4byte	.LASF14
 421 00ac 02       		.uleb128 0x2
 422 00ad 08       		.byte	0x8
 423 00ae 04       		.byte	0x4
 424 00af BC000000 		.4byte	.LASF15
 425 00b3 02       		.uleb128 0x2
 426 00b4 01       		.byte	0x1
 427 00b5 08       		.byte	0x8
 428 00b6 6C030000 		.4byte	.LASF16
 429 00ba 02       		.uleb128 0x2
 430 00bb 08       		.byte	0x8
 431 00bc 04       		.byte	0x4
 432 00bd E0030000 		.4byte	.LASF17
 433 00c1 02       		.uleb128 0x2
 434 00c2 04       		.byte	0x4
 435 00c3 07       		.byte	0x7
 436 00c4 4E030000 		.4byte	.LASF18
 437 00c8 06       		.uleb128 0x6
 438 00c9 99020000 		.4byte	.LASF58
 439 00cd 01       		.byte	0x1
 440 00ce 15       		.byte	0x15
 441 00cf 68000000 		.4byte	0x68
 442 00d3 00000000 		.4byte	.LFB63
 443 00d7 D8010000 		.4byte	.LFE63-.LFB63
 444 00db 01       		.uleb128 0x1
 445 00dc 9C       		.byte	0x9c
 446 00dd 05030000 		.4byte	0x305
 447 00e1 07       		.uleb128 0x7
 448 00e2 08000000 		.4byte	.LVL0
 449 00e6 59040000 		.4byte	0x459
 450 00ea 07       		.uleb128 0x7
 451 00eb 0C000000 		.4byte	.LVL1
 452 00ef 64040000 		.4byte	0x464
 453 00f3 07       		.uleb128 0x7
 454 00f4 10000000 		.4byte	.LVL2
 455 00f8 6F040000 		.4byte	0x46f
 456 00fc 08       		.uleb128 0x8
 457 00fd 18000000 		.4byte	.LVL3
 458 0101 7A040000 		.4byte	0x47a
 459 0105 14010000 		.4byte	0x114
 460 0109 09       		.uleb128 0x9
 461 010a 01       		.uleb128 0x1
 462 010b 50       		.byte	0x50
 463 010c 01       		.uleb128 0x1
 464 010d 30       		.byte	0x30
 465 010e 09       		.uleb128 0x9
 466 010f 01       		.uleb128 0x1
 467 0110 51       		.byte	0x51
 468 0111 01       		.uleb128 0x1
 469 0112 30       		.byte	0x30
 470 0113 00       		.byte	0
 471 0114 08       		.uleb128 0x8
 472 0115 1E000000 		.4byte	.LVL4
 473 0119 85040000 		.4byte	0x485
ARM GAS  C:\Users\Lukef\AppData\Local\Temp\cceWoQK6.s 			page 12


 474 011d 2B010000 		.4byte	0x12b
 475 0121 09       		.uleb128 0x9
 476 0122 01       		.uleb128 0x1
 477 0123 50       		.byte	0x50
 478 0124 05       		.uleb128 0x5
 479 0125 03       		.byte	0x3
 480 0126 00000000 		.4byte	.LC0
 481 012a 00       		.byte	0
 482 012b 08       		.uleb128 0x8
 483 012c 26000000 		.4byte	.LVL5
 484 0130 90040000 		.4byte	0x490
 485 0134 40010000 		.4byte	0x140
 486 0138 09       		.uleb128 0x9
 487 0139 01       		.uleb128 0x1
 488 013a 50       		.byte	0x50
 489 013b 03       		.uleb128 0x3
 490 013c 0A       		.byte	0xa
 491 013d E803     		.2byte	0x3e8
 492 013f 00       		.byte	0
 493 0140 08       		.uleb128 0x8
 494 0141 2E000000 		.4byte	.LVL6
 495 0145 7A040000 		.4byte	0x47a
 496 0149 58010000 		.4byte	0x158
 497 014d 09       		.uleb128 0x9
 498 014e 01       		.uleb128 0x1
 499 014f 50       		.byte	0x50
 500 0150 01       		.uleb128 0x1
 501 0151 30       		.byte	0x30
 502 0152 09       		.uleb128 0x9
 503 0153 01       		.uleb128 0x1
 504 0154 51       		.byte	0x51
 505 0155 01       		.uleb128 0x1
 506 0156 30       		.byte	0x30
 507 0157 00       		.byte	0
 508 0158 08       		.uleb128 0x8
 509 0159 44000000 		.4byte	.LVL7
 510 015d 9B040000 		.4byte	0x49b
 511 0161 6B010000 		.4byte	0x16b
 512 0165 09       		.uleb128 0x9
 513 0166 01       		.uleb128 0x1
 514 0167 50       		.byte	0x50
 515 0168 01       		.uleb128 0x1
 516 0169 30       		.byte	0x30
 517 016a 00       		.byte	0
 518 016b 07       		.uleb128 0x7
 519 016c 48000000 		.4byte	.LVL8
 520 0170 A6040000 		.4byte	0x4a6
 521 0174 08       		.uleb128 0x8
 522 0175 4E000000 		.4byte	.LVL9
 523 0179 B1040000 		.4byte	0x4b1
 524 017d 87010000 		.4byte	0x187
 525 0181 09       		.uleb128 0x9
 526 0182 01       		.uleb128 0x1
 527 0183 50       		.byte	0x50
 528 0184 01       		.uleb128 0x1
 529 0185 30       		.byte	0x30
 530 0186 00       		.byte	0
ARM GAS  C:\Users\Lukef\AppData\Local\Temp\cceWoQK6.s 			page 13


 531 0187 07       		.uleb128 0x7
 532 0188 52000000 		.4byte	.LVL10
 533 018c BC040000 		.4byte	0x4bc
 534 0190 08       		.uleb128 0x8
 535 0191 68000000 		.4byte	.LVL12
 536 0195 C7040000 		.4byte	0x4c7
 537 0199 A4010000 		.4byte	0x1a4
 538 019d 09       		.uleb128 0x9
 539 019e 01       		.uleb128 0x1
 540 019f 50       		.byte	0x50
 541 01a0 02       		.uleb128 0x2
 542 01a1 75       		.byte	0x75
 543 01a2 00       		.sleb128 0
 544 01a3 00       		.byte	0
 545 01a4 08       		.uleb128 0x8
 546 01a5 84000000 		.4byte	.LVL15
 547 01a9 9B040000 		.4byte	0x49b
 548 01ad B7010000 		.4byte	0x1b7
 549 01b1 09       		.uleb128 0x9
 550 01b2 01       		.uleb128 0x1
 551 01b3 50       		.byte	0x50
 552 01b4 01       		.uleb128 0x1
 553 01b5 31       		.byte	0x31
 554 01b6 00       		.byte	0
 555 01b7 07       		.uleb128 0x7
 556 01b8 88000000 		.4byte	.LVL16
 557 01bc A6040000 		.4byte	0x4a6
 558 01c0 08       		.uleb128 0x8
 559 01c1 8E000000 		.4byte	.LVL17
 560 01c5 B1040000 		.4byte	0x4b1
 561 01c9 D3010000 		.4byte	0x1d3
 562 01cd 09       		.uleb128 0x9
 563 01ce 01       		.uleb128 0x1
 564 01cf 50       		.byte	0x50
 565 01d0 01       		.uleb128 0x1
 566 01d1 30       		.byte	0x30
 567 01d2 00       		.byte	0
 568 01d3 07       		.uleb128 0x7
 569 01d4 92000000 		.4byte	.LVL18
 570 01d8 BC040000 		.4byte	0x4bc
 571 01dc 07       		.uleb128 0x7
 572 01dd 9C000000 		.4byte	.LVL19
 573 01e1 C7040000 		.4byte	0x4c7
 574 01e5 08       		.uleb128 0x8
 575 01e6 BE000000 		.4byte	.LVL22
 576 01ea D2040000 		.4byte	0x4d2
 577 01ee F9010000 		.4byte	0x1f9
 578 01f2 09       		.uleb128 0x9
 579 01f3 01       		.uleb128 0x1
 580 01f4 51       		.byte	0x51
 581 01f5 02       		.uleb128 0x2
 582 01f6 76       		.byte	0x76
 583 01f7 00       		.sleb128 0
 584 01f8 00       		.byte	0
 585 01f9 08       		.uleb128 0x8
 586 01fa D2000000 		.4byte	.LVL24
 587 01fe DD040000 		.4byte	0x4dd
ARM GAS  C:\Users\Lukef\AppData\Local\Temp\cceWoQK6.s 			page 14


 588 0202 0D020000 		.4byte	0x20d
 589 0206 09       		.uleb128 0x9
 590 0207 01       		.uleb128 0x1
 591 0208 50       		.byte	0x50
 592 0209 02       		.uleb128 0x2
 593 020a 75       		.byte	0x75
 594 020b 00       		.sleb128 0
 595 020c 00       		.byte	0
 596 020d 07       		.uleb128 0x7
 597 020e 04010000 		.4byte	.LVL25
 598 0212 E8040000 		.4byte	0x4e8
 599 0216 08       		.uleb128 0x8
 600 0217 0C010000 		.4byte	.LVL26
 601 021b 7A040000 		.4byte	0x47a
 602 021f 30020000 		.4byte	0x230
 603 0223 09       		.uleb128 0x9
 604 0224 01       		.uleb128 0x1
 605 0225 50       		.byte	0x50
 606 0226 02       		.uleb128 0x2
 607 0227 74       		.byte	0x74
 608 0228 00       		.sleb128 0
 609 0229 09       		.uleb128 0x9
 610 022a 01       		.uleb128 0x1
 611 022b 51       		.byte	0x51
 612 022c 02       		.uleb128 0x2
 613 022d 74       		.byte	0x74
 614 022e 00       		.sleb128 0
 615 022f 00       		.byte	0
 616 0230 08       		.uleb128 0x8
 617 0231 12010000 		.4byte	.LVL27
 618 0235 85040000 		.4byte	0x485
 619 0239 47020000 		.4byte	0x247
 620 023d 09       		.uleb128 0x9
 621 023e 01       		.uleb128 0x1
 622 023f 50       		.byte	0x50
 623 0240 05       		.uleb128 0x5
 624 0241 03       		.byte	0x3
 625 0242 10000000 		.4byte	.LC1
 626 0246 00       		.byte	0
 627 0247 08       		.uleb128 0x8
 628 0248 1A010000 		.4byte	.LVL28
 629 024c 7A040000 		.4byte	0x47a
 630 0250 61020000 		.4byte	0x261
 631 0254 09       		.uleb128 0x9
 632 0255 01       		.uleb128 0x1
 633 0256 50       		.byte	0x50
 634 0257 02       		.uleb128 0x2
 635 0258 74       		.byte	0x74
 636 0259 00       		.sleb128 0
 637 025a 09       		.uleb128 0x9
 638 025b 01       		.uleb128 0x1
 639 025c 51       		.byte	0x51
 640 025d 02       		.uleb128 0x2
 641 025e 74       		.byte	0x74
 642 025f 00       		.sleb128 0
 643 0260 00       		.byte	0
 644 0261 07       		.uleb128 0x7
ARM GAS  C:\Users\Lukef\AppData\Local\Temp\cceWoQK6.s 			page 15


 645 0262 22010000 		.4byte	.LVL29
 646 0266 F3040000 		.4byte	0x4f3
 647 026a 08       		.uleb128 0x8
 648 026b 2A010000 		.4byte	.LVL30
 649 026f 7A040000 		.4byte	0x47a
 650 0273 83020000 		.4byte	0x283
 651 0277 09       		.uleb128 0x9
 652 0278 01       		.uleb128 0x1
 653 0279 50       		.byte	0x50
 654 027a 01       		.uleb128 0x1
 655 027b 31       		.byte	0x31
 656 027c 09       		.uleb128 0x9
 657 027d 01       		.uleb128 0x1
 658 027e 51       		.byte	0x51
 659 027f 02       		.uleb128 0x2
 660 0280 74       		.byte	0x74
 661 0281 00       		.sleb128 0
 662 0282 00       		.byte	0
 663 0283 08       		.uleb128 0x8
 664 0284 30010000 		.4byte	.LVL31
 665 0288 85040000 		.4byte	0x485
 666 028c 9A020000 		.4byte	0x29a
 667 0290 09       		.uleb128 0x9
 668 0291 01       		.uleb128 0x1
 669 0292 50       		.byte	0x50
 670 0293 05       		.uleb128 0x5
 671 0294 03       		.byte	0x3
 672 0295 24000000 		.4byte	.LC2
 673 0299 00       		.byte	0
 674 029a 08       		.uleb128 0x8
 675 029b 38010000 		.4byte	.LVL32
 676 029f 7A040000 		.4byte	0x47a
 677 02a3 B3020000 		.4byte	0x2b3
 678 02a7 09       		.uleb128 0x9
 679 02a8 01       		.uleb128 0x1
 680 02a9 50       		.byte	0x50
 681 02aa 01       		.uleb128 0x1
 682 02ab 31       		.byte	0x31
 683 02ac 09       		.uleb128 0x9
 684 02ad 01       		.uleb128 0x1
 685 02ae 51       		.byte	0x51
 686 02af 02       		.uleb128 0x2
 687 02b0 74       		.byte	0x74
 688 02b1 00       		.sleb128 0
 689 02b2 00       		.byte	0
 690 02b3 07       		.uleb128 0x7
 691 02b4 50010000 		.4byte	.LVL33
 692 02b8 F3040000 		.4byte	0x4f3
 693 02bc 08       		.uleb128 0x8
 694 02bd 58010000 		.4byte	.LVL34
 695 02c1 7A040000 		.4byte	0x47a
 696 02c5 D4020000 		.4byte	0x2d4
 697 02c9 09       		.uleb128 0x9
 698 02ca 01       		.uleb128 0x1
 699 02cb 50       		.byte	0x50
 700 02cc 01       		.uleb128 0x1
 701 02cd 31       		.byte	0x31
ARM GAS  C:\Users\Lukef\AppData\Local\Temp\cceWoQK6.s 			page 16


 702 02ce 09       		.uleb128 0x9
 703 02cf 01       		.uleb128 0x1
 704 02d0 51       		.byte	0x51
 705 02d1 01       		.uleb128 0x1
 706 02d2 32       		.byte	0x32
 707 02d3 00       		.byte	0
 708 02d4 08       		.uleb128 0x8
 709 02d5 5E010000 		.4byte	.LVL35
 710 02d9 85040000 		.4byte	0x485
 711 02dd EB020000 		.4byte	0x2eb
 712 02e1 09       		.uleb128 0x9
 713 02e2 01       		.uleb128 0x1
 714 02e3 50       		.byte	0x50
 715 02e4 05       		.uleb128 0x5
 716 02e5 03       		.byte	0x3
 717 02e6 38000000 		.4byte	.LC3
 718 02ea 00       		.byte	0
 719 02eb 07       		.uleb128 0x7
 720 02ec 78010000 		.4byte	.LVL36
 721 02f0 F3040000 		.4byte	0x4f3
 722 02f4 0A       		.uleb128 0xa
 723 02f5 7E010000 		.4byte	.LVL37
 724 02f9 FE040000 		.4byte	0x4fe
 725 02fd 09       		.uleb128 0x9
 726 02fe 01       		.uleb128 0x1
 727 02ff 50       		.byte	0x50
 728 0300 02       		.uleb128 0x2
 729 0301 74       		.byte	0x74
 730 0302 00       		.sleb128 0
 731 0303 00       		.byte	0
 732 0304 00       		.byte	0
 733 0305 0B       		.uleb128 0xb
 734 0306 35020000 		.4byte	.LASF19
 735 030a 05       		.byte	0x5
 736 030b 1207     		.2byte	0x712
 737 030d 11030000 		.4byte	0x311
 738 0311 0C       		.uleb128 0xc
 739 0312 76000000 		.4byte	0x76
 740 0316 0D       		.uleb128 0xd
 741 0317 00000000 		.4byte	.LASF20
 742 031b 01       		.byte	0x1
 743 031c 0E       		.byte	0xe
 744 031d 8D000000 		.4byte	0x8d
 745 0321 05       		.uleb128 0x5
 746 0322 03       		.byte	0x3
 747 0323 00000000 		.4byte	loop_counter
 748 0327 0D       		.uleb128 0xd
 749 0328 9E020000 		.4byte	.LASF21
 750 032c 01       		.byte	0x1
 751 032d 0E       		.byte	0xe
 752 032e 8D000000 		.4byte	0x8d
 753 0332 05       		.uleb128 0x5
 754 0333 03       		.byte	0x3
 755 0334 00000000 		.4byte	LCD_write_counter
 756 0338 0D       		.uleb128 0xd
 757 0339 71030000 		.4byte	.LASF22
 758 033d 01       		.byte	0x1
ARM GAS  C:\Users\Lukef\AppData\Local\Temp\cceWoQK6.s 			page 17


 759 033e 0E       		.byte	0xe
 760 033f 8D000000 		.4byte	0x8d
 761 0343 05       		.uleb128 0x5
 762 0344 03       		.byte	0x3
 763 0345 00000000 		.4byte	thermistor_R
 764 0349 0D       		.uleb128 0xd
 765 034a 52020000 		.4byte	.LASF23
 766 034e 01       		.byte	0x1
 767 034f 0F       		.byte	0xf
 768 0350 81000000 		.4byte	0x81
 769 0354 05       		.uleb128 0x5
 770 0355 03       		.byte	0x3
 771 0356 00000000 		.4byte	R_1_result
 772 035a 0D       		.uleb128 0xd
 773 035b C3000000 		.4byte	.LASF24
 774 035f 01       		.byte	0x1
 775 0360 0F       		.byte	0xf
 776 0361 81000000 		.4byte	0x81
 777 0365 05       		.uleb128 0x5
 778 0366 03       		.byte	0x3
 779 0367 00000000 		.4byte	thermistor_result
 780 036b 0D       		.uleb128 0xd
 781 036c 50000000 		.4byte	.LASF25
 782 0370 01       		.byte	0x1
 783 0371 10       		.byte	0x10
 784 0372 99000000 		.4byte	0x99
 785 0376 05       		.uleb128 0x5
 786 0377 03       		.byte	0x3
 787 0378 00000000 		.4byte	thermistor_mv
 788 037c 0D       		.uleb128 0xd
 789 037d 7E020000 		.4byte	.LASF26
 790 0381 01       		.byte	0x1
 791 0382 10       		.byte	0x10
 792 0383 99000000 		.4byte	0x99
 793 0387 05       		.uleb128 0x5
 794 0388 03       		.byte	0x3
 795 0389 00000000 		.4byte	R_1_mv
 796 038d 0D       		.uleb128 0xd
 797 038e E1000000 		.4byte	.LASF27
 798 0392 01       		.byte	0x1
 799 0393 10       		.byte	0x10
 800 0394 99000000 		.4byte	0x99
 801 0398 05       		.uleb128 0x5
 802 0399 03       		.byte	0x3
 803 039a 00000000 		.4byte	temperature
 804 039e 0D       		.uleb128 0xd
 805 039f 28000000 		.4byte	.LASF28
 806 03a3 01       		.byte	0x1
 807 03a4 10       		.byte	0x10
 808 03a5 99000000 		.4byte	0x99
 809 03a9 05       		.uleb128 0x5
 810 03aa 03       		.byte	0x3
 811 03ab 00000000 		.4byte	temperature_F
 812 03af 0D       		.uleb128 0xd
 813 03b0 85020000 		.4byte	.LASF29
 814 03b4 01       		.byte	0x1
 815 03b5 11       		.byte	0x11
ARM GAS  C:\Users\Lukef\AppData\Local\Temp\cceWoQK6.s 			page 18


 816 03b6 A5000000 		.4byte	0xa5
 817 03ba 05       		.uleb128 0x5
 818 03bb 03       		.byte	0x3
 819 03bc 00000000 		.4byte	R_1_result_f
 820 03c0 0D       		.uleb128 0xd
 821 03c1 B3000000 		.4byte	.LASF30
 822 03c5 01       		.byte	0x1
 823 03c6 11       		.byte	0x11
 824 03c7 A5000000 		.4byte	0xa5
 825 03cb 05       		.uleb128 0x5
 826 03cc 03       		.byte	0x3
 827 03cd 00000000 		.4byte	R_1_mv_f
 828 03d1 0D       		.uleb128 0xd
 829 03d2 5E000000 		.4byte	.LASF31
 830 03d6 01       		.byte	0x1
 831 03d7 11       		.byte	0x11
 832 03d8 A5000000 		.4byte	0xa5
 833 03dc 05       		.uleb128 0x5
 834 03dd 03       		.byte	0x3
 835 03de 00000000 		.4byte	thermistor_mv_f
 836 03e2 0D       		.uleb128 0xd
 837 03e3 88030000 		.4byte	.LASF32
 838 03e7 01       		.byte	0x1
 839 03e8 11       		.byte	0x11
 840 03e9 A5000000 		.4byte	0xa5
 841 03ed 05       		.uleb128 0x5
 842 03ee 03       		.byte	0x3
 843 03ef 00000000 		.4byte	ratio_f
 844 03f3 0D       		.uleb128 0xd
 845 03f4 3C000000 		.4byte	.LASF33
 846 03f8 01       		.byte	0x1
 847 03f9 11       		.byte	0x11
 848 03fa A5000000 		.4byte	0xa5
 849 03fe 05       		.uleb128 0x5
 850 03ff 03       		.byte	0x3
 851 0400 00000000 		.4byte	voltage_f
 852 0404 0D       		.uleb128 0xd
 853 0405 0D000000 		.4byte	.LASF34
 854 0409 01       		.byte	0x1
 855 040a 12       		.byte	0x12
 856 040b A5000000 		.4byte	0xa5
 857 040f 05       		.uleb128 0x5
 858 0410 03       		.byte	0x3
 859 0411 00000000 		.4byte	thermistor_RA_f
 860 0415 0D       		.uleb128 0xd
 861 0416 AD030000 		.4byte	.LASF35
 862 041a 01       		.byte	0x1
 863 041b 12       		.byte	0x12
 864 041c A5000000 		.4byte	0xa5
 865 0420 05       		.uleb128 0x5
 866 0421 03       		.byte	0x3
 867 0422 00000000 		.4byte	thermistor_RB_f
 868 0426 0D       		.uleb128 0xd
 869 0427 71020000 		.4byte	.LASF36
 870 042b 01       		.byte	0x1
 871 042c 13       		.byte	0x13
 872 042d A5000000 		.4byte	0xa5
ARM GAS  C:\Users\Lukef\AppData\Local\Temp\cceWoQK6.s 			page 19


 873 0431 05       		.uleb128 0x5
 874 0432 03       		.byte	0x3
 875 0433 00000000 		.4byte	current_mA_f
 876 0437 0D       		.uleb128 0xd
 877 0438 42020000 		.4byte	.LASF37
 878 043c 01       		.byte	0x1
 879 043d 13       		.byte	0x13
 880 043e A5000000 		.4byte	0xa5
 881 0442 05       		.uleb128 0x5
 882 0443 03       		.byte	0x3
 883 0444 00000000 		.4byte	temperature_K_f
 884 0448 0D       		.uleb128 0xd
 885 0449 36030000 		.4byte	.LASF38
 886 044d 01       		.byte	0x1
 887 044e 13       		.byte	0x13
 888 044f A5000000 		.4byte	0xa5
 889 0453 05       		.uleb128 0x5
 890 0454 03       		.byte	0x3
 891 0455 00000000 		.4byte	temperature_C_f
 892 0459 0E       		.uleb128 0xe
 893 045a B0020000 		.4byte	.LASF39
 894 045e B0020000 		.4byte	.LASF39
 895 0462 06       		.byte	0x6
 896 0463 3A       		.byte	0x3a
 897 0464 0E       		.uleb128 0xe
 898 0465 64020000 		.4byte	.LASF40
 899 0469 64020000 		.4byte	.LASF40
 900 046d 07       		.byte	0x7
 901 046e 25       		.byte	0x25
 902 046f 0E       		.uleb128 0xe
 903 0470 ED000000 		.4byte	.LASF41
 904 0474 ED000000 		.4byte	.LASF41
 905 0478 08       		.byte	0x8
 906 0479 38       		.byte	0x38
 907 047a 0E       		.uleb128 0xe
 908 047b 16030000 		.4byte	.LASF42
 909 047f 16030000 		.4byte	.LASF42
 910 0483 08       		.byte	0x8
 911 0484 3D       		.byte	0x3d
 912 0485 0E       		.uleb128 0xe
 913 0486 F7000000 		.4byte	.LASF43
 914 048a F7000000 		.4byte	.LASF43
 915 048e 08       		.byte	0x8
 916 048f 3C       		.byte	0x3c
 917 0490 0E       		.uleb128 0xe
 918 0491 F8030000 		.4byte	.LASF44
 919 0495 F8030000 		.4byte	.LASF44
 920 0499 09       		.byte	0x9
 921 049a 76       		.byte	0x76
 922 049b 0E       		.uleb128 0xe
 923 049c D0020000 		.4byte	.LASF45
 924 04a0 D0020000 		.4byte	.LASF45
 925 04a4 07       		.byte	0x7
 926 04a5 27       		.byte	0x27
 927 04a6 0E       		.uleb128 0xe
 928 04a7 C6030000 		.4byte	.LASF46
 929 04ab C6030000 		.4byte	.LASF46
ARM GAS  C:\Users\Lukef\AppData\Local\Temp\cceWoQK6.s 			page 20


 930 04af 06       		.byte	0x6
 931 04b0 3D       		.byte	0x3d
 932 04b1 0E       		.uleb128 0xe
 933 04b2 90030000 		.4byte	.LASF47
 934 04b6 90030000 		.4byte	.LASF47
 935 04ba 06       		.byte	0x6
 936 04bb 3F       		.byte	0x3f
 937 04bc 0E       		.uleb128 0xe
 938 04bd 1C020000 		.4byte	.LASF48
 939 04c1 1C020000 		.4byte	.LASF48
 940 04c5 06       		.byte	0x6
 941 04c6 41       		.byte	0x41
 942 04c7 0E       		.uleb128 0xe
 943 04c8 E2020000 		.4byte	.LASF49
 944 04cc E2020000 		.4byte	.LASF49
 945 04d0 06       		.byte	0x6
 946 04d1 47       		.byte	0x47
 947 04d2 0E       		.uleb128 0xe
 948 04d3 6E000000 		.4byte	.LASF50
 949 04d7 6E000000 		.4byte	.LASF50
 950 04db 0A       		.byte	0xa
 951 04dc 30       		.byte	0x30
 952 04dd 0E       		.uleb128 0xe
 953 04de 90000000 		.4byte	.LASF51
 954 04e2 90000000 		.4byte	.LASF51
 955 04e6 0A       		.byte	0xa
 956 04e7 32       		.byte	0x32
 957 04e8 0E       		.uleb128 0xe
 958 04e9 D5000000 		.4byte	.LASF52
 959 04ed D5000000 		.4byte	.LASF52
 960 04f1 08       		.byte	0x8
 961 04f2 3F       		.byte	0x3f
 962 04f3 0E       		.uleb128 0xe
 963 04f4 23030000 		.4byte	.LASF53
 964 04f8 23030000 		.4byte	.LASF53
 965 04fc 08       		.byte	0x8
 966 04fd 61       		.byte	0x61
 967 04fe 0E       		.uleb128 0xe
 968 04ff 1D000000 		.4byte	.LASF54
 969 0503 1D000000 		.4byte	.LASF54
 970 0507 0B       		.byte	0xb
 971 0508 26       		.byte	0x26
 972 0509 00       		.byte	0
 973              		.section	.debug_abbrev,"",%progbits
 974              	.Ldebug_abbrev0:
 975 0000 01       		.uleb128 0x1
 976 0001 11       		.uleb128 0x11
 977 0002 01       		.byte	0x1
 978 0003 25       		.uleb128 0x25
 979 0004 0E       		.uleb128 0xe
 980 0005 13       		.uleb128 0x13
 981 0006 0B       		.uleb128 0xb
 982 0007 03       		.uleb128 0x3
 983 0008 0E       		.uleb128 0xe
 984 0009 1B       		.uleb128 0x1b
 985 000a 0E       		.uleb128 0xe
 986 000b 55       		.uleb128 0x55
ARM GAS  C:\Users\Lukef\AppData\Local\Temp\cceWoQK6.s 			page 21


 987 000c 17       		.uleb128 0x17
 988 000d 11       		.uleb128 0x11
 989 000e 01       		.uleb128 0x1
 990 000f 10       		.uleb128 0x10
 991 0010 17       		.uleb128 0x17
 992 0011 00       		.byte	0
 993 0012 00       		.byte	0
 994 0013 02       		.uleb128 0x2
 995 0014 24       		.uleb128 0x24
 996 0015 00       		.byte	0
 997 0016 0B       		.uleb128 0xb
 998 0017 0B       		.uleb128 0xb
 999 0018 3E       		.uleb128 0x3e
 1000 0019 0B       		.uleb128 0xb
 1001 001a 03       		.uleb128 0x3
 1002 001b 0E       		.uleb128 0xe
 1003 001c 00       		.byte	0
 1004 001d 00       		.byte	0
 1005 001e 03       		.uleb128 0x3
 1006 001f 16       		.uleb128 0x16
 1007 0020 00       		.byte	0
 1008 0021 03       		.uleb128 0x3
 1009 0022 0E       		.uleb128 0xe
 1010 0023 3A       		.uleb128 0x3a
 1011 0024 0B       		.uleb128 0xb
 1012 0025 3B       		.uleb128 0x3b
 1013 0026 0B       		.uleb128 0xb
 1014 0027 49       		.uleb128 0x49
 1015 0028 13       		.uleb128 0x13
 1016 0029 00       		.byte	0
 1017 002a 00       		.byte	0
 1018 002b 04       		.uleb128 0x4
 1019 002c 24       		.uleb128 0x24
 1020 002d 00       		.byte	0
 1021 002e 0B       		.uleb128 0xb
 1022 002f 0B       		.uleb128 0xb
 1023 0030 3E       		.uleb128 0x3e
 1024 0031 0B       		.uleb128 0xb
 1025 0032 03       		.uleb128 0x3
 1026 0033 08       		.uleb128 0x8
 1027 0034 00       		.byte	0
 1028 0035 00       		.byte	0
 1029 0036 05       		.uleb128 0x5
 1030 0037 16       		.uleb128 0x16
 1031 0038 00       		.byte	0
 1032 0039 03       		.uleb128 0x3
 1033 003a 0E       		.uleb128 0xe
 1034 003b 3A       		.uleb128 0x3a
 1035 003c 0B       		.uleb128 0xb
 1036 003d 3B       		.uleb128 0x3b
 1037 003e 05       		.uleb128 0x5
 1038 003f 49       		.uleb128 0x49
 1039 0040 13       		.uleb128 0x13
 1040 0041 00       		.byte	0
 1041 0042 00       		.byte	0
 1042 0043 06       		.uleb128 0x6
 1043 0044 2E       		.uleb128 0x2e
ARM GAS  C:\Users\Lukef\AppData\Local\Temp\cceWoQK6.s 			page 22


 1044 0045 01       		.byte	0x1
 1045 0046 3F       		.uleb128 0x3f
 1046 0047 19       		.uleb128 0x19
 1047 0048 03       		.uleb128 0x3
 1048 0049 0E       		.uleb128 0xe
 1049 004a 3A       		.uleb128 0x3a
 1050 004b 0B       		.uleb128 0xb
 1051 004c 3B       		.uleb128 0x3b
 1052 004d 0B       		.uleb128 0xb
 1053 004e 27       		.uleb128 0x27
 1054 004f 19       		.uleb128 0x19
 1055 0050 49       		.uleb128 0x49
 1056 0051 13       		.uleb128 0x13
 1057 0052 8701     		.uleb128 0x87
 1058 0054 19       		.uleb128 0x19
 1059 0055 11       		.uleb128 0x11
 1060 0056 01       		.uleb128 0x1
 1061 0057 12       		.uleb128 0x12
 1062 0058 06       		.uleb128 0x6
 1063 0059 40       		.uleb128 0x40
 1064 005a 18       		.uleb128 0x18
 1065 005b 9642     		.uleb128 0x2116
 1066 005d 19       		.uleb128 0x19
 1067 005e 01       		.uleb128 0x1
 1068 005f 13       		.uleb128 0x13
 1069 0060 00       		.byte	0
 1070 0061 00       		.byte	0
 1071 0062 07       		.uleb128 0x7
 1072 0063 898201   		.uleb128 0x4109
 1073 0066 00       		.byte	0
 1074 0067 11       		.uleb128 0x11
 1075 0068 01       		.uleb128 0x1
 1076 0069 31       		.uleb128 0x31
 1077 006a 13       		.uleb128 0x13
 1078 006b 00       		.byte	0
 1079 006c 00       		.byte	0
 1080 006d 08       		.uleb128 0x8
 1081 006e 898201   		.uleb128 0x4109
 1082 0071 01       		.byte	0x1
 1083 0072 11       		.uleb128 0x11
 1084 0073 01       		.uleb128 0x1
 1085 0074 31       		.uleb128 0x31
 1086 0075 13       		.uleb128 0x13
 1087 0076 01       		.uleb128 0x1
 1088 0077 13       		.uleb128 0x13
 1089 0078 00       		.byte	0
 1090 0079 00       		.byte	0
 1091 007a 09       		.uleb128 0x9
 1092 007b 8A8201   		.uleb128 0x410a
 1093 007e 00       		.byte	0
 1094 007f 02       		.uleb128 0x2
 1095 0080 18       		.uleb128 0x18
 1096 0081 9142     		.uleb128 0x2111
 1097 0083 18       		.uleb128 0x18
 1098 0084 00       		.byte	0
 1099 0085 00       		.byte	0
 1100 0086 0A       		.uleb128 0xa
ARM GAS  C:\Users\Lukef\AppData\Local\Temp\cceWoQK6.s 			page 23


 1101 0087 898201   		.uleb128 0x4109
 1102 008a 01       		.byte	0x1
 1103 008b 11       		.uleb128 0x11
 1104 008c 01       		.uleb128 0x1
 1105 008d 31       		.uleb128 0x31
 1106 008e 13       		.uleb128 0x13
 1107 008f 00       		.byte	0
 1108 0090 00       		.byte	0
 1109 0091 0B       		.uleb128 0xb
 1110 0092 34       		.uleb128 0x34
 1111 0093 00       		.byte	0
 1112 0094 03       		.uleb128 0x3
 1113 0095 0E       		.uleb128 0xe
 1114 0096 3A       		.uleb128 0x3a
 1115 0097 0B       		.uleb128 0xb
 1116 0098 3B       		.uleb128 0x3b
 1117 0099 05       		.uleb128 0x5
 1118 009a 49       		.uleb128 0x49
 1119 009b 13       		.uleb128 0x13
 1120 009c 3F       		.uleb128 0x3f
 1121 009d 19       		.uleb128 0x19
 1122 009e 3C       		.uleb128 0x3c
 1123 009f 19       		.uleb128 0x19
 1124 00a0 00       		.byte	0
 1125 00a1 00       		.byte	0
 1126 00a2 0C       		.uleb128 0xc
 1127 00a3 35       		.uleb128 0x35
 1128 00a4 00       		.byte	0
 1129 00a5 49       		.uleb128 0x49
 1130 00a6 13       		.uleb128 0x13
 1131 00a7 00       		.byte	0
 1132 00a8 00       		.byte	0
 1133 00a9 0D       		.uleb128 0xd
 1134 00aa 34       		.uleb128 0x34
 1135 00ab 00       		.byte	0
 1136 00ac 03       		.uleb128 0x3
 1137 00ad 0E       		.uleb128 0xe
 1138 00ae 3A       		.uleb128 0x3a
 1139 00af 0B       		.uleb128 0xb
 1140 00b0 3B       		.uleb128 0x3b
 1141 00b1 0B       		.uleb128 0xb
 1142 00b2 49       		.uleb128 0x49
 1143 00b3 13       		.uleb128 0x13
 1144 00b4 3F       		.uleb128 0x3f
 1145 00b5 19       		.uleb128 0x19
 1146 00b6 02       		.uleb128 0x2
 1147 00b7 18       		.uleb128 0x18
 1148 00b8 00       		.byte	0
 1149 00b9 00       		.byte	0
 1150 00ba 0E       		.uleb128 0xe
 1151 00bb 2E       		.uleb128 0x2e
 1152 00bc 00       		.byte	0
 1153 00bd 3F       		.uleb128 0x3f
 1154 00be 19       		.uleb128 0x19
 1155 00bf 3C       		.uleb128 0x3c
 1156 00c0 19       		.uleb128 0x19
 1157 00c1 6E       		.uleb128 0x6e
ARM GAS  C:\Users\Lukef\AppData\Local\Temp\cceWoQK6.s 			page 24


 1158 00c2 0E       		.uleb128 0xe
 1159 00c3 03       		.uleb128 0x3
 1160 00c4 0E       		.uleb128 0xe
 1161 00c5 3A       		.uleb128 0x3a
 1162 00c6 0B       		.uleb128 0xb
 1163 00c7 3B       		.uleb128 0x3b
 1164 00c8 0B       		.uleb128 0xb
 1165 00c9 00       		.byte	0
 1166 00ca 00       		.byte	0
 1167 00cb 00       		.byte	0
 1168              		.section	.debug_aranges,"",%progbits
 1169 0000 1C000000 		.4byte	0x1c
 1170 0004 0200     		.2byte	0x2
 1171 0006 00000000 		.4byte	.Ldebug_info0
 1172 000a 04       		.byte	0x4
 1173 000b 00       		.byte	0
 1174 000c 0000     		.2byte	0
 1175 000e 0000     		.2byte	0
 1176 0010 00000000 		.4byte	.LFB63
 1177 0014 D8010000 		.4byte	.LFE63-.LFB63
 1178 0018 00000000 		.4byte	0
 1179 001c 00000000 		.4byte	0
 1180              		.section	.debug_ranges,"",%progbits
 1181              	.Ldebug_ranges0:
 1182 0000 00000000 		.4byte	.LFB63
 1183 0004 D8010000 		.4byte	.LFE63
 1184 0008 00000000 		.4byte	0
 1185 000c 00000000 		.4byte	0
 1186              		.section	.debug_line,"",%progbits
 1187              	.Ldebug_line0:
 1188 0000 E4010000 		.section	.debug_str,"MS",%progbits,1
 1188      0200A101 
 1188      00000201 
 1188      FB0E0D00 
 1188      01010101 
 1189              	.LASF20:
 1190 0000 6C6F6F70 		.ascii	"loop_counter\000"
 1190      5F636F75 
 1190      6E746572 
 1190      00
 1191              	.LASF34:
 1192 000d 74686572 		.ascii	"thermistor_RA_f\000"
 1192      6D697374 
 1192      6F725F52 
 1192      415F6600 
 1193              	.LASF54:
 1194 001d 50335F36 		.ascii	"P3_6_Write\000"
 1194      5F577269 
 1194      746500
 1195              	.LASF28:
 1196 0028 74656D70 		.ascii	"temperature_F\000"
 1196      65726174 
 1196      7572655F 
 1196      4600
 1197              	.LASF14:
 1198 0036 666C6F61 		.ascii	"float\000"
 1198      7400
ARM GAS  C:\Users\Lukef\AppData\Local\Temp\cceWoQK6.s 			page 25


 1199              	.LASF33:
 1200 003c 766F6C74 		.ascii	"voltage_f\000"
 1200      6167655F 
 1200      6600
 1201              	.LASF9:
 1202 0046 5F5F696E 		.ascii	"__int32_t\000"
 1202      7433325F 
 1202      7400
 1203              	.LASF25:
 1204 0050 74686572 		.ascii	"thermistor_mv\000"
 1204      6D697374 
 1204      6F725F6D 
 1204      7600
 1205              	.LASF31:
 1206 005e 74686572 		.ascii	"thermistor_mv_f\000"
 1206      6D697374 
 1206      6F725F6D 
 1206      765F6600 
 1207              	.LASF50:
 1208 006e 416D6574 		.ascii	"Ametherm_1DC103K_EC_GetResistance\000"
 1208      6865726D 
 1208      5F314443 
 1208      3130334B 
 1208      5F45435F 
 1209              	.LASF51:
 1210 0090 416D6574 		.ascii	"Ametherm_1DC103K_EC_GetTemperature\000"
 1210      6865726D 
 1210      5F314443 
 1210      3130334B 
 1210      5F45435F 
 1211              	.LASF30:
 1212 00b3 525F315F 		.ascii	"R_1_mv_f\000"
 1212      6D765F66 
 1212      00
 1213              	.LASF15:
 1214 00bc 646F7562 		.ascii	"double\000"
 1214      6C6500
 1215              	.LASF24:
 1216 00c3 74686572 		.ascii	"thermistor_result\000"
 1216      6D697374 
 1216      6F725F72 
 1216      6573756C 
 1216      7400
 1217              	.LASF52:
 1218 00d5 4C43445F 		.ascii	"LCD_IsReady\000"
 1218      49735265 
 1218      61647900 
 1219              	.LASF27:
 1220 00e1 74656D70 		.ascii	"temperature\000"
 1220      65726174 
 1220      75726500 
 1221              	.LASF41:
 1222 00ed 4C43445F 		.ascii	"LCD_Start\000"
 1222      53746172 
 1222      7400
 1223              	.LASF43:
 1224 00f7 4C43445F 		.ascii	"LCD_PrintString\000"
ARM GAS  C:\Users\Lukef\AppData\Local\Temp\cceWoQK6.s 			page 26


 1224      5072696E 
 1224      74537472 
 1224      696E6700 
 1225              	.LASF1:
 1226 0107 756E7369 		.ascii	"unsigned char\000"
 1226      676E6564 
 1226      20636861 
 1226      7200
 1227              	.LASF55:
 1228 0115 474E5520 		.ascii	"GNU C11 5.4.1 20160609 (release) [ARM/embedded-5-br"
 1228      43313120 
 1228      352E342E 
 1228      31203230 
 1228      31363036 
 1229 0148 616E6368 		.ascii	"anch revision 237715] -mcpu=cortex-m3 -mthumb -g -O"
 1229      20726576 
 1229      6973696F 
 1229      6E203233 
 1229      37373135 
 1230 017b 67202D66 		.ascii	"g -ffunction-sections -ffat-lto-objects\000"
 1230      66756E63 
 1230      74696F6E 
 1230      2D736563 
 1230      74696F6E 
 1231              	.LASF57:
 1232 01a3 433A5C55 		.ascii	"C:\\Users\\Lukef\\OneDrive\\Documents\\Thermistor-R"
 1232      73657273 
 1232      5C4C756B 
 1232      65665C4F 
 1232      6E654472 
 1233 01d1 65616469 		.ascii	"eading\\Thermistor_Reading.cydsn\000"
 1233      6E675C54 
 1233      6865726D 
 1233      6973746F 
 1233      725F5265 
 1234              	.LASF13:
 1235 01f1 696E7431 		.ascii	"int16\000"
 1235      3600
 1236              	.LASF5:
 1237 01f7 6C6F6E67 		.ascii	"long unsigned int\000"
 1237      20756E73 
 1237      69676E65 
 1237      6420696E 
 1237      7400
 1238              	.LASF3:
 1239 0209 73686F72 		.ascii	"short unsigned int\000"
 1239      7420756E 
 1239      7369676E 
 1239      65642069 
 1239      6E7400
 1240              	.LASF48:
 1241 021c 4144435F 		.ascii	"ADC_DelSig_1_GetResult16\000"
 1241      44656C53 
 1241      69675F31 
 1241      5F476574 
 1241      52657375 
 1242              	.LASF19:
ARM GAS  C:\Users\Lukef\AppData\Local\Temp\cceWoQK6.s 			page 27


 1243 0235 49544D5F 		.ascii	"ITM_RxBuffer\000"
 1243      52784275 
 1243      66666572 
 1243      00
 1244              	.LASF37:
 1245 0242 74656D70 		.ascii	"temperature_K_f\000"
 1245      65726174 
 1245      7572655F 
 1245      4B5F6600 
 1246              	.LASF23:
 1247 0252 525F315F 		.ascii	"R_1_result\000"
 1247      72657375 
 1247      6C7400
 1248              	.LASF11:
 1249 025d 75696E74 		.ascii	"uint16\000"
 1249      313600
 1250              	.LASF40:
 1251 0264 414D7578 		.ascii	"AMux_1_Start\000"
 1251      5F315F53 
 1251      74617274 
 1251      00
 1252              	.LASF36:
 1253 0271 63757272 		.ascii	"current_mA_f\000"
 1253      656E745F 
 1253      6D415F66 
 1253      00
 1254              	.LASF26:
 1255 027e 525F315F 		.ascii	"R_1_mv\000"
 1255      6D7600
 1256              	.LASF29:
 1257 0285 525F315F 		.ascii	"R_1_result_f\000"
 1257      72657375 
 1257      6C745F66 
 1257      00
 1258              	.LASF12:
 1259 0292 75696E74 		.ascii	"uint32\000"
 1259      333200
 1260              	.LASF58:
 1261 0299 6D61696E 		.ascii	"main\000"
 1261      00
 1262              	.LASF21:
 1263 029e 4C43445F 		.ascii	"LCD_write_counter\000"
 1263      77726974 
 1263      655F636F 
 1263      756E7465 
 1263      7200
 1264              	.LASF39:
 1265 02b0 4144435F 		.ascii	"ADC_DelSig_1_Start\000"
 1265      44656C53 
 1265      69675F31 
 1265      5F537461 
 1265      727400
 1266              	.LASF8:
 1267 02c3 756E7369 		.ascii	"unsigned int\000"
 1267      676E6564 
 1267      20696E74 
 1267      00
ARM GAS  C:\Users\Lukef\AppData\Local\Temp\cceWoQK6.s 			page 28


 1268              	.LASF45:
 1269 02d0 414D7578 		.ascii	"AMux_1_FastSelect\000"
 1269      5F315F46 
 1269      61737453 
 1269      656C6563 
 1269      7400
 1270              	.LASF49:
 1271 02e2 4144435F 		.ascii	"ADC_DelSig_1_CountsTo_mVolts\000"
 1271      44656C53 
 1271      69675F31 
 1271      5F436F75 
 1271      6E747354 
 1272              	.LASF7:
 1273 02ff 6C6F6E67 		.ascii	"long long unsigned int\000"
 1273      206C6F6E 
 1273      6720756E 
 1273      7369676E 
 1273      65642069 
 1274              	.LASF42:
 1275 0316 4C43445F 		.ascii	"LCD_Position\000"
 1275      506F7369 
 1275      74696F6E 
 1275      00
 1276              	.LASF53:
 1277 0323 4C43445F 		.ascii	"LCD_PrintU32Number\000"
 1277      5072696E 
 1277      74553332 
 1277      4E756D62 
 1277      657200
 1278              	.LASF38:
 1279 0336 74656D70 		.ascii	"temperature_C_f\000"
 1279      65726174 
 1279      7572655F 
 1279      435F6600 
 1280              	.LASF10:
 1281 0346 696E7433 		.ascii	"int32_t\000"
 1281      325F7400 
 1282              	.LASF18:
 1283 034e 73697A65 		.ascii	"sizetype\000"
 1283      74797065 
 1283      00
 1284              	.LASF6:
 1285 0357 6C6F6E67 		.ascii	"long long int\000"
 1285      206C6F6E 
 1285      6720696E 
 1285      7400
 1286              	.LASF56:
 1287 0365 6D61696E 		.ascii	"main.c\000"
 1287      2E6300
 1288              	.LASF16:
 1289 036c 63686172 		.ascii	"char\000"
 1289      00
 1290              	.LASF22:
 1291 0371 74686572 		.ascii	"thermistor_R\000"
 1291      6D697374 
 1291      6F725F52 
 1291      00
ARM GAS  C:\Users\Lukef\AppData\Local\Temp\cceWoQK6.s 			page 29


 1292              	.LASF2:
 1293 037e 73686F72 		.ascii	"short int\000"
 1293      7420696E 
 1293      7400
 1294              	.LASF32:
 1295 0388 72617469 		.ascii	"ratio_f\000"
 1295      6F5F6600 
 1296              	.LASF47:
 1297 0390 4144435F 		.ascii	"ADC_DelSig_1_IsEndConversion\000"
 1297      44656C53 
 1297      69675F31 
 1297      5F497345 
 1297      6E64436F 
 1298              	.LASF35:
 1299 03ad 74686572 		.ascii	"thermistor_RB_f\000"
 1299      6D697374 
 1299      6F725F52 
 1299      425F6600 
 1300              	.LASF4:
 1301 03bd 6C6F6E67 		.ascii	"long int\000"
 1301      20696E74 
 1301      00
 1302              	.LASF46:
 1303 03c6 4144435F 		.ascii	"ADC_DelSig_1_StartConvert\000"
 1303      44656C53 
 1303      69675F31 
 1303      5F537461 
 1303      7274436F 
 1304              	.LASF17:
 1305 03e0 6C6F6E67 		.ascii	"long double\000"
 1305      20646F75 
 1305      626C6500 
 1306              	.LASF0:
 1307 03ec 7369676E 		.ascii	"signed char\000"
 1307      65642063 
 1307      68617200 
 1308              	.LASF44:
 1309 03f8 43794465 		.ascii	"CyDelay\000"
 1309      6C617900 
 1310              		.ident	"GCC: (GNU Tools for ARM Embedded Processors) 5.4.1 20160609 (release) [ARM/embedded-5-bran
