Archive member included to satisfy reference by file (symbol)

.\CortexM3\ARM_GCC_541\Debug\Thermistor_Reading.a(ADC_DelSig_1.o)
                              .\CortexM3\ARM_GCC_541\Debug\main.o (ADC_DelSig_1_Start)
.\CortexM3\ARM_GCC_541\Debug\Thermistor_Reading.a(ADC_DelSig_1_INT.o)
                              .\CortexM3\ARM_GCC_541\Debug\Thermistor_Reading.a(ADC_DelSig_1.o) (ADC_DelSig_1_ISR1)
.\CortexM3\ARM_GCC_541\Debug\Thermistor_Reading.a(AMux_1.o)
                              .\CortexM3\ARM_GCC_541\Debug\main.o (AMux_1_Start)
.\CortexM3\ARM_GCC_541\Debug\Thermistor_Reading.a(Ametherm_1DC103K_EC.o)
                              .\CortexM3\ARM_GCC_541\Debug\main.o (Ametherm_1DC103K_EC_GetResistance)
.\CortexM3\ARM_GCC_541\Debug\Thermistor_Reading.a(LCD.o)
                              .\CortexM3\ARM_GCC_541\Debug\main.o (LCD_IsReady)
.\CortexM3\ARM_GCC_541\Debug\Thermistor_Reading.a(ADC_DelSig_1_Ext_CP_Clk.o)
                              .\CortexM3\ARM_GCC_541\Debug\Thermistor_Reading.a(ADC_DelSig_1.o) (ADC_DelSig_1_Ext_CP_Clk_SetModeRegister)
.\CortexM3\ARM_GCC_541\Debug\Thermistor_Reading.a(ADC_DelSig_1_theACLK.o)
                              .\CortexM3\ARM_GCC_541\Debug\Thermistor_Reading.a(ADC_DelSig_1.o) (ADC_DelSig_1_theACLK_SetModeRegister)
.\CortexM3\ARM_GCC_541\Debug\Thermistor_Reading.a(CyLib.o)
                              .\CortexM3\ARM_GCC_541\Debug\Cm3Start.o (CyHalt)
.\CortexM3\ARM_GCC_541\Debug\Thermistor_Reading.a(cyPm.o)
                              .\CortexM3\ARM_GCC_541\Debug\Thermistor_Reading.a(CyLib.o) (CyPmReadStatus)
.\CortexM3\ARM_GCC_541\Debug\Thermistor_Reading.a(P3_6.o)
                              .\CortexM3\ARM_GCC_541\Debug\main.o (P3_6_Write)
.\CortexM3\ARM_GCC_541\Debug\Thermistor_Reading.a(CyBootAsmGnu.o)
                              .\CortexM3\ARM_GCC_541\Debug\cyfitter_cfg.o (CyDelayCycles)
.\CortexM3\ARM_GCC_541\Debug\Thermistor_Reading.a(CyFlash.o)
                              .\CortexM3\ARM_GCC_541\Debug\Thermistor_Reading.a(cyPm.o) (CyFlash_SetWaitCycles)
.\CortexM3\ARM_GCC_541\Debug\Thermistor_Reading.a(CySpc.o)
                              .\CortexM3\ARM_GCC_541\Debug\Thermistor_Reading.a(CyFlash.o) (CySpcStart)
c:/program files (x86)/cypress/psoc creator/4.4/psoc creator/import/gnu/arm/5.4.1/bin/../lib/gcc/arm-none-eabi/5.4.1/../../../../arm-none-eabi/lib/armv7-m\libm.a(lib_a-w_log.o)
                              .\CortexM3\ARM_GCC_541\Debug\Thermistor_Reading.a(Ametherm_1DC103K_EC.o) (log)
c:/program files (x86)/cypress/psoc creator/4.4/psoc creator/import/gnu/arm/5.4.1/bin/../lib/gcc/arm-none-eabi/5.4.1/../../../../arm-none-eabi/lib/armv7-m\libm.a(lib_a-w_pow.o)
                              .\CortexM3\ARM_GCC_541\Debug\Thermistor_Reading.a(Ametherm_1DC103K_EC.o) (pow)
c:/program files (x86)/cypress/psoc creator/4.4/psoc creator/import/gnu/arm/5.4.1/bin/../lib/gcc/arm-none-eabi/5.4.1/../../../../arm-none-eabi/lib/armv7-m\libm.a(lib_a-e_log.o)
                              c:/program files (x86)/cypress/psoc creator/4.4/psoc creator/import/gnu/arm/5.4.1/bin/../lib/gcc/arm-none-eabi/5.4.1/../../../../arm-none-eabi/lib/armv7-m\libm.a(lib_a-w_log.o) (__ieee754_log)
c:/program files (x86)/cypress/psoc creator/4.4/psoc creator/import/gnu/arm/5.4.1/bin/../lib/gcc/arm-none-eabi/5.4.1/../../../../arm-none-eabi/lib/armv7-m\libm.a(lib_a-e_pow.o)
                              c:/program files (x86)/cypress/psoc creator/4.4/psoc creator/import/gnu/arm/5.4.1/bin/../lib/gcc/arm-none-eabi/5.4.1/../../../../arm-none-eabi/lib/armv7-m\libm.a(lib_a-w_pow.o) (__ieee754_pow)
c:/program files (x86)/cypress/psoc creator/4.4/psoc creator/import/gnu/arm/5.4.1/bin/../lib/gcc/arm-none-eabi/5.4.1/../../../../arm-none-eabi/lib/armv7-m\libm.a(lib_a-e_sqrt.o)
                              c:/program files (x86)/cypress/psoc creator/4.4/psoc creator/import/gnu/arm/5.4.1/bin/../lib/gcc/arm-none-eabi/5.4.1/../../../../arm-none-eabi/lib/armv7-m\libm.a(lib_a-e_pow.o) (__ieee754_sqrt)
c:/program files (x86)/cypress/psoc creator/4.4/psoc creator/import/gnu/arm/5.4.1/bin/../lib/gcc/arm-none-eabi/5.4.1/../../../../arm-none-eabi/lib/armv7-m\libm.a(lib_a-s_fabs.o)
                              c:/program files (x86)/cypress/psoc creator/4.4/psoc creator/import/gnu/arm/5.4.1/bin/../lib/gcc/arm-none-eabi/5.4.1/../../../../arm-none-eabi/lib/armv7-m\libm.a(lib_a-e_pow.o) (fabs)
c:/program files (x86)/cypress/psoc creator/4.4/psoc creator/import/gnu/arm/5.4.1/bin/../lib/gcc/arm-none-eabi/5.4.1/../../../../arm-none-eabi/lib/armv7-m\libm.a(lib_a-s_finite.o)
                              c:/program files (x86)/cypress/psoc creator/4.4/psoc creator/import/gnu/arm/5.4.1/bin/../lib/gcc/arm-none-eabi/5.4.1/../../../../arm-none-eabi/lib/armv7-m\libm.a(lib_a-w_pow.o) (finite)
c:/program files (x86)/cypress/psoc creator/4.4/psoc creator/import/gnu/arm/5.4.1/bin/../lib/gcc/arm-none-eabi/5.4.1/../../../../arm-none-eabi/lib/armv7-m\libm.a(lib_a-s_lib_ver.o)
[...]
Memory Configuration

Name             Origin             Length             Attributes
rom              0x00000000         0x00040000         xr
ram              0x1fff8000         0x00010000         xrw
*default*        0x00000000         0xffffffff

Linker script and memory map

LOAD c:/program files (x86)/cypress/psoc creator/4.4/psoc creator/import/gnu/arm/5.4.1/bin/../lib/gcc/arm-none-eabi/5.4.1/armv7-m/crti.o
LOAD c:/program files (x86)/cypress/psoc creator/4.4/psoc creator/import/gnu/arm/5.4.1/bin/../lib/gcc/arm-none-eabi/5.4.1/armv7-m/crtbegin.o
LOAD c:/program files (x86)/cypress/psoc creator/4.4/psoc creator/import/gnu/arm/5.4.1/bin/../lib/gcc/arm-none-eabi/5.4.1/../../../../arm-none-eabi/lib/armv7-m/crt0.o
START GROUP
LOAD .\CortexM3\ARM_GCC_541\Debug\main.o
LOAD .\CortexM3\ARM_GCC_541\Debug\cyfitter_cfg.o
LOAD .\CortexM3\ARM_GCC_541\Debug\cymetadata.o
LOAD .\CortexM3\ARM_GCC_541\Debug\Cm3Start.o
LOAD .\CortexM3\ARM_GCC_541\Debug\Thermistor_Reading.a
LOAD C:\Program Files (x86)\Cypress\PSoC Creator\4.4\PSoC Creator\psoc\content\cycomponentlibrary\CyComponentLibrary.cylib\CortexM3\ARM_GCC_541\Debug\CyComponentLibrary.a
LOAD c:/program files (x86)/cypress/psoc creator/4.4/psoc creator/import/gnu/arm/5.4.1/bin/../lib/gcc/arm-none-eabi/5.4.1/../../../../arm-none-eabi/lib/armv7-m\libm.a
END GROUP
START GROUP
LOAD c:/program files (x86)/cypress/psoc creator/4.4/psoc creator/import/gnu/arm/5.4.1/bin/../lib/gcc/arm-none-eabi/5.4.1/armv7-m\libgcc.a
LOAD c:/program files (x86)/cypress/psoc creator/4.4/psoc creator/import/gnu/arm/5.4.1/bin/../lib/gcc/arm-none-eabi/5.4.1/../../../../arm-none-eabi/lib/armv7-m\libg_nano.a
LOAD c:/program files (x86)/cypress/psoc creator/4.4/psoc creator/import/gnu/arm/5.4.1/bin/../lib/gcc/arm-none-eabi/5.4.1/../../../../arm-none-eabi/lib/armv7-m\libc_nano.a
END GROUP
START GROUP
LOAD c:/program files (x86)/cypress/psoc creator/4.4/psoc creator/import/gnu/arm/5.4.1/bin/../lib/gcc/arm-none-eabi/5.4.1/armv7-m\libgcc.a
LOAD c:/program files (x86)/cypress/psoc creator/4.4/psoc creator/import/gnu/arm/5.4.1/bin/../lib/gcc/arm-none-eabi/5.4.1/../../../../arm-none-eabi/lib/armv7-m\libc_nano.a
END GROUP
LOAD c:/program files (x86)/cypress/psoc creator/4.4/psoc creator/import/gnu/arm/5.4.1/bin/../lib/gcc/arm-none-eabi/5.4.1/armv7-m/crtend.o
LOAD c:/program files (x86)/cypress/psoc creator/4.4/psoc creator/import/gnu/arm/5.4.1/bin/../lib/gcc/arm-none-eabi/5.4.1/armv7-m/crtn.o
START GROUP
LOAD c:/program files (x86)/cypress/psoc creator/4.4/psoc creator/import/gnu/arm/5.4.1/bin/../lib/gcc/arm-none-eabi/5.4.1/armv7-m\libgcc.a
LOAD c:/program files (x86)/cypress/psoc creator/4.4/psoc creator/import/gnu/arm/5.4.1/bin/../lib/gcc/arm-none-eabi/5.4.1/../../../../arm-none-eabi/lib/armv7-m\libc.a
LOAD c:/program files (x86)/cypress/psoc creator/4.4/psoc creator/import/gnu/arm/5.4.1/bin/../lib/gcc/arm-none-eabi/5.4.1/../../../../arm-none-eabi/lib/armv7-m\libnosys.a
END GROUP
                0x00000000                CY_APPL_ORIGIN = 0x0
                0x00000100                CY_FLASH_ROW_SIZE = 0x100
                0x00000020                CY_ECC_ROW_SIZE = 0x20
                0x00000000                CY_EE_IN_BTLDR = 0x0
                0x00000000                CY_APPL_LOADABLE = 0x0
                0x00000800                CY_EE_SIZE = 0x800
                0x00000001                CY_APPL_NUM = 0x1
                0x00000001                CY_APPL_MAX = 0x1
                0x00000040                CY_METADATA_SIZE = 0x40
                0x00000000                CY_APPL_LOADABLE = 0x0
                0x00000000                CY_CHECKSUM_EXCLUDE_SIZE = ALIGN (0x0, CY_FLASH_ROW_SIZE)
                [!provide]                PROVIDE (__cy_heap_start, _end)
                0x00000001                PROVIDE (__cy_region_num, ((__cy_regions_end - __cy_regions) / 0x10))
                0x20008000                PROVIDE (__cy_stack, (ORIGIN (ram) + LENGTH (ram)))
                [!provide]                PROVIDE (__cy_heap_end, (__cy_stack - 0x800))

.cybootloader   0x00000000        0x0
 *(.cybootloader)
                0x00000000                appl1_start = CY_APPL_ORIGIN?CY_APPL_ORIGIN:ALIGN (CY_FLASH_ROW_SIZE)
                0x0001ff00                appl2_start = (appl1_start + ALIGN ((((LENGTH (rom) - appl1_start) - (0x2 * CY_FLASH_ROW_SIZE)) / 0x2), CY_FLASH_ROW_SIZE))
                0x00000000                appl_start = (CY_APPL_NUM == 0x1)?appl1_start:appl2_start
                0x00000000                ecc_offset = ((appl_start / CY_FLASH_ROW_SIZE) * CY_ECC_ROW_SIZE)
                0x00000000                ee_offset = (CY_APPL_LOADABLE && ! (CY_EE_IN_BTLDR))?((CY_EE_SIZE / CY_APPL_MAX) * (CY_APPL_NUM - 0x1)):0x0
                0x00000800                ee_size = (CY_APPL_LOADABLE && ! (CY_EE_IN_BTLDR))?(CY_EE_SIZE / CY_APPL_MAX):CY_EE_SIZE
                [!provide]                PROVIDE (CY_ECC_OFFSET, ecc_offset)

.text           0x00000000     0x3a32
 CREATE_OBJECT_SYMBOLS
                0x00000000                PROVIDE (__cy_interrupt_vector, RomVectors)
 *(.romvectors)
 .romvectors    0x00000000       0x10 .\CortexM3\ARM_GCC_541\Debug\Cm3Start.o
                0x00000000                RomVectors
                0x00000001                ASSERT ((. != __cy_interrupt_vector), No interrupt vector)
                0x00000001                ASSERT (CY_APPL_ORIGIN?(SIZEOF (.cybootloader) <= CY_APPL_ORIGIN):0x1, Wrong image location)
                0x00000010                PROVIDE (__cy_reset, Reset)
 *(.text.Reset)
 .text.Reset    0x00000010       0x18 .\CortexM3\ARM_GCC_541\Debug\Cm3Start.o
                0x00000010                Reset
                0x00000001                ASSERT ((. != __cy_reset), No reset code)
 *(.dma_init)
                0x00000001                ASSERT ((((appl_start + .) <= 0x10000) || 0x1), DMA Init must be within the first 64k of flash)
 *(.text .text.* .gnu.linkonce.t.*)
 .text          0x00000028       0x5c c:/program files (x86)/cypress/psoc creator/4.4/psoc creator/import/gnu/arm/5.4.1/bin/../lib/gcc/arm-none-eabi/5.4.1/armv7-m/crtbegin.o
 .text.main     0x00000084      0x1d8 .\CortexM3\ARM_GCC_541\Debug\main.o
                0x00000084                main
 .text.CyClockStartupError
                0x0000025c        0x4 .\CortexM3\ARM_GCC_541\Debug\cyfitter_cfg.o
 .text.cfg_write_bytes32
                0x00000260       0x34 .\CortexM3\ARM_GCC_541\Debug\cyfitter_cfg.o
 .text.AnalogSetDefault
                0x00000294       0x4c .\CortexM3\ARM_GCC_541\Debug\cyfitter_cfg.o
 .text.CYMEMZERO
                0x000002e0        0xc .\CortexM3\ARM_GCC_541\Debug\cyfitter_cfg.o
 .text.CYCONFIGCPY
                0x000002ec        0x8 .\CortexM3\ARM_GCC_541\Debug\cyfitter_cfg.o
 .text.ClockSetup
                0x000002f4       0xe4 .\CortexM3\ARM_GCC_541\Debug\cyfitter_cfg.o
 .text.AMux_1_CYAMUXSIDE_A_Set
                0x000003d8       0x34 .\CortexM3\ARM_GCC_541\Debug\cyfitter_cfg.o
                0x000003d8                AMux_1_CYAMUXSIDE_A_Set
 .text.AMux_1_CYAMUXSIDE_A_Unset
                0x0000040c       0x38 .\CortexM3\ARM_GCC_541\Debug\cyfitter_cfg.o
                0x0000040c                AMux_1_CYAMUXSIDE_A_Unset
 .text.AMux_1_CYAMUXSIDE_B_Set
                0x00000444       0x3c .\CortexM3\ARM_GCC_541\Debug\cyfitter_cfg.o
                0x00000444                AMux_1_CYAMUXSIDE_B_Set
 .text.AMux_1_CYAMUXSIDE_B_Unset
                0x00000480       0x40 .\CortexM3\ARM_GCC_541\Debug\cyfitter_cfg.o
                0x00000480                AMux_1_CYAMUXSIDE_B_Unset
 .text.cyfitter_cfg
                0x000004c0       0xf8 .\CortexM3\ARM_GCC_541\Debug\cyfitter_cfg.o
                0x000004c0                cyfitter_cfg
 .text.IntDefaultHandler
                0x000005b8       0x10 .\CortexM3\ARM_GCC_541\Debug\Cm3Start.o
                0x000005b8                IntDefaultHandler
 .text.Start_c  0x000005c8       0x4c .\CortexM3\ARM_GCC_541\Debug\Cm3Start.o
                0x000005c8                Start_c
 .text.initialize_psoc
                0x00000614       0x68 .\CortexM3\ARM_GCC_541\Debug\Cm3Start.o
                0x00000614                initialize_psoc
 .text.ADC_DelSig_1_GainCompensation
                0x0000067c       0xe0 .\CortexM3\ARM_GCC_541\Debug\Thermistor_Reading.a(ADC_DelSig_1.o)
 .text.ADC_DelSig_1_SetDSMRef0Reg
                0x0000075c       0x4c .\CortexM3\ARM_GCC_541\Debug\Thermistor_Reading.a(ADC_DelSig_1.o)
 .text.ADC_DelSig_1_InitConfig
                0x000007a8      0x314 .\CortexM3\ARM_GCC_541\Debug\Thermistor_Reading.a(ADC_DelSig_1.o)
 .text.ADC_DelSig_1_Init
                0x00000abc      0x108 .\CortexM3\ARM_GCC_541\Debug\Thermistor_Reading.a(ADC_DelSig_1.o)
                0x00000abc                ADC_DelSig_1_Init
 .text.ADC_DelSig_1_Enable
                0x00000bc4       0xd8 .\CortexM3\ARM_GCC_541\Debug\Thermistor_Reading.a(ADC_DelSig_1.o)
                0x00000bc4                ADC_DelSig_1_Enable
 .text.ADC_DelSig_1_Start
                0x00000c9c       0x28 .\CortexM3\ARM_GCC_541\Debug\Thermistor_Reading.a(ADC_DelSig_1.o)
                0x00000c9c                ADC_DelSig_1_Start
 .text.ADC_DelSig_1_StartConvert
                0x00000cc4       0x10 .\CortexM3\ARM_GCC_541\Debug\Thermistor_Reading.a(ADC_DelSig_1.o)
                0x00000cc4                ADC_DelSig_1_StartConvert
 .text.ADC_DelSig_1_IsEndConversion
                0x00000cd4       0x30 .\CortexM3\ARM_GCC_541\Debug\Thermistor_Reading.a(ADC_DelSig_1.o)
                0x00000cd4                ADC_DelSig_1_IsEndConversion
 .text.ADC_DelSig_1_GetResult16
                0x00000d04       0x50 .\CortexM3\ARM_GCC_541\Debug\Thermistor_Reading.a(ADC_DelSig_1.o)
                0x00000d04                ADC_DelSig_1_GetResult16
 .text.ADC_DelSig_1_CountsTo_mVolts
                0x00000d54       0x24 .\CortexM3\ARM_GCC_541\Debug\Thermistor_Reading.a(ADC_DelSig_1.o)
                0x00000d54                ADC_DelSig_1_CountsTo_mVolts
 .text.ADC_DelSig_1_ISR1
                0x00000d78        0x4 .\CortexM3\ARM_GCC_541\Debug\Thermistor_Reading.a(ADC_DelSig_1_INT.o)
                0x00000d78                ADC_DelSig_1_ISR1
 .text.ADC_DelSig_1_ISR2
                0x00000d7c        0x4 .\CortexM3\ARM_GCC_541\Debug\Thermistor_Reading.a(ADC_DelSig_1_INT.o)
                0x00000d7c                ADC_DelSig_1_ISR2
 .text.ADC_DelSig_1_ISR3
                0x00000d80        0x4 .\CortexM3\ARM_GCC_541\Debug\Thermistor_Reading.a(ADC_DelSig_1_INT.o)
                0x00000d80                ADC_DelSig_1_ISR3
 .text.ADC_DelSig_1_ISR4
                0x00000d84        0x4 .\CortexM3\ARM_GCC_541\Debug\Thermistor_Reading.a(ADC_DelSig_1_INT.o)
                0x00000d84                ADC_DelSig_1_ISR4
 .text.AMux_1_Start
                0x00000d88       0x28 .\CortexM3\ARM_GCC_541\Debug\Thermistor_Reading.a(AMux_1.o)
                0x00000d88                AMux_1_Start
 .text.AMux_1_Disconnect
                0x00000db0       0x10 .\CortexM3\ARM_GCC_541\Debug\Thermistor_Reading.a(AMux_1.o)
                0x00000db0                AMux_1_Disconnect
 .text.AMux_1_FastSelect
                0x00000dc0       0x28 .\CortexM3\ARM_GCC_541\Debug\Thermistor_Reading.a(AMux_1.o)
                0x00000dc0                AMux_1_FastSelect
 .text.Ametherm_1DC103K_EC_GetResistance
                0x00000de8       0x24 .\CortexM3\ARM_GCC_541\Debug\Thermistor_Reading.a(Ametherm_1DC103K_EC.o)
                0x00000de8                Ametherm_1DC103K_EC_GetResistance
 *fill*         0x00000e0c        0x4 
 .text.Ametherm_1DC103K_EC_GetTemperature
                0x00000e10       0xc0 .\CortexM3\ARM_GCC_541\Debug\Thermistor_Reading.a(Ametherm_1DC103K_EC.o)
                0x00000e10                Ametherm_1DC103K_EC_GetTemperature
 .text.LCD_WrCntrlNib
                0x00000ed0       0x38 .\CortexM3\ARM_GCC_541\Debug\Thermistor_Reading.a(LCD.o)
 .text.LCD_WrDatNib
                0x00000f08       0x48 .\CortexM3\ARM_GCC_541\Debug\Thermistor_Reading.a(LCD.o)
 .text.LCD_IsReady
                0x00000f50       0xe0 .\CortexM3\ARM_GCC_541\Debug\Thermistor_Reading.a(LCD.o)
                0x00000f50                LCD_IsReady
 .text.LCD_WriteData
                0x00001030       0x18 .\CortexM3\ARM_GCC_541\Debug\Thermistor_Reading.a(LCD.o)
                0x00001030                LCD_WriteData
 .text.LCD_PrintString
                0x00001048       0x1c .\CortexM3\ARM_GCC_541\Debug\Thermistor_Reading.a(LCD.o)
                0x00001048                LCD_PrintString
 .text.LCD_WriteControl
                0x00001064       0x18 .\CortexM3\ARM_GCC_541\Debug\Thermistor_Reading.a(LCD.o)
                0x00001064                LCD_WriteControl
 .text.LCD_Init
                0x0000107c       0x6c .\CortexM3\ARM_GCC_541\Debug\Thermistor_Reading.a(LCD.o)
                0x0000107c                LCD_Init
 .text.LCD_Enable
                0x000010e8       0x14 .\CortexM3\ARM_GCC_541\Debug\Thermistor_Reading.a(LCD.o)
                0x000010e8                LCD_Enable
 .text.LCD_Start
                0x000010fc       0x1c .\CortexM3\ARM_GCC_541\Debug\Thermistor_Reading.a(LCD.o)
                0x000010fc                LCD_Start
 .text.LCD_Position
                0x00001118       0x3c .\CortexM3\ARM_GCC_541\Debug\Thermistor_Reading.a(LCD.o)
                0x00001118                LCD_Position
 .text.LCD_PrintU32Number
                0x00001154       0x64 .\CortexM3\ARM_GCC_541\Debug\Thermistor_Reading.a(LCD.o)
                0x00001154                LCD_PrintU32Number
 .text.ADC_DelSig_1_Ext_CP_Clk_GetDividerRegister
                0x000011b8        0xc .\CortexM3\ARM_GCC_541\Debug\Thermistor_Reading.a(ADC_DelSig_1_Ext_CP_Clk.o)
                0x000011b8                ADC_DelSig_1_Ext_CP_Clk_GetDividerRegister
 .text.ADC_DelSig_1_Ext_CP_Clk_SetModeRegister
                0x000011c4       0x14 .\CortexM3\ARM_GCC_541\Debug\Thermistor_Reading.a(ADC_DelSig_1_Ext_CP_Clk.o)
                0x000011c4                ADC_DelSig_1_Ext_CP_Clk_SetModeRegister
 .text.ADC_DelSig_1_Ext_CP_Clk_GetSourceRegister
                0x000011d8       0x10 .\CortexM3\ARM_GCC_541\Debug\Thermistor_Reading.a(ADC_DelSig_1_Ext_CP_Clk.o)
                0x000011d8                ADC_DelSig_1_Ext_CP_Clk_GetSourceRegister
 .text.ADC_DelSig_1_Ext_CP_Clk_SetDividerRegister
                0x000011e8       0xd8 .\CortexM3\ARM_GCC_541\Debug\Thermistor_Reading.a(ADC_DelSig_1_Ext_CP_Clk.o)
                0x000011e8                ADC_DelSig_1_Ext_CP_Clk_SetDividerRegister
 .text.ADC_DelSig_1_theACLK_GetDividerRegister
                0x000012c0        0xc .\CortexM3\ARM_GCC_541\Debug\Thermistor_Reading.a(ADC_DelSig_1_theACLK.o)
                0x000012c0                ADC_DelSig_1_theACLK_GetDividerRegister
 .text.ADC_DelSig_1_theACLK_SetModeRegister
                0x000012cc       0x14 .\CortexM3\ARM_GCC_541\Debug\Thermistor_Reading.a(ADC_DelSig_1_theACLK.o)
                0x000012cc                ADC_DelSig_1_theACLK_SetModeRegister
 .text.ADC_DelSig_1_theACLK_GetSourceRegister
                0x000012e0       0x10 .\CortexM3\ARM_GCC_541\Debug\Thermistor_Reading.a(ADC_DelSig_1_theACLK.o)
                0x000012e0                ADC_DelSig_1_theACLK_GetSourceRegister
 .text.ADC_DelSig_1_theACLK_SetDividerRegister
                0x000012f0       0xd8 .\CortexM3\ARM_GCC_541\Debug\Thermistor_Reading.a(ADC_DelSig_1_theACLK.o)
                0x000012f0                ADC_DelSig_1_theACLK_SetDividerRegister
 .text.CyHalt   0x000013c8        0x4 .\CortexM3\ARM_GCC_541\Debug\Thermistor_Reading.a(CyLib.o)
                0x000013c8                CyHalt
 .text.CyDelay  0x000013cc       0x2c .\CortexM3\ARM_GCC_541\Debug\Thermistor_Reading.a(CyLib.o)
                0x000013cc                CyDelay
 .text.CyDelayUs
                0x000013f8       0x14 .\CortexM3\ARM_GCC_541\Debug\Thermistor_Reading.a(CyLib.o)
                0x000013f8                CyDelayUs
 .text.CyIntSetVector
                0x0000140c       0x28 .\CortexM3\ARM_GCC_541\Debug\Thermistor_Reading.a(CyLib.o)
                0x0000140c                CyIntSetVector
 .text.CyIntSetPriority
                0x00001434       0x30 .\CortexM3\ARM_GCC_541\Debug\Thermistor_Reading.a(CyLib.o)
                0x00001434                CyIntSetPriority
 .text.P3_6_Write
                0x00001464       0x18 .\CortexM3\ARM_GCC_541\Debug\Thermistor_Reading.a(P3_6.o)
                0x00001464                P3_6_Write
 *fill*         0x0000147c        0x4 
 .text          0x00001480       0x20 .\CortexM3\ARM_GCC_541\Debug\Thermistor_Reading.a(CyBootAsmGnu.o)
                0x00001480                CyDelayCycles
                0x00001490                CyEnterCriticalSection
                0x00001498                CyExitCriticalSection
 .text.log      0x000014a0      0x100 c:/program files (x86)/cypress/psoc creator/4.4/psoc creator/import/gnu/arm/5.4.1/bin/../lib/gcc/arm-none-eabi/5.4.1/../../../../arm-none-eabi/lib/armv7-m\libm.a(lib_a-w_log.o)
                0x000014a0                log
 .text.pow      0x000015a0      0x330 c:/program files (x86)/cypress/psoc creator/4.4/psoc creator/import/gnu/arm/5.4.1/bin/../lib/gcc/arm-none-eabi/5.4.1/../../../../arm-none-eabi/lib/armv7-m\libm.a(lib_a-w_pow.o)
                0x000015a0                pow
 .text.__ieee754_log
                0x000018d0      0x3e8 c:/program files (x86)/cypress/psoc creator/4.4/psoc creator/import/gnu/arm/5.4.1/bin/../lib/gcc/arm-none-eabi/5.4.1/../../../../arm-none-eabi/lib/armv7-m\libm.a(lib_a-e_log.o)
                0x000018d0                __ieee754_log
 .text.__ieee754_pow
                0x00001cb8      0xac4 c:/program files (x86)/cypress/psoc creator/4.4/psoc creator/import/gnu/arm/5.4.1/bin/../lib/gcc/arm-none-eabi/5.4.1/../../../../arm-none-eabi/lib/armv7-m\libm.a(lib_a-e_pow.o)
                0x00001cb8                __ieee754_pow
 .text.__ieee754_sqrt
                0x0000277c      0x188 c:/program files (x86)/cypress/psoc creator/4.4/psoc creator/import/gnu/arm/5.4.1/bin/../lib/gcc/arm-none-eabi/5.4.1/../../../../arm-none-eabi/lib/armv7-m\libm.a(lib_a-e_sqrt.o)
                0x0000277c                __ieee754_sqrt
 .text.fabs     0x00002904        0x8 c:/program files (x86)/cypress/psoc creator/4.4/psoc creator/import/gnu/arm/5.4.1/bin/../lib/gcc/arm-none-eabi/5.4.1/../../../../arm-none-eabi/lib/armv7-m\libm.a(lib_a-s_fabs.o)
                0x00002904                fabs
 .text.finite   0x0000290c        0xc c:/program files (x86)/cypress/psoc creator/4.4/psoc creator/import/gnu/arm/5.4.1/bin/../lib/gcc/arm-none-eabi/5.4.1/../../../../arm-none-eabi/lib/armv7-m\libm.a(lib_a-s_finite.o)
                0x0000290c                finite
 .text.matherr  0x00002918        0x4 c:/program files (x86)/cypress/psoc creator/4.4/psoc creator/import/gnu/arm/5.4.1/bin/../lib/gcc/arm-none-eabi/5.4.1/../../../../arm-none-eabi/lib/armv7-m\libm.a(lib_a-s_matherr.o)
                0x00002918                matherr
 .text.nan      0x0000291c        0xc c:/program files (x86)/cypress/psoc creator/4.4/psoc creator/import/gnu/arm/5.4.1/bin/../lib/gcc/arm-none-eabi/5.4.1/../../../../arm-none-eabi/lib/armv7-m\libm.a(lib_a-s_nan.o)
                0x0000291c                nan
 .text.rint     0x00002928      0x120 c:/program files (x86)/cypress/psoc creator/4.4/psoc creator/import/gnu/arm/5.4.1/bin/../lib/gcc/arm-none-eabi/5.4.1/../../../../arm-none-eabi/lib/armv7-m\libm.a(lib_a-s_rint.o)
                0x00002928                rint
 .text.scalbn   0x00002a48       0xe4 c:/program files (x86)/cypress/psoc creator/4.4/psoc creator/import/gnu/arm/5.4.1/bin/../lib/gcc/arm-none-eabi/5.4.1/../../../../arm-none-eabi/lib/armv7-m\libm.a(lib_a-s_scalbn.o)
                0x00002a48                scalbn
 .text.copysign
                0x00002b2c       0x10 c:/program files (x86)/cypress/psoc creator/4.4/psoc creator/import/gnu/arm/5.4.1/bin/../lib/gcc/arm-none-eabi/5.4.1/../../../../arm-none-eabi/lib/armv7-m\libm.a(lib_a-s_copysign.o)
                0x00002b2c                copysign
 .text          0x00002b3c      0x370 c:/program files (x86)/cypress/psoc creator/4.4/psoc creator/import/gnu/arm/5.4.1/bin/../lib/gcc/arm-none-eabi/5.4.1/armv7-m\libgcc.a(_arm_addsubdf3.o)
                0x00002b3c                __aeabi_drsub
                0x00002b44                __aeabi_dsub
                0x00002b44                __subdf3
                0x00002b48                __aeabi_dadd
                0x00002b48                __adddf3
                0x00002dc0                __floatunsidf
                0x00002dc0                __aeabi_ui2d
                0x00002de0                __floatsidf
                0x00002de0                __aeabi_i2d
                0x00002e04                __aeabi_f2d
                0x00002e04                __extendsfdf2
                0x00002e40                __floatundidf
                0x00002e40                __aeabi_ul2d
                0x00002e50                __floatdidf
                0x00002e50                __aeabi_l2d
 .text          0x00002eac      0x424 c:/program files (x86)/cypress/psoc creator/4.4/psoc creator/import/gnu/arm/5.4.1/bin/../lib/gcc/arm-none-eabi/5.4.1/armv7-m\libgcc.a(_arm_muldivdf3.o)
                0x00002eac                __aeabi_dmul
                0x00002eac                __muldf3
                0x00003100                __divdf3
                0x00003100                __aeabi_ddiv
 .text          0x000032d0      0x110 c:/program files (x86)/cypress/psoc creator/4.4/psoc creator/import/gnu/arm/5.4.1/bin/../lib/gcc/arm-none-eabi/5.4.1/armv7-m\libgcc.a(_arm_cmpdf2.o)
                0x000032d0                __gtdf2
                0x000032d0                __gedf2
                0x000032d8                __ltdf2
                0x000032d8                __ledf2
                0x000032e0                __nedf2
                0x000032e0                __eqdf2
                0x000032e0                __cmpdf2
                0x0000335c                __aeabi_cdrcmple
                0x0000336c                __aeabi_cdcmpeq
                0x0000336c                __aeabi_cdcmple
                0x0000337c                __aeabi_dcmpeq
                0x00003390                __aeabi_dcmplt
                0x000033a4                __aeabi_dcmple
                0x000033b8                __aeabi_dcmpge
                0x000033cc                __aeabi_dcmpgt
 .text          0x000033e0       0x2c c:/program files (x86)/cypress/psoc creator/4.4/psoc creator/import/gnu/arm/5.4.1/bin/../lib/gcc/arm-none-eabi/5.4.1/armv7-m\libgcc.a(_arm_unorddf2.o)
                0x000033e0                __unorddf2
                0x000033e0                __aeabi_dcmpun
 .text          0x0000340c       0xa0 c:/program files (x86)/cypress/psoc creator/4.4/psoc creator/import/gnu/arm/5.4.1/bin/../lib/gcc/arm-none-eabi/5.4.1/armv7-m\libgcc.a(_arm_truncdfsf2.o)
                0x0000340c                __truncdfsf2
                0x0000340c                __aeabi_d2f
 .text          0x000034ac      0x21c c:/program files (x86)/cypress/psoc creator/4.4/psoc creator/import/gnu/arm/5.4.1/bin/../lib/gcc/arm-none-eabi/5.4.1/armv7-m\libgcc.a(_arm_addsubsf3.o)
                0x000034ac                __aeabi_frsub
                0x000034b4                __subsf3
                0x000034b4                __aeabi_fsub
                0x000034b8                __aeabi_fadd
                0x000034b8                __addsf3
                0x00003618                __aeabi_ui2f
                0x00003618                __floatunsisf
                0x00003620                __aeabi_i2f
                0x00003620                __floatsisf
                0x0000363c                __aeabi_ul2f
                0x0000363c                __floatundisf
                0x0000364c                __aeabi_l2f
                0x0000364c                __floatdisf
 .text          0x000036c8      0x2a0 c:/program files (x86)/cypress/psoc creator/4.4/psoc creator/import/gnu/arm/5.4.1/bin/../lib/gcc/arm-none-eabi/5.4.1/armv7-m\libgcc.a(_arm_muldivsf3.o)
                0x000036c8                __mulsf3
                0x000036c8                __aeabi_fmul
                0x00003830                __aeabi_fdiv
                0x00003830                __divsf3
 .text          0x00003968       0x4c c:/program files (x86)/cypress/psoc creator/4.4/psoc creator/import/gnu/arm/5.4.1/bin/../lib/gcc/arm-none-eabi/5.4.1/armv7-m\libgcc.a(_arm_fixsfsi.o)
                0x00003968                __aeabi_f2iz
                0x00003968                __fixsfsi
 .text.__errno  0x000039b4        0xc c:/program files (x86)/cypress/psoc creator/4.4/psoc creator/import/gnu/arm/5.4.1/bin/../lib/gcc/arm-none-eabi/5.4.1/../../../../arm-none-eabi/lib/armv7-m\libg_nano.a(lib_a-errno.o)
                0x000039b4                __errno
 .text.__libc_init_array
                0x000039c0       0x4c c:/program files (x86)/cypress/psoc creator/4.4/psoc creator/import/gnu/arm/5.4.1/bin/../lib/gcc/arm-none-eabi/5.4.1/../../../../arm-none-eabi/lib/armv7-m\libg_nano.a(lib_a-init.o)
                0x000039c0                __libc_init_array
 .text.memcpy   0x00003a0c       0x16 c:/program files (x86)/cypress/psoc creator/4.4/psoc creator/import/gnu/arm/5.4.1/bin/../lib/gcc/arm-none-eabi/5.4.1/../../../../arm-none-eabi/lib/armv7-m\libg_nano.a(lib_a-memcpy-stub.o)
                0x00003a0c                memcpy
 .text.memset   0x00003a22       0x10 c:/program files (x86)/cypress/psoc creator/4.4/psoc creator/import/gnu/arm/5.4.1/bin/../lib/gcc/arm-none-eabi/5.4.1/../../../../arm-none-eabi/lib/armv7-m\libg_nano.a(lib_a-memset.o)
                0x00003a22                memset
 *(.plt)
 *(.gnu.warning)
 *(.glue_7t)
 .glue_7t       0x00003a32        0x0 linker stubs
 *(.glue_7)
 .glue_7        0x00003a32        0x0 linker stubs
 *(.vfp11_veneer)
 .vfp11_veneer  0x00003a32        0x0 linker stubs
 *(.bootloader)
 *(.ARM.extab* .gnu.linkonce.armextab.*)
 *(.gcc_except_table)

.v4_bx          0x00003a34        0x0
 .v4_bx         0x00003a34        0x0 linker stubs

.iplt           0x00003a34        0x0
 .iplt          0x00003a34        0x0 c:/program files (x86)/cypress/psoc creator/4.4/psoc creator/import/gnu/arm/5.4.1/bin/../lib/gcc/arm-none-eabi/5.4.1/armv7-m/crtbegin.o

.eh_frame_hdr
 *(.eh_frame_hdr)

.eh_frame       0x00003a34        0x4
 *(.eh_frame)
 .eh_frame      0x00003a34        0x0 c:/program files (x86)/cypress/psoc creator/4.4/psoc creator/import/gnu/arm/5.4.1/bin/../lib/gcc/arm-none-eabi/5.4.1/armv7-m/crtbegin.o
 .eh_frame      0x00003a34        0x4 c:/program files (x86)/cypress/psoc creator/4.4/psoc creator/import/gnu/arm/5.4.1/bin/../lib/gcc/arm-none-eabi/5.4.1/armv7-m/crtend.o
                [!provide]                PROVIDE (__exidx_start, .)

.ARM.exidx
 *(.ARM.exidx* .gnu.linkonce.armexidx.*)
                0x00003a38                __exidx_end = .

.rodata         0x00003a38      0x108
 *(.rodata .rodata.* .gnu.linkonce.r.*)
 .rodata.str1.4
                0x00003a38       0x3a .\CortexM3\ARM_GCC_541\Debug\main.o
 *fill*         0x00003a72        0x2 
 .rodata        0x00003a74       0x76 .\CortexM3\ARM_GCC_541\Debug\cyfitter_cfg.o
                0x00003a74                AMux_1_CYAMUXSIDE_A__addrTable
                0x00003a8c                AMux_1_CYAMUXSIDE_A__maskTable
                0x00003a94                AMux_1_CYAMUXSIDE_B__addrTable
                0x00003aac                AMux_1_CYAMUXSIDE_B__maskTable
 *fill*         0x00003aea        0x2 
 .rodata.str1.4
                0x00003aec        0x4 c:/program files (x86)/cypress/psoc creator/4.4/psoc creator/import/gnu/arm/5.4.1/bin/../lib/gcc/arm-none-eabi/5.4.1/../../../../arm-none-eabi/lib/armv7-m\libm.a(lib_a-w_log.o)
                                  0x5 (size before relaxing)
 .rodata.str1.4
                0x00003af0        0x4 c:/program files (x86)/cypress/psoc creator/4.4/psoc creator/import/gnu/arm/5.4.1/bin/../lib/gcc/arm-none-eabi/5.4.1/../../../../arm-none-eabi/lib/armv7-m\libm.a(lib_a-w_pow.o)
 .rodata.str1.4
                0x00003af4        0x1 c:/program files (x86)/cypress/psoc creator/4.4/psoc creator/import/gnu/arm/5.4.1/bin/../lib/gcc/arm-none-eabi/5.4.1/../../../../arm-none-eabi/lib/armv7-m\libm.a(lib_a-e_pow.o)
 *fill*         0x00003af4        0x4 
 .rodata.TWO52  0x00003af8       0x10 c:/program files (x86)/cypress/psoc creator/4.4/psoc creator/import/gnu/arm/5.4.1/bin/../lib/gcc/arm-none-eabi/5.4.1/../../../../arm-none-eabi/lib/armv7-m\libm.a(lib_a-s_rint.o)
 .rodata.str1.1
                0x00003b08        0x2 c:/program files (x86)/cypress/psoc creator/4.4/psoc creator/import/gnu/arm/5.4.1/bin/../lib/gcc/arm-none-eabi/5.4.1/../../../../arm-none-eabi/lib/armv7-m\libg_nano.a(lib_a-impure.o)
                0x00003b0c                . = ALIGN (0x4)
 *fill*         0x00003b0a        0x2 
 *(.init)
 .init          0x00003b0c        0x4 c:/program files (x86)/cypress/psoc creator/4.4/psoc creator/import/gnu/arm/5.4.1/bin/../lib/gcc/arm-none-eabi/5.4.1/armv7-m/crti.o
                0x00003b0c                _init
 .init          0x00003b10        0x8 c:/program files (x86)/cypress/psoc creator/4.4/psoc creator/import/gnu/arm/5.4.1/bin/../lib/gcc/arm-none-eabi/5.4.1/armv7-m/crtn.o
                0x00003b18                . = ALIGN (0x4)
                0x00003b18                __preinit_array_start = .
 *(.preinit_array)
                0x00003b18                __preinit_array_end = .
                0x00003b18                . = ALIGN (0x4)
                0x00003b18                __init_array_start = .
 *(SORT(.init_array.*))
 *(.init_array)
 .init_array    0x00003b18        0x4 c:/program files (x86)/cypress/psoc creator/4.4/psoc creator/import/gnu/arm/5.4.1/bin/../lib/gcc/arm-none-eabi/5.4.1/armv7-m/crtbegin.o
 .init_array    0x00003b1c        0x4 .\CortexM3\ARM_GCC_541\Debug\Cm3Start.o
                0x00003b20                __init_array_end = .
                0x00003b20                . = ALIGN (0x4)
 *(.fini)
 .fini          0x00003b20        0x4 c:/program files (x86)/cypress/psoc creator/4.4/psoc creator/import/gnu/arm/5.4.1/bin/../lib/gcc/arm-none-eabi/5.4.1/armv7-m/crti.o
                0x00003b20                _fini
 .fini          0x00003b24        0x8 c:/program files (x86)/cypress/psoc creator/4.4/psoc creator/import/gnu/arm/5.4.1/bin/../lib/gcc/arm-none-eabi/5.4.1/armv7-m/crtn.o
                0x00003b2c                . = ALIGN (0x4)
                0x00003b2c                __fini_array_start = .
 *(.fini_array)
 .fini_array    0x00003b2c        0x4 c:/program files (x86)/cypress/psoc creator/4.4/psoc creator/import/gnu/arm/5.4.1/bin/../lib/gcc/arm-none-eabi/5.4.1/armv7-m/crtbegin.o
 *(SORT(.fini_array.*))
                0x00003b30                __fini_array_end = .
                0x00003b30                . = ALIGN (0x4)
 *crtbegin.o(.ctors)
 *(EXCLUDE_FILE(*crtend.o) .ctors)
 *(SORT(.ctors.*))
 *crtend.o(.ctors)
                0x00003b30                . = ALIGN (0x4)
 *crtbegin.o(.dtors)
 *(EXCLUDE_FILE(*crtend.o) .dtors)
 *(SORT(.dtors.*))
 *crtend.o(.dtors)
                0x00003b30                . = ALIGN (0x4)
                0x00003b30                __cy_regions = .
                0x00003b30        0x4 LONG 0x3b40 __cy_region_init_ram
                0x00003b34        0x4 LONG 0x1fff80c8 __cy_region_start_data
                0x00003b38        0x4 LONG 0x80 __cy_region_init_size_ram
                0x00003b3c        0x4 LONG 0x88 __cy_region_zero_size_ram
                0x00003b40                __cy_regions_end = .
                0x00003b40                . = ALIGN (0x8)
                0x00003b40                _etext = .

.cy_checksum_exclude
                0x00003b40        0x0
 *(.cy_checksum_exclude)

.ramvectors     0x1fff8000       0xc0
                0x1fff8000                __cy_region_start_ram = .
 *(.ramvectors)
 .ramvectors    0x1fff8000       0xc0 .\CortexM3\ARM_GCC_541\Debug\Cm3Start.o
                0x1fff8000                CyRamVectors

.noinit         0x1fff80c0        0x1
 *(.noinit)
 .noinit        0x1fff80c0        0x1 .\CortexM3\ARM_GCC_541\Debug\Thermistor_Reading.a(CyLib.o)
                0x1fff80c0                CyResetStatus

.data           0x1fff80c8       0x80 load address 0x00003b40
                0x1fff80c8                __cy_region_start_data = .
 *(.jcr)
 .jcr           0x1fff80c8        0x0 c:/program files (x86)/cypress/psoc creator/4.4/psoc creator/import/gnu/arm/5.4.1/bin/../lib/gcc/arm-none-eabi/5.4.1/armv7-m/crtbegin.o
 .jcr           0x1fff80c8        0x4 c:/program files (x86)/cypress/psoc creator/4.4/psoc creator/import/gnu/arm/5.4.1/bin/../lib/gcc/arm-none-eabi/5.4.1/armv7-m/crtend.o
 *(.got.plt)
 *(.got)
 *(.shdata)
 *(.data .data.* .gnu.linkonce.d.*)
 .data          0x1fff80cc        0x1 .\CortexM3\ARM_GCC_541\Debug\Thermistor_Reading.a(ADC_DelSig_1.o)
                0x1fff80cc                ADC_DelSig_1_Config
 .data          0x1fff80cd        0x1 .\CortexM3\ARM_GCC_541\Debug\Thermistor_Reading.a(AMux_1.o)
 *fill*         0x1fff80ce        0x2 
 .data          0x1fff80d0       0x10 .\CortexM3\ARM_GCC_541\Debug\Thermistor_Reading.a(CyLib.o)
                0x1fff80d0                cydelay_32k_ms
                0x1fff80d4                cydelay_freq_khz
                0x1fff80d8                cydelay_freq_mhz
                0x1fff80dc                cydelay_freq_hz
 .data.__fdlib_version
                0x1fff80e0        0x1 c:/program files (x86)/cypress/psoc creator/4.4/psoc creator/import/gnu/arm/5.4.1/bin/../lib/gcc/arm-none-eabi/5.4.1/../../../../arm-none-eabi/lib/armv7-m\libm.a(lib_a-s_lib_ver.o)
                0x1fff80e0                __fdlib_version
 *fill*         0x1fff80e1        0x3 
 .data.impure_data
                0x1fff80e4       0x60 c:/program files (x86)/cypress/psoc creator/4.4/psoc creator/import/gnu/arm/5.4.1/bin/../lib/gcc/arm-none-eabi/5.4.1/../../../../arm-none-eabi/lib/armv7-m\libg_nano.a(lib_a-impure.o)
 .data._impure_ptr
                0x1fff8144        0x4 c:/program files (x86)/cypress/psoc creator/4.4/psoc creator/import/gnu/arm/5.4.1/bin/../lib/gcc/arm-none-eabi/5.4.1/../../../../arm-none-eabi/lib/armv7-m\libg_nano.a(lib_a-impure.o)
                0x1fff8144                _impure_ptr
                0x1fff8148                . = ALIGN (0x8)
 *(.ram)
                0x1fff8148                _edata = .

.igot.plt       0x1fff8148        0x0 load address 0x00003bc0
 .igot.plt      0x1fff8148        0x0 c:/program files (x86)/cypress/psoc creator/4.4/psoc creator/import/gnu/arm/5.4.1/bin/../lib/gcc/arm-none-eabi/5.4.1/armv7-m/crtbegin.o

.bss            0x1fff8148       0x88 load address 0x00003bc0
                0x1fff8148                PROVIDE (__bss_start__, .)
 *(.shbss)
 *(.bss .bss.* .gnu.linkonce.b.*)
 .bss           0x1fff8148       0x1c c:/program files (x86)/cypress/psoc creator/4.4/psoc creator/import/gnu/arm/5.4.1/bin/../lib/gcc/arm-none-eabi/5.4.1/armv7-m/crtbegin.o
 .bss           0x1fff8164       0x18 .\CortexM3\ARM_GCC_541\Debug\Thermistor_Reading.a(ADC_DelSig_1.o)
                0x1fff8174                ADC_DelSig_1_stopConversion
                0x1fff8175                ADC_DelSig_1_convDone
                0x1fff8176                ADC_DelSig_1_initVar
                0x1fff8177                ADC_DelSig_1_started
                0x1fff8178                ADC_DelSig_1_Offset
 .bss           0x1fff817c        0x2 .\CortexM3\ARM_GCC_541\Debug\Thermistor_Reading.a(LCD.o)
                0x1fff817c                LCD_enableState
                0x1fff817d                LCD_initVar
 *(COMMON)
 *fill*         0x1fff817e        0x2 
 COMMON         0x1fff8180       0x48 .\CortexM3\ARM_GCC_541\Debug\main.o
                0x1fff8180                R_1_mv_f
                0x1fff8184                thermistor_R
                0x1fff8188                temperature_K_f
                0x1fff818c                R_1_result
                0x1fff8190                thermistor_mv_f
                0x1fff8194                R_1_mv
                0x1fff8196                thermistor_mv
                0x1fff8198                loop_counter
                0x1fff819c                temperature
                0x1fff81a0                voltage_f
                0x1fff81a4                temperature_C_f
                0x1fff81a8                temperature_F
                0x1fff81ac                R_1_result_f
                0x1fff81b0                ratio_f
                0x1fff81b4                thermistor_result
                0x1fff81b8                thermistor_RB_f
                0x1fff81bc                current_mA_f
                0x1fff81c0                LCD_write_counter
                0x1fff81c4                thermistor_RA_f
 COMMON         0x1fff81c8        0x4 .\CortexM3\ARM_GCC_541\Debug\Thermistor_Reading.a(ADC_DelSig_1.o)
                0x1fff81c8                ADC_DelSig_1_CountsPerVolt
                0x1fff81d0                . = ALIGN (0x8)
 *fill*         0x1fff81cc        0x4 
 *(.ram.b)
                0x1fff81d0                _end = .
                0x1fff81d0                __end = .
                0x1fff81d0                PROVIDE (end, .)
                0x1fff81d0                PROVIDE (__bss_end__, .)
                0x00003b40                __cy_region_init_ram = LOADADDR (.data)
                0x00000080                __cy_region_init_size_ram = (_edata - ADDR (.data))
                0x00000088                __cy_region_zero_size_ram = (_end - _edata)

.heap           0x1fff81d0       0x80 load address 0x00003bc0
                0x1fff81d0                . = _end
                0x1fff8250                . = (. + 0x80)
 *fill*         0x1fff81d0       0x80 
                0x1fff8250                __cy_heap_limit = .

.stack          0x20007800      0x800
                0x20007800                __cy_stack_limit = .
                0x20008000                . = (. + 0x800)
 *fill*         0x20007800      0x800 
                0x00000001                ASSERT ((__cy_stack_limit >= __cy_heap_limit), region RAM overflowed with stack)
                0x00000000                cy_checksum_exclude_size = (CY_APPL_LOADABLE == 0x1)?SIZEOF (.cy_checksum_exclude):0x0
                0x00000001                ASSERT ((cy_checksum_exclude_size <= CY_CHECKSUM_EXCLUDE_SIZE), CY_BOOT: Section .cy_checksum_exclude size exceedes specified limit.)

.cyloadermeta
 *(.cyloadermeta)

.cyloadablemeta
 *(.cyloadablemeta)

.cyconfigecc    0x80000000       0x80
 *(.cyconfigecc)
 .cyconfigecc   0x80000000       0x80 .\CortexM3\ARM_GCC_541\Debug\cymetadata.o
                0x80000000                cy_meta_configecc

.cycustnvl      0x90000000        0x4
 *(.cycustnvl)
 .cycustnvl     0x90000000        0x4 .\CortexM3\ARM_GCC_541\Debug\cymetadata.o
                0x90000000                cy_meta_custnvl

.cywolatch      0x90100000        0x4
 *(.cywolatch)
 .cywolatch     0x90100000        0x4 .\CortexM3\ARM_GCC_541\Debug\cymetadata.o
                0x90100000                cy_meta_wonvl

.cyeeprom       0x90200000        0x0
 *(.cyeeprom)
                0x00000001                ASSERT ((. <= ((0x90200000 + ee_offset) + ee_size)), .cyeeprom data will not fit in EEPROM)

.cyflashprotect
                0x90400000      0x100
 *(.cyflashprotect)
 .cyflashprotect
                0x90400000      0x100 .\CortexM3\ARM_GCC_541\Debug\cymetadata.o
                0x90400000                cy_meta_flashprotect

.cymeta         0x90500000        0xc
 *(.cymeta)
 .cymeta        0x90500000        0xc .\CortexM3\ARM_GCC_541\Debug\cymetadata.o
                0x90500000                cy_metadata

.rel.dyn        0x00003bc0        0x0 load address 0x9050000c
 .rel.iplt      0x00003bc0        0x0 c:/program files (x86)/cypress/psoc creator/4.4/psoc creator/import/gnu/arm/5.4.1/bin/../lib/gcc/arm-none-eabi/5.4.1/armv7-m/crtbegin.o

.stab
 *(.stab)

.stabstr
 *(.stabstr)

.debug
 *(.debug)

.line
 *(.line)

.debug_srcinfo
 *(.debug_srcinfo)

.debug_sfnames
 *(.debug_sfnames)

.debug_aranges  0x00000000      0x898
 *(.debug_aranges)
 .debug_aranges
                0x00000000       0x20 .\CortexM3\ARM_GCC_541\Debug\main.o
 .debug_aranges
                0x00000020       0x78 .\CortexM3\ARM_GCC_541\Debug\cyfitter_cfg.o
 .debug_aranges
                0x00000098       0x18 .\CortexM3\ARM_GCC_541\Debug\cymetadata.o
 .debug_aranges
                0x000000b0       0x48 .\CortexM3\ARM_GCC_541\Debug\Cm3Start.o
 .debug_aranges
                0x000000f8       0xe8 .\CortexM3\ARM_GCC_541\Debug\Thermistor_Reading.a(ADC_DelSig_1.o)
 .debug_aranges
                0x000001e0       0x38 .\CortexM3\ARM_GCC_541\Debug\Thermistor_Reading.a(ADC_DelSig_1_INT.o)
 .debug_aranges
                0x00000218       0x38 .\CortexM3\ARM_GCC_541\Debug\Thermistor_Reading.a(AMux_1.o)
 .debug_aranges
                0x00000250       0x28 .\CortexM3\ARM_GCC_541\Debug\Thermistor_Reading.a(Ametherm_1DC103K_EC.o)
 .debug_aranges
                0x00000278       0x98 .\CortexM3\ARM_GCC_541\Debug\Thermistor_Reading.a(LCD.o)
 .debug_aranges
                0x00000310       0x70 .\CortexM3\ARM_GCC_541\Debug\Thermistor_Reading.a(ADC_DelSig_1_Ext_CP_Clk.o)
 .debug_aranges
                0x00000380       0x80 .\CortexM3\ARM_GCC_541\Debug\Thermistor_Reading.a(ADC_DelSig_1_theACLK.o)
 .debug_aranges
                0x00000400      0x2a0 .\CortexM3\ARM_GCC_541\Debug\Thermistor_Reading.a(CyLib.o)
 .debug_aranges
                0x000006a0       0x98 .\CortexM3\ARM_GCC_541\Debug\Thermistor_Reading.a(cyPm.o)
 .debug_aranges
                0x00000738       0x38 .\CortexM3\ARM_GCC_541\Debug\Thermistor_Reading.a(P3_6.o)
 .debug_aranges
                0x00000770       0x20 .\CortexM3\ARM_GCC_541\Debug\Thermistor_Reading.a(CyBootAsmGnu.o)
 .debug_aranges
                0x00000790       0x88 .\CortexM3\ARM_GCC_541\Debug\Thermistor_Reading.a(CyFlash.o)
 .debug_aranges
                0x00000818       0x80 .\CortexM3\ARM_GCC_541\Debug\Thermistor_Reading.a(CySpc.o)

.debug_pubnames
 *(.debug_pubnames)

.debug_info     0x00000000     0x573d
 *(.debug_info .gnu.linkonce.wi.*)
 .debug_info    0x00000000      0x50a .\CortexM3\ARM_GCC_541\Debug\main.o
 .debug_info    0x0000050a      0x617 .\CortexM3\ARM_GCC_541\Debug\cyfitter_cfg.o
 .debug_info    0x00000b21      0x134 .\CortexM3\ARM_GCC_541\Debug\cymetadata.o
 .debug_info    0x00000c55      0x3bb .\CortexM3\ARM_GCC_541\Debug\Cm3Start.o
 .debug_info    0x00001010      0xb92 .\CortexM3\ARM_GCC_541\Debug\Thermistor_Reading.a(ADC_DelSig_1.o)
 .debug_info    0x00001ba2       0xd3 .\CortexM3\ARM_GCC_541\Debug\Thermistor_Reading.a(ADC_DelSig_1_INT.o)
 .debug_info    0x00001c75      0x1cd .\CortexM3\ARM_GCC_541\Debug\Thermistor_Reading.a(AMux_1.o)
 .debug_info    0x00001e42      0x1a9 .\CortexM3\ARM_GCC_541\Debug\Thermistor_Reading.a(Ametherm_1DC103K_EC.o)
 .debug_info    0x00001feb      0x715 .\CortexM3\ARM_GCC_541\Debug\Thermistor_Reading.a(LCD.o)
 .debug_info    0x00002700      0x283 .\CortexM3\ARM_GCC_541\Debug\Thermistor_Reading.a(ADC_DelSig_1_Ext_CP_Clk.o)
 .debug_info    0x00002983      0x2c4 .\CortexM3\ARM_GCC_541\Debug\Thermistor_Reading.a(ADC_DelSig_1_theACLK.o)
 .debug_info    0x00002c47     0x1374 .\CortexM3\ARM_GCC_541\Debug\Thermistor_Reading.a(CyLib.o)
 .debug_info    0x00003fbb      0xa2a .\CortexM3\ARM_GCC_541\Debug\Thermistor_Reading.a(cyPm.o)
 .debug_info    0x000049e5      0x11f .\CortexM3\ARM_GCC_541\Debug\Thermistor_Reading.a(P3_6.o)
 .debug_info    0x00004b04       0x9c .\CortexM3\ARM_GCC_541\Debug\Thermistor_Reading.a(CyBootAsmGnu.o)
 .debug_info    0x00004ba0      0x64d .\CortexM3\ARM_GCC_541\Debug\Thermistor_Reading.a(CyFlash.o)
 .debug_info    0x000051ed      0x550 .\CortexM3\ARM_GCC_541\Debug\Thermistor_Reading.a(CySpc.o)

.debug_abbrev   0x00000000     0x1461
 *(.debug_abbrev)
 .debug_abbrev  0x00000000       0xcc .\CortexM3\ARM_GCC_541\Debug\main.o
 .debug_abbrev  0x000000cc      0x21e .\CortexM3\ARM_GCC_541\Debug\cyfitter_cfg.o
 .debug_abbrev  0x000002ea       0x5d .\CortexM3\ARM_GCC_541\Debug\cymetadata.o
 .debug_abbrev  0x00000347      0x1e8 .\CortexM3\ARM_GCC_541\Debug\Cm3Start.o
 .debug_abbrev  0x0000052f      0x1eb .\CortexM3\ARM_GCC_541\Debug\Thermistor_Reading.a(ADC_DelSig_1.o)
 .debug_abbrev  0x0000071a       0x42 .\CortexM3\ARM_GCC_541\Debug\Thermistor_Reading.a(ADC_DelSig_1_INT.o)
 .debug_abbrev  0x0000075c       0xbe .\CortexM3\ARM_GCC_541\Debug\Thermistor_Reading.a(AMux_1.o)
 .debug_abbrev  0x0000081a       0xb8 .\CortexM3\ARM_GCC_541\Debug\Thermistor_Reading.a(Ametherm_1DC103K_EC.o)
 .debug_abbrev  0x000008d2      0x157 .\CortexM3\ARM_GCC_541\Debug\Thermistor_Reading.a(LCD.o)
 .debug_abbrev  0x00000a29      0x139 .\CortexM3\ARM_GCC_541\Debug\Thermistor_Reading.a(ADC_DelSig_1_Ext_CP_Clk.o)
 .debug_abbrev  0x00000b62      0x121 .\CortexM3\ARM_GCC_541\Debug\Thermistor_Reading.a(ADC_DelSig_1_theACLK.o)
 .debug_abbrev  0x00000c83      0x254 .\CortexM3\ARM_GCC_541\Debug\Thermistor_Reading.a(CyLib.o)
 .debug_abbrev  0x00000ed7      0x1ab .\CortexM3\ARM_GCC_541\Debug\Thermistor_Reading.a(cyPm.o)
 .debug_abbrev  0x00001082       0x90 .\CortexM3\ARM_GCC_541\Debug\Thermistor_Reading.a(P3_6.o)
 .debug_abbrev  0x00001112       0x14 .\CortexM3\ARM_GCC_541\Debug\Thermistor_Reading.a(CyBootAsmGnu.o)
 .debug_abbrev  0x00001126      0x1a7 .\CortexM3\ARM_GCC_541\Debug\Thermistor_Reading.a(CyFlash.o)
 .debug_abbrev  0x000012cd      0x194 .\CortexM3\ARM_GCC_541\Debug\Thermistor_Reading.a(CySpc.o)

.debug_line     0x00000000     0x23aa
 *(.debug_line)
 .debug_line    0x00000000      0x1e8 .\CortexM3\ARM_GCC_541\Debug\main.o
 .debug_line    0x000001e8      0x23d .\CortexM3\ARM_GCC_541\Debug\cyfitter_cfg.o
 .debug_line    0x00000425      0x141 .\CortexM3\ARM_GCC_541\Debug\cymetadata.o
 .debug_line    0x00000566      0x234 .\CortexM3\ARM_GCC_541\Debug\Cm3Start.o
 .debug_line    0x0000079a      0x3cb .\CortexM3\ARM_GCC_541\Debug\Thermistor_Reading.a(ADC_DelSig_1.o)
 .debug_line    0x00000b65       0x89 .\CortexM3\ARM_GCC_541\Debug\Thermistor_Reading.a(ADC_DelSig_1_INT.o)
 .debug_line    0x00000bee       0xc4 .\CortexM3\ARM_GCC_541\Debug\Thermistor_Reading.a(AMux_1.o)
 .debug_line    0x00000cb2       0xfe .\CortexM3\ARM_GCC_541\Debug\Thermistor_Reading.a(Ametherm_1DC103K_EC.o)
 .debug_line    0x00000db0      0x1e0 .\CortexM3\ARM_GCC_541\Debug\Thermistor_Reading.a(LCD.o)
 .debug_line    0x00000f90      0x186 .\CortexM3\ARM_GCC_541\Debug\Thermistor_Reading.a(ADC_DelSig_1_Ext_CP_Clk.o)
 .debug_line    0x00001116      0x1a6 .\CortexM3\ARM_GCC_541\Debug\Thermistor_Reading.a(ADC_DelSig_1_theACLK.o)
 .debug_line    0x000012bc      0x816 .\CortexM3\ARM_GCC_541\Debug\Thermistor_Reading.a(CyLib.o)
 .debug_line    0x00001ad2      0x367 .\CortexM3\ARM_GCC_541\Debug\Thermistor_Reading.a(cyPm.o)
 .debug_line    0x00001e39       0x91 .\CortexM3\ARM_GCC_541\Debug\Thermistor_Reading.a(P3_6.o)
 .debug_line    0x00001eca       0x66 .\CortexM3\ARM_GCC_541\Debug\Thermistor_Reading.a(CyBootAsmGnu.o)
 .debug_line    0x00001f30      0x21a .\CortexM3\ARM_GCC_541\Debug\Thermistor_Reading.a(CyFlash.o)
 .debug_line    0x0000214a      0x260 .\CortexM3\ARM_GCC_541\Debug\Thermistor_Reading.a(CySpc.o)

.debug_frame    0x00000000     0x1970
 *(.debug_frame)
 .debug_frame   0x00000000       0x2c .\CortexM3\ARM_GCC_541\Debug\main.o
 .debug_frame   0x0000002c      0x154 .\CortexM3\ARM_GCC_541\Debug\cyfitter_cfg.o
 .debug_frame   0x00000180       0xb8 .\CortexM3\ARM_GCC_541\Debug\Cm3Start.o
 .debug_frame   0x00000238      0x284 .\CortexM3\ARM_GCC_541\Debug\Thermistor_Reading.a(ADC_DelSig_1.o)
 .debug_frame   0x000004bc       0x50 .\CortexM3\ARM_GCC_541\Debug\Thermistor_Reading.a(ADC_DelSig_1_INT.o)
 .debug_frame   0x0000050c       0x80 .\CortexM3\ARM_GCC_541\Debug\Thermistor_Reading.a(AMux_1.o)
 .debug_frame   0x0000058c       0x48 .\CortexM3\ARM_GCC_541\Debug\Thermistor_Reading.a(Ametherm_1DC103K_EC.o)
 .debug_frame   0x000005d4      0x1e8 .\CortexM3\ARM_GCC_541\Debug\Thermistor_Reading.a(LCD.o)
 .debug_frame   0x000007bc       0xe0 .\CortexM3\ARM_GCC_541\Debug\Thermistor_Reading.a(ADC_DelSig_1_Ext_CP_Clk.o)
 .debug_frame   0x0000089c      0x100 .\CortexM3\ARM_GCC_541\Debug\Thermistor_Reading.a(ADC_DelSig_1_theACLK.o)
 .debug_frame   0x0000099c      0x738 .\CortexM3\ARM_GCC_541\Debug\Thermistor_Reading.a(CyLib.o)
 .debug_frame   0x000010d4      0x1f8 .\CortexM3\ARM_GCC_541\Debug\Thermistor_Reading.a(cyPm.o)
 .debug_frame   0x000012cc       0x50 .\CortexM3\ARM_GCC_541\Debug\Thermistor_Reading.a(P3_6.o)
 .debug_frame   0x0000131c      0x194 .\CortexM3\ARM_GCC_541\Debug\Thermistor_Reading.a(CyFlash.o)
 .debug_frame   0x000014b0      0x180 .\CortexM3\ARM_GCC_541\Debug\Thermistor_Reading.a(CySpc.o)
 .debug_frame   0x00001630       0x40 c:/program files (x86)/cypress/psoc creator/4.4/psoc creator/import/gnu/arm/5.4.1/bin/../lib/gcc/arm-none-eabi/5.4.1/../../../../arm-none-eabi/lib/armv7-m\libm.a(lib_a-w_log.o)
 .debug_frame   0x00001670       0x4c c:/program files (x86)/cypress/psoc creator/4.4/psoc creator/import/gnu/arm/5.4.1/bin/../lib/gcc/arm-none-eabi/5.4.1/../../../../arm-none-eabi/lib/armv7-m\libm.a(lib_a-w_pow.o)
 .debug_frame   0x000016bc       0x54 c:/program files (x86)/cypress/psoc creator/4.4/psoc creator/import/gnu/arm/5.4.1/bin/../lib/gcc/arm-none-eabi/5.4.1/../../../../arm-none-eabi/lib/armv7-m\libm.a(lib_a-e_log.o)
 .debug_frame   0x00001710       0x68 c:/program files (x86)/cypress/psoc creator/4.4/psoc creator/import/gnu/arm/5.4.1/bin/../lib/gcc/arm-none-eabi/5.4.1/../../../../arm-none-eabi/lib/armv7-m\libm.a(lib_a-e_pow.o)
 .debug_frame   0x00001778       0x30 c:/program files (x86)/cypress/psoc creator/4.4/psoc creator/import/gnu/arm/5.4.1/bin/../lib/gcc/arm-none-eabi/5.4.1/../../../../arm-none-eabi/lib/armv7-m\libm.a(lib_a-e_sqrt.o)
 .debug_frame   0x000017a8       0x20 c:/program files (x86)/cypress/psoc creator/4.4/psoc creator/import/gnu/arm/5.4.1/bin/../lib/gcc/arm-none-eabi/5.4.1/../../../../arm-none-eabi/lib/armv7-m\libm.a(lib_a-s_fabs.o)
 .debug_frame   0x000017c8       0x20 c:/program files (x86)/cypress/psoc creator/4.4/psoc creator/import/gnu/arm/5.4.1/bin/../lib/gcc/arm-none-eabi/5.4.1/../../../../arm-none-eabi/lib/armv7-m\libm.a(lib_a-s_finite.o)
 .debug_frame   0x000017e8       0x20 c:/program files (x86)/cypress/psoc creator/4.4/psoc creator/import/gnu/arm/5.4.1/bin/../lib/gcc/arm-none-eabi/5.4.1/../../../../arm-none-eabi/lib/armv7-m\libm.a(lib_a-s_matherr.o)
 .debug_frame   0x00001808       0x20 c:/program files (x86)/cypress/psoc creator/4.4/psoc creator/import/gnu/arm/5.4.1/bin/../lib/gcc/arm-none-eabi/5.4.1/../../../../arm-none-eabi/lib/armv7-m\libm.a(lib_a-s_nan.o)
 .debug_frame   0x00001828       0x3c c:/program files (x86)/cypress/psoc creator/4.4/psoc creator/import/gnu/arm/5.4.1/bin/../lib/gcc/arm-none-eabi/5.4.1/../../../../arm-none-eabi/lib/armv7-m\libm.a(lib_a-s_rint.o)
 .debug_frame   0x00001864       0x30 c:/program files (x86)/cypress/psoc creator/4.4/psoc creator/import/gnu/arm/5.4.1/bin/../lib/gcc/arm-none-eabi/5.4.1/../../../../arm-none-eabi/lib/armv7-m\libm.a(lib_a-s_scalbn.o)
 .debug_frame   0x00001894       0x20 c:/program files (x86)/cypress/psoc creator/4.4/psoc creator/import/gnu/arm/5.4.1/bin/../lib/gcc/arm-none-eabi/5.4.1/../../../../arm-none-eabi/lib/armv7-m\libm.a(lib_a-s_copysign.o)
 .debug_frame   0x000018b4       0x20 c:/program files (x86)/cypress/psoc creator/4.4/psoc creator/import/gnu/arm/5.4.1/bin/../lib/gcc/arm-none-eabi/5.4.1/../../../../arm-none-eabi/lib/armv7-m\libg_nano.a(lib_a-errno.o)
 .debug_frame   0x000018d4       0x28 c:/program files (x86)/cypress/psoc creator/4.4/psoc creator/import/gnu/arm/5.4.1/bin/../lib/gcc/arm-none-eabi/5.4.1/../../../../arm-none-eabi/lib/armv7-m\libg_nano.a(lib_a-exit.o)
 .debug_frame   0x000018fc       0x2c c:/program files (x86)/cypress/psoc creator/4.4/psoc creator/import/gnu/arm/5.4.1/bin/../lib/gcc/arm-none-eabi/5.4.1/../../../../arm-none-eabi/lib/armv7-m\libg_nano.a(lib_a-init.o)
 .debug_frame   0x00001928       0x28 c:/program files (x86)/cypress/psoc creator/4.4/psoc creator/import/gnu/arm/5.4.1/bin/../lib/gcc/arm-none-eabi/5.4.1/../../../../arm-none-eabi/lib/armv7-m\libg_nano.a(lib_a-memcpy-stub.o)
 .debug_frame   0x00001950       0x20 c:/program files (x86)/cypress/psoc creator/4.4/psoc creator/import/gnu/arm/5.4.1/bin/../lib/gcc/arm-none-eabi/5.4.1/../../../../arm-none-eabi/lib/armv7-m\libg_nano.a(lib_a-memset.o)

.debug_str      0x00000000     0x2079
 *(.debug_str)
 .debug_str     0x00000000      0x3b2 .\CortexM3\ARM_GCC_541\Debug\main.o
                                0x400 (size before relaxing)
 .debug_str     0x000003b2      0x261 .\CortexM3\ARM_GCC_541\Debug\cyfitter_cfg.o
                                0x403 (size before relaxing)
 .debug_str     0x00000613       0x7f .\CortexM3\ARM_GCC_541\Debug\cymetadata.o
                                0x1f0 (size before relaxing)
 .debug_str     0x00000692      0x144 .\CortexM3\ARM_GCC_541\Debug\Cm3Start.o
                                0x316 (size before relaxing)
 .debug_str     0x000007d6      0x4ae .\CortexM3\ARM_GCC_541\Debug\Thermistor_Reading.a(ADC_DelSig_1.o)
                                0x72d (size before relaxing)
 .debug_str     0x00000c84       0x72 .\CortexM3\ARM_GCC_541\Debug\Thermistor_Reading.a(ADC_DelSig_1_INT.o)
                                0x1f9 (size before relaxing)
 .debug_str     0x00000cf6       0x5f .\CortexM3\ARM_GCC_541\Debug\Thermistor_Reading.a(AMux_1.o)
                                0x262 (size before relaxing)
 .debug_str     0x00000d55       0x69 .\CortexM3\ARM_GCC_541\Debug\Thermistor_Reading.a(Ametherm_1DC103K_EC.o)
                                0x257 (size before relaxing)
 .debug_str     0x00000dbe      0x131 .\CortexM3\ARM_GCC_541\Debug\Thermistor_Reading.a(LCD.o)
                                0x337 (size before relaxing)
 .debug_str     0x00000eef      0x1cd .\CortexM3\ARM_GCC_541\Debug\Thermistor_Reading.a(ADC_DelSig_1_Ext_CP_Clk.o)
                                0x3ba (size before relaxing)
 .debug_str     0x000010bc      0x1bb .\CortexM3\ARM_GCC_541\Debug\Thermistor_Reading.a(ADC_DelSig_1_theACLK.o)
                                0x3eb (size before relaxing)
 .debug_str     0x00001277      0x7e0 .\CortexM3\ARM_GCC_541\Debug\Thermistor_Reading.a(CyLib.o)
                                0xa53 (size before relaxing)
 .debug_str     0x00001a57      0x365 .\CortexM3\ARM_GCC_541\Debug\Thermistor_Reading.a(cyPm.o)
                                0x73f (size before relaxing)
 .debug_str     0x00001dbc       0x56 .\CortexM3\ARM_GCC_541\Debug\Thermistor_Reading.a(P3_6.o)
                                0x1e9 (size before relaxing)
 .debug_str     0x00001e12      0x1bb .\CortexM3\ARM_GCC_541\Debug\Thermistor_Reading.a(CyFlash.o)
                                0x3cc (size before relaxing)
 .debug_str     0x00001fcd       0xac .\CortexM3\ARM_GCC_541\Debug\Thermistor_Reading.a(CySpc.o)
                                0x344 (size before relaxing)

.debug_loc      0x00000000     0x297f
 *(.debug_loc)
 .debug_loc     0x00000000      0x333 .\CortexM3\ARM_GCC_541\Debug\cyfitter_cfg.o
 .debug_loc     0x00000333      0x144 .\CortexM3\ARM_GCC_541\Debug\Cm3Start.o
 .debug_loc     0x00000477      0x681 .\CortexM3\ARM_GCC_541\Debug\Thermistor_Reading.a(ADC_DelSig_1.o)
 .debug_loc     0x00000af8       0x6c .\CortexM3\ARM_GCC_541\Debug\Thermistor_Reading.a(AMux_1.o)
 .debug_loc     0x00000b64       0xee .\CortexM3\ARM_GCC_541\Debug\Thermistor_Reading.a(Ametherm_1DC103K_EC.o)
 .debug_loc     0x00000c52      0x3c6 .\CortexM3\ARM_GCC_541\Debug\Thermistor_Reading.a(LCD.o)
 .debug_loc     0x00001018      0x12c .\CortexM3\ARM_GCC_541\Debug\Thermistor_Reading.a(ADC_DelSig_1_Ext_CP_Clk.o)
 .debug_loc     0x00001144      0x14d .\CortexM3\ARM_GCC_541\Debug\Thermistor_Reading.a(ADC_DelSig_1_theACLK.o)
 .debug_loc     0x00001291      0xa11 .\CortexM3\ARM_GCC_541\Debug\Thermistor_Reading.a(CyLib.o)
 .debug_loc     0x00001ca2      0x1e4 .\CortexM3\ARM_GCC_541\Debug\Thermistor_Reading.a(cyPm.o)
 .debug_loc     0x00001e86       0x42 .\CortexM3\ARM_GCC_541\Debug\Thermistor_Reading.a(P3_6.o)
 .debug_loc     0x00001ec8      0x3b2 .\CortexM3\ARM_GCC_541\Debug\Thermistor_Reading.a(CyFlash.o)
 .debug_loc     0x0000227a      0x705 .\CortexM3\ARM_GCC_541\Debug\Thermistor_Reading.a(CySpc.o)

.debug_macinfo
 *(.debug_macinfo)

.debug_ranges   0x00000000      0x770
 *(.debug_ranges)
 .debug_ranges  0x00000000       0x10 .\CortexM3\ARM_GCC_541\Debug\main.o
 .debug_ranges  0x00000010       0x68 .\CortexM3\ARM_GCC_541\Debug\cyfitter_cfg.o
 .debug_ranges  0x00000078       0x38 .\CortexM3\ARM_GCC_541\Debug\Cm3Start.o
 .debug_ranges  0x000000b0       0xd8 .\CortexM3\ARM_GCC_541\Debug\Thermistor_Reading.a(ADC_DelSig_1.o)
 .debug_ranges  0x00000188       0x28 .\CortexM3\ARM_GCC_541\Debug\Thermistor_Reading.a(ADC_DelSig_1_INT.o)
 .debug_ranges  0x000001b0       0x28 .\CortexM3\ARM_GCC_541\Debug\Thermistor_Reading.a(AMux_1.o)
 .debug_ranges  0x000001d8       0x18 .\CortexM3\ARM_GCC_541\Debug\Thermistor_Reading.a(Ametherm_1DC103K_EC.o)
 .debug_ranges  0x000001f0       0x88 .\CortexM3\ARM_GCC_541\Debug\Thermistor_Reading.a(LCD.o)
 .debug_ranges  0x00000278       0x60 .\CortexM3\ARM_GCC_541\Debug\Thermistor_Reading.a(ADC_DelSig_1_Ext_CP_Clk.o)
 .debug_ranges  0x000002d8       0x70 .\CortexM3\ARM_GCC_541\Debug\Thermistor_Reading.a(ADC_DelSig_1_theACLK.o)
 .debug_ranges  0x00000348      0x290 .\CortexM3\ARM_GCC_541\Debug\Thermistor_Reading.a(CyLib.o)
 .debug_ranges  0x000005d8       0x88 .\CortexM3\ARM_GCC_541\Debug\Thermistor_Reading.a(cyPm.o)
 .debug_ranges  0x00000660       0x28 .\CortexM3\ARM_GCC_541\Debug\Thermistor_Reading.a(P3_6.o)
 .debug_ranges  0x00000688       0x78 .\CortexM3\ARM_GCC_541\Debug\Thermistor_Reading.a(CyFlash.o)
 .debug_ranges  0x00000700       0x70 .\CortexM3\ARM_GCC_541\Debug\Thermistor_Reading.a(CySpc.o)

.comment        0x00000000       0x6e
 .comment       0x00000000       0x6e .\CortexM3\ARM_GCC_541\Debug\main.o
                                 0x6f (size before relaxing)
 .comment       0x0000006e       0x6f .\CortexM3\ARM_GCC_541\Debug\cyfitter_cfg.o
 .comment       0x0000006e       0x6f .\CortexM3\ARM_GCC_541\Debug\cymetadata.o
 .comment       0x0000006e       0x6f .\CortexM3\ARM_GCC_541\Debug\Cm3Start.o
 .comment       0x0000006e       0x6f .\CortexM3\ARM_GCC_541\Debug\Thermistor_Reading.a(ADC_DelSig_1.o)
 .comment       0x0000006e       0x6f .\CortexM3\ARM_GCC_541\Debug\Thermistor_Reading.a(ADC_DelSig_1_INT.o)
 .comment       0x0000006e       0x6f .\CortexM3\ARM_GCC_541\Debug\Thermistor_Reading.a(AMux_1.o)
 .comment       0x0000006e       0x6f .\CortexM3\ARM_GCC_541\Debug\Thermistor_Reading.a(Ametherm_1DC103K_EC.o)
 .comment       0x0000006e       0x6f .\CortexM3\ARM_GCC_541\Debug\Thermistor_Reading.a(LCD.o)
 .comment       0x0000006e       0x6f .\CortexM3\ARM_GCC_541\Debug\Thermistor_Reading.a(ADC_DelSig_1_Ext_CP_Clk.o)
 .comment       0x0000006e       0x6f .\CortexM3\ARM_GCC_541\Debug\Thermistor_Reading.a(ADC_DelSig_1_theACLK.o)
 .comment       0x0000006e       0x6f .\CortexM3\ARM_GCC_541\Debug\Thermistor_Reading.a(CyLib.o)
 .comment       0x0000006e       0x6f .\CortexM3\ARM_GCC_541\Debug\Thermistor_Reading.a(cyPm.o)
 .comment       0x0000006e       0x6f .\CortexM3\ARM_GCC_541\Debug\Thermistor_Reading.a(P3_6.o)
 .comment       0x0000006e       0x6f .\CortexM3\ARM_GCC_541\Debug\Thermistor_Reading.a(CyFlash.o)
 .comment       0x0000006e       0x6f .\CortexM3\ARM_GCC_541\Debug\Thermistor_Reading.a(CySpc.o)

.debug_weaknames
 *(.debug_weaknames)

.debug_funcnames
 *(.debug_funcnames)

.debug_typenames
 *(.debug_typenames)

.debug_varnames
 *(.debug_varnames)

.note.gnu.arm.ident
 *(.note.gnu.arm.ident)

.ARM.attributes
                0x00000000       0x29
 *(.ARM.attributes)
 .ARM.attributes
                0x00000000       0x1d c:/program files (x86)/cypress/psoc creator/4.4/psoc creator/import/gnu/arm/5.4.1/bin/../lib/gcc/arm-none-eabi/5.4.1/armv7-m/crti.o
 .ARM.attributes
                0x0000001d       0x2d c:/program files (x86)/cypress/psoc creator/4.4/psoc creator/import/gnu/arm/5.4.1/bin/../lib/gcc/arm-none-eabi/5.4.1/armv7-m/crtbegin.o
 .ARM.attributes
                0x0000004a       0x1b c:/program files (x86)/cypress/psoc creator/4.4/psoc creator/import/gnu/arm/5.4.1/bin/../lib/gcc/arm-none-eabi/5.4.1/../../../../arm-none-eabi/lib/armv7-m/crt0.o
 .ARM.attributes
                0x00000065       0x33 .\CortexM3\ARM_GCC_541\Debug\main.o
 .ARM.attributes
                0x00000098       0x33 .\CortexM3\ARM_GCC_541\Debug\cyfitter_cfg.o
 .ARM.attributes
                0x000000cb       0x33 .\CortexM3\ARM_GCC_541\Debug\cymetadata.o
 .ARM.attributes
                0x000000fe       0x33 .\CortexM3\ARM_GCC_541\Debug\Cm3Start.o
 .ARM.attributes
                0x00000131       0x33 .\CortexM3\ARM_GCC_541\Debug\Thermistor_Reading.a(ADC_DelSig_1.o)
 .ARM.attributes
                0x00000164       0x33 .\CortexM3\ARM_GCC_541\Debug\Thermistor_Reading.a(ADC_DelSig_1_INT.o)
 .ARM.attributes
                0x00000197       0x33 .\CortexM3\ARM_GCC_541\Debug\Thermistor_Reading.a(AMux_1.o)
 .ARM.attributes
                0x000001ca       0x33 .\CortexM3\ARM_GCC_541\Debug\Thermistor_Reading.a(Ametherm_1DC103K_EC.o)
 .ARM.attributes
                0x000001fd       0x33 .\CortexM3\ARM_GCC_541\Debug\Thermistor_Reading.a(LCD.o)
 .ARM.attributes
                0x00000230       0x33 .\CortexM3\ARM_GCC_541\Debug\Thermistor_Reading.a(ADC_DelSig_1_Ext_CP_Clk.o)
 .ARM.attributes
                0x00000263       0x33 .\CortexM3\ARM_GCC_541\Debug\Thermistor_Reading.a(ADC_DelSig_1_theACLK.o)
 .ARM.attributes
                0x00000296       0x33 .\CortexM3\ARM_GCC_541\Debug\Thermistor_Reading.a(CyLib.o)
 .ARM.attributes
                0x000002c9       0x33 .\CortexM3\ARM_GCC_541\Debug\Thermistor_Reading.a(cyPm.o)
 .ARM.attributes
                0x000002fc       0x33 .\CortexM3\ARM_GCC_541\Debug\Thermistor_Reading.a(P3_6.o)
 .ARM.attributes
                0x0000032f       0x21 .\CortexM3\ARM_GCC_541\Debug\Thermistor_Reading.a(CyBootAsmGnu.o)
 .ARM.attributes
                0x00000350       0x33 .\CortexM3\ARM_GCC_541\Debug\Thermistor_Reading.a(CyFlash.o)
 .ARM.attributes
                0x00000383       0x33 .\CortexM3\ARM_GCC_541\Debug\Thermistor_Reading.a(CySpc.o)
 .ARM.attributes
                0x000003b6       0x2d c:/program files (x86)/cypress/psoc creator/4.4/psoc creator/import/gnu/arm/5.4.1/bin/../lib/gcc/arm-none-eabi/5.4.1/../../../../arm-none-eabi/lib/armv7-m\libm.a(lib_a-w_log.o)
 .ARM.attributes
                0x000003e3       0x2d c:/program files (x86)/cypress/psoc creator/4.4/psoc creator/import/gnu/arm/5.4.1/bin/../lib/gcc/arm-none-eabi/5.4.1/../../../../arm-none-eabi/lib/armv7-m\libm.a(lib_a-w_pow.o)
 .ARM.attributes
                0x00000410       0x2d c:/program files (x86)/cypress/psoc creator/4.4/psoc creator/import/gnu/arm/5.4.1/bin/../lib/gcc/arm-none-eabi/5.4.1/../../../../arm-none-eabi/lib/armv7-m\libm.a(lib_a-e_log.o)
 .ARM.attributes
                0x0000043d       0x2d c:/program files (x86)/cypress/psoc creator/4.4/psoc creator/import/gnu/arm/5.4.1/bin/../lib/gcc/arm-none-eabi/5.4.1/../../../../arm-none-eabi/lib/armv7-m\libm.a(lib_a-e_pow.o)
 .ARM.attributes
                0x0000046a       0x2d c:/program files (x86)/cypress/psoc creator/4.4/psoc creator/import/gnu/arm/5.4.1/bin/../lib/gcc/arm-none-eabi/5.4.1/../../../../arm-none-eabi/lib/armv7-m\libm.a(lib_a-e_sqrt.o)
 .ARM.attributes
                0x00000497       0x2d c:/program files (x86)/cypress/psoc creator/4.4/psoc creator/import/gnu/arm/5.4.1/bin/../lib/gcc/arm-none-eabi/5.4.1/../../../../arm-none-eabi/lib/armv7-m\libm.a(lib_a-s_fabs.o)
 .ARM.attributes
                0x000004c4       0x2d c:/program files (x86)/cypress/psoc creator/4.4/psoc creator/import/gnu/arm/5.4.1/bin/../lib/gcc/arm-none-eabi/5.4.1/../../../../arm-none-eabi/lib/armv7-m\libm.a(lib_a-s_finite.o)
 .ARM.attributes
                0x000004f1       0x2d c:/program files (x86)/cypress/psoc creator/4.4/psoc creator/import/gnu/arm/5.4.1/bin/../lib/gcc/arm-none-eabi/5.4.1/../../../../arm-none-eabi/lib/armv7-m\libm.a(lib_a-s_lib_ver.o)
 .ARM.attributes
                0x0000051e       0x2d c:/program files (x86)/cypress/psoc creator/4.4/psoc creator/import/gnu/arm/5.4.1/bin/../lib/gcc/arm-none-eabi/5.4.1/../../../../arm-none-eabi/lib/armv7-m\libm.a(lib_a-s_matherr.o)
 .ARM.attributes
                0x0000054b       0x2d c:/program files (x86)/cypress/psoc creator/4.4/psoc creator/import/gnu/arm/5.4.1/bin/../lib/gcc/arm-none-eabi/5.4.1/../../../../arm-none-eabi/lib/armv7-m\libm.a(lib_a-s_nan.o)
 .ARM.attributes
                0x00000578       0x2d c:/program files (x86)/cypress/psoc creator/4.4/psoc creator/import/gnu/arm/5.4.1/bin/../lib/gcc/arm-none-eabi/5.4.1/../../../../arm-none-eabi/lib/armv7-m\libm.a(lib_a-s_rint.o)
 .ARM.attributes
                0x000005a5       0x2d c:/program files (x86)/cypress/psoc creator/4.4/psoc creator/import/gnu/arm/5.4.1/bin/../lib/gcc/arm-none-eabi/5.4.1/../../../../arm-none-eabi/lib/armv7-m\libm.a(lib_a-s_scalbn.o)
 .ARM.attributes
                0x000005d2       0x2d c:/program files (x86)/cypress/psoc creator/4.4/psoc creator/import/gnu/arm/5.4.1/bin/../lib/gcc/arm-none-eabi/5.4.1/../../../../arm-none-eabi/lib/armv7-m\libm.a(lib_a-s_copysign.o)
 .ARM.attributes
                0x000005ff       0x1d c:/program files (x86)/cypress/psoc creator/4.4/psoc creator/import/gnu/arm/5.4.1/bin/../lib/gcc/arm-none-eabi/5.4.1/armv7-m\libgcc.a(_arm_addsubdf3.o)
 .ARM.attributes
                0x0000061c       0x1d c:/program files (x86)/cypress/psoc creator/4.4/psoc creator/import/gnu/arm/5.4.1/bin/../lib/gcc/arm-none-eabi/5.4.1/armv7-m\libgcc.a(_arm_muldivdf3.o)
 .ARM.attributes
                0x00000639       0x1d c:/program files (x86)/cypress/psoc creator/4.4/psoc creator/import/gnu/arm/5.4.1/bin/../lib/gcc/arm-none-eabi/5.4.1/armv7-m\libgcc.a(_arm_cmpdf2.o)
 .ARM.attributes
                0x00000656       0x1d c:/program files (x86)/cypress/psoc creator/4.4/psoc creator/import/gnu/arm/5.4.1/bin/../lib/gcc/arm-none-eabi/5.4.1/armv7-m\libgcc.a(_arm_unorddf2.o)
 .ARM.attributes
                0x00000673       0x1d c:/program files (x86)/cypress/psoc creator/4.4/psoc creator/import/gnu/arm/5.4.1/bin/../lib/gcc/arm-none-eabi/5.4.1/armv7-m\libgcc.a(_arm_truncdfsf2.o)
 .ARM.attributes
                0x00000690       0x1d c:/program files (x86)/cypress/psoc creator/4.4/psoc creator/import/gnu/arm/5.4.1/bin/../lib/gcc/arm-none-eabi/5.4.1/armv7-m\libgcc.a(_arm_addsubsf3.o)
 .ARM.attributes
                0x000006ad       0x1d c:/program files (x86)/cypress/psoc creator/4.4/psoc creator/import/gnu/arm/5.4.1/bin/../lib/gcc/arm-none-eabi/5.4.1/armv7-m\libgcc.a(_arm_muldivsf3.o)
 .ARM.attributes
                0x000006ca       0x1d c:/program files (x86)/cypress/psoc creator/4.4/psoc creator/import/gnu/arm/5.4.1/bin/../lib/gcc/arm-none-eabi/5.4.1/armv7-m\libgcc.a(_arm_fixsfsi.o)
 .ARM.attributes
                0x000006e7       0x1d c:/program files (x86)/cypress/psoc creator/4.4/psoc creator/import/gnu/arm/5.4.1/bin/../lib/gcc/arm-none-eabi/5.4.1/armv7-m\libgcc.a(_arm_fixunssfsi.o)
 .ARM.attributes
                0x00000704       0x2d c:/program files (x86)/cypress/psoc creator/4.4/psoc creator/import/gnu/arm/5.4.1/bin/../lib/gcc/arm-none-eabi/5.4.1/../../../../arm-none-eabi/lib/armv7-m\libg_nano.a(lib_a-errno.o)
 .ARM.attributes
                0x00000731       0x2d c:/program files (x86)/cypress/psoc creator/4.4/psoc creator/import/gnu/arm/5.4.1/bin/../lib/gcc/arm-none-eabi/5.4.1/../../../../arm-none-eabi/lib/armv7-m\libg_nano.a(lib_a-exit.o)
 .ARM.attributes
                0x0000075e       0x2d c:/program files (x86)/cypress/psoc creator/4.4/psoc creator/import/gnu/arm/5.4.1/bin/../lib/gcc/arm-none-eabi/5.4.1/../../../../arm-none-eabi/lib/armv7-m\libg_nano.a(lib_a-impure.o)
 .ARM.attributes
                0x0000078b       0x2d c:/program files (x86)/cypress/psoc creator/4.4/psoc creator/import/gnu/arm/5.4.1/bin/../lib/gcc/arm-none-eabi/5.4.1/../../../../arm-none-eabi/lib/armv7-m\libg_nano.a(lib_a-init.o)
 .ARM.attributes
                0x000007b8       0x2d c:/program files (x86)/cypress/psoc creator/4.4/psoc creator/import/gnu/arm/5.4.1/bin/../lib/gcc/arm-none-eabi/5.4.1/../../../../arm-none-eabi/lib/armv7-m\libg_nano.a(lib_a-memcpy-stub.o)
 .ARM.attributes
                0x000007e5       0x2d c:/program files (x86)/cypress/psoc creator/4.4/psoc creator/import/gnu/arm/5.4.1/bin/../lib/gcc/arm-none-eabi/5.4.1/../../../../arm-none-eabi/lib/armv7-m\libg_nano.a(lib_a-memset.o)
 .ARM.attributes
                0x00000812       0x2d c:/program files (x86)/cypress/psoc creator/4.4/psoc creator/import/gnu/arm/5.4.1/bin/../lib/gcc/arm-none-eabi/5.4.1/armv7-m/crtend.o
 .ARM.attributes
                0x0000083f       0x1d c:/program files (x86)/cypress/psoc creator/4.4/psoc creator/import/gnu/arm/5.4.1/bin/../lib/gcc/arm-none-eabi/5.4.1/armv7-m/crtn.o

/DISCARD/
 *(.note.GNU-stack)
OUTPUT(C:\Users\Lukef\OneDrive\Documents\Thermistor-Reading\Thermistor_Reading.cydsn\CortexM3\ARM_GCC_541\Debug\Thermistor_Reading.elf elf32-littlearm)
