Loading plugins phase: Elapsed time ==> 0s.111ms
<CYPRESSTAG name="CyDsfit arguments...">
cydsfit arguments: -.fdsnotice -.fdswarpdepfile=warp_dependencies.txt -.fdselabdepfile=elab_dependencies.txt -.fdsbldfile=generated_files.txt -.fdsreffile=referenced_files.txt -p C:\Users\Lukef\OneDrive\Documents\Thermistor-Reading\Thermistor_Reading.cydsn\Thermistor_Reading.cyprj -d CY8C5888LTI-LP097 -s C:\Users\Lukef\OneDrive\Documents\Thermistor-Reading\Thermistor_Reading.cydsn\Generated_Source\PSoC5 -- -yv2 -q10 -ygs -o2 -v3 -.fftcfgtype=LE
</CYPRESSTAG>
<CYPRESSTAG name="Design elaboration results...">
</CYPRESSTAG>
Elaboration phase: Elapsed time ==> 0s.539ms
<CYPRESSTAG name="HDL generation results...">
</CYPRESSTAG>
HDL generation phase: Elapsed time ==> 0s.015ms
<CYPRESSTAG name="Synthesis results...">

     | | | | | | |
   _________________
  -|               |-
  -|               |-
  -|               |-
  -|    CYPRESS    |-
  -|               |-
  -|               |-   Warp Verilog Synthesis Compiler: Version 6.3 IR 41
  -|               |-   Copyright (C) 1991-2001 Cypress Semiconductor
   |_______________|
     | | | | | | |

======================================================================
Compiling:  Thermistor_Reading.v
Program  :   C:\Program Files (x86)\Cypress\PSoC Creator\4.4\PSoC Creator\warp\bin\warp.exe
Options  :    -yv2 -q10 -ygs -o2 -v3 -.fftcfgtype=LE -ya -.fftprj=C:\Users\Lukef\OneDrive\Documents\Thermistor-Reading\Thermistor_Reading.cydsn\Thermistor_Reading.cyprj -dcpsoc3 Thermistor_Reading.v -verilog
======================================================================

======================================================================
Compiling:  Thermistor_Reading.v
Program  :   C:\Program Files (x86)\Cypress\PSoC Creator\4.4\PSoC Creator\warp\bin\warp.exe
Options  :    -yv2 -q10 -ygs -o2 -v3 -.fftcfgtype=LE -ya -.fftprj=C:\Users\Lukef\OneDrive\Documents\Thermistor-Reading\Thermistor_Reading.cydsn\Thermistor_Reading.cyprj -dcpsoc3 Thermistor_Reading.v -verilog
======================================================================

======================================================================
Compiling:  Thermistor_Reading.v
Program  :   vlogfe
Options  :    -yv2 -q10 -ygs -o2 -v3 -.fftcfgtype=LE -ya -.fftprj=C:\Users\Lukef\OneDrive\Documents\Thermistor-Reading\Thermistor_Reading.cydsn\Thermistor_Reading.cyprj -dcpsoc3 -verilog Thermistor_Reading.v
======================================================================

vlogfe V6.3 IR 41:  Verilog parser
Sun Aug 09 16:17:26 2026


======================================================================
Compiling:  Thermistor_Reading.v
Program  :   vpp
Options  :    -yv2 -q10 Thermistor_Reading.v
======================================================================

vpp V6.3 IR 41:  Verilog Pre-Processor
Sun Aug 09 16:17:26 2026

Flattening file 'C:\Program Files (x86)\Cypress\PSoC Creator\4.4\PSoC Creator\psoc\content\CyPrimitives\cyprimitives.cylib\cy_analog_virtualmux_v1_0\cy_analog_virtualmux_v1_0.v'
Flattening file 'C:\Program Files (x86)\Cypress\PSoC Creator\4.4\PSoC Creator\psoc\content\CyPrimitives\cyprimitives.cylib\cy_virtualmux_v1_0\cy_virtualmux_v1_0.v'
Flattening file 'C:\Program Files (x86)\Cypress\PSoC Creator\4.4\PSoC Creator\psoc\content\CyPrimitives\cyprimitives.cylib\ZeroTerminal\ZeroTerminal.v'
Flattening file 'C:\Program Files (x86)\Cypress\PSoC Creator\4.4\PSoC Creator\psoc\content\CyPrimitives\cyprimitives.cylib\or_v1_0\or_v1_0.v'
Flattening file 'C:\Program Files (x86)\Cypress\PSoC Creator\4.4\PSoC Creator\psoc\content\CyComponentLibrary\CyComponentLibrary.cylib\AMux_v1_80\AMux_v1_80.v'
Flattening file 'C:\Program Files (x86)\Cypress\PSoC Creator\4.4\PSoC Creator\warp\lib\common\cypress.v'
Flattening file 'C:\Program Files (x86)\Cypress\PSoC Creator\4.4\PSoC Creator\warp\lib\common\cy_psoc3_inc.v'

vpp:  No errors.

Library 'work' => directory 'lcpsoc3'
General_symbol_table
General_symbol_table
Linking 'C:\Program Files (x86)\Cypress\PSoC Creator\4.4\PSoC Creator\warp\lib\common\std.vhd'.
Linking 'C:\Program Files (x86)\Cypress\PSoC Creator\4.4\PSoC Creator\warp\lib\common\cypress.vhd'.
Linking 'C:\Program Files (x86)\Cypress\PSoC Creator\4.4\PSoC Creator\warp\lib\common\work\cypress.vif'.
Linking 'C:\Program Files (x86)\Cypress\PSoC Creator\4.4\PSoC Creator\warp\lib\ieee\work\stdlogic.vif'.
Linking 'C:\Program Files (x86)\Cypress\PSoC Creator\4.4\PSoC Creator\warp\lib\common\stdlogic\lpmpkg.vif'.
Linking 'C:\Program Files (x86)\Cypress\PSoC Creator\4.4\PSoC Creator\warp\lib\common\stdlogic\rtlpkg.vif'.
Linking 'C:\Program Files (x86)\Cypress\PSoC Creator\4.4\PSoC Creator\warp\lib\common\stdlogic\mod_cnst.vif'.
Linking 'C:\Program Files (x86)\Cypress\PSoC Creator\4.4\PSoC Creator\warp\lib\common\stdlogic\mod_mthv.vif'.
Linking 'C:\Program Files (x86)\Cypress\PSoC Creator\4.4\PSoC Creator\warp\lib\common\stdlogic\mod_genv.vif'.
Using control file 'Thermistor_Reading.ctl'.

vlogfe:  No errors.


======================================================================
Compiling:  Thermistor_Reading.v
Program  :   tovif
Options  :    -yv2 -q10 -ygs -o2 -v3 -.fftcfgtype=LE -ya -.fftprj=C:\Users\Lukef\OneDrive\Documents\Thermistor-Reading\Thermistor_Reading.cydsn\Thermistor_Reading.cyprj -dcpsoc3 -verilog Thermistor_Reading.v
======================================================================

tovif V6.3 IR 41:  High-level synthesis
Sun Aug 09 16:17:26 2026

Linking 'C:\Program Files (x86)\Cypress\PSoC Creator\4.4\PSoC Creator\warp\lib\common\std.vhd'.
Linking 'C:\Program Files (x86)\Cypress\PSoC Creator\4.4\PSoC Creator\warp\lib\common\cypress.vhd'.
Linking 'C:\Program Files (x86)\Cypress\PSoC Creator\4.4\PSoC Creator\warp\lib\common\work\cypress.vif'.
Linking 'C:\Program Files (x86)\Cypress\PSoC Creator\4.4\PSoC Creator\warp\lib\ieee\work\stdlogic.vif'.
Linking 'C:\Program Files (x86)\Cypress\PSoC Creator\4.4\PSoC Creator\warp\lib\common\stdlogic\lpmpkg.vif'.
Linking 'C:\Program Files (x86)\Cypress\PSoC Creator\4.4\PSoC Creator\warp\lib\common\stdlogic\rtlpkg.vif'.
Linking 'C:\Program Files (x86)\Cypress\PSoC Creator\4.4\PSoC Creator\warp\lib\common\stdlogic\mod_cnst.vif'.
Linking 'C:\Program Files (x86)\Cypress\PSoC Creator\4.4\PSoC Creator\warp\lib\common\stdlogic\mod_mthv.vif'.
Linking 'C:\Program Files (x86)\Cypress\PSoC Creator\4.4\PSoC Creator\warp\lib\common\stdlogic\mod_genv.vif'.
Linking 'C:\Users\Lukef\OneDrive\Documents\Thermistor-Reading\Thermistor_Reading.cydsn\codegentemp\Thermistor_Reading.ctl'.
Linking 'C:\Program Files (x86)\Cypress\PSoC Creator\4.4\PSoC Creator\psoc\content\CyPrimitives\cyprimitives.cylib\cy_analog_virtualmux_v1_0\cy_analog_virtualmux_v1_0.v'.
Linking 'C:\Users\Lukef\OneDrive\Documents\Thermistor-Reading\Thermistor_Reading.cydsn\codegentemp\Thermistor_Reading.v'.
Linking 'C:\Program Files (x86)\Cypress\PSoC Creator\4.4\PSoC Creator\psoc\content\CyPrimitives\cyprimitives.cylib\cy_virtualmux_v1_0\cy_virtualmux_v1_0.v'.
Linking 'C:\Program Files (x86)\Cypress\PSoC Creator\4.4\PSoC Creator\psoc\content\CyPrimitives\cyprimitives.cylib\ZeroTerminal\ZeroTerminal.v'.
Linking 'C:\Program Files (x86)\Cypress\PSoC Creator\4.4\PSoC Creator\psoc\content\CyPrimitives\cyprimitives.cylib\or_v1_0\or_v1_0.v'.
Linking 'C:\Program Files (x86)\Cypress\PSoC Creator\4.4\PSoC Creator\psoc\content\CyComponentLibrary\CyComponentLibrary.cylib\AMux_v1_80\AMux_v1_80.v'.
Linking 'C:\Program Files (x86)\Cypress\PSoC Creator\4.4\PSoC Creator\warp\lib\common\cypress.v'.
Linking 'C:\Program Files (x86)\Cypress\PSoC Creator\4.4\PSoC Creator\warp\lib\common\cy_psoc3_inc.v'.

tovif:  No errors.


======================================================================
Compiling:  Thermistor_Reading.v
Program  :   topld
Options  :    -yv2 -q10 -ygs -o2 -v3 -.fftcfgtype=LE -ya -.fftprj=C:\Users\Lukef\OneDrive\Documents\Thermistor-Reading\Thermistor_Reading.cydsn\Thermistor_Reading.cyprj -dcpsoc3 -verilog Thermistor_Reading.v
======================================================================

topld V6.3 IR 41:  Synthesis and optimization
Sun Aug 09 16:17:26 2026

Linking 'C:\Program Files (x86)\Cypress\PSoC Creator\4.4\PSoC Creator\warp\lib\common\std.vhd'.
Linking 'C:\Program Files (x86)\Cypress\PSoC Creator\4.4\PSoC Creator\warp\lib\common\cypress.vhd'.
Linking 'C:\Program Files (x86)\Cypress\PSoC Creator\4.4\PSoC Creator\warp\lib\common\work\cypress.vif'.
Linking 'C:\Program Files (x86)\Cypress\PSoC Creator\4.4\PSoC Creator\warp\lib\ieee\work\stdlogic.vif'.
Linking 'C:\Program Files (x86)\Cypress\PSoC Creator\4.4\PSoC Creator\warp\lib\common\stdlogic\lpmpkg.vif'.
Linking 'C:\Program Files (x86)\Cypress\PSoC Creator\4.4\PSoC Creator\warp\lib\common\stdlogic\rtlpkg.vif'.
Linking 'C:\Program Files (x86)\Cypress\PSoC Creator\4.4\PSoC Creator\warp\lib\common\stdlogic\mod_cnst.vif'.
Linking 'C:\Program Files (x86)\Cypress\PSoC Creator\4.4\PSoC Creator\warp\lib\common\stdlogic\mod_mthv.vif'.
Linking 'C:\Program Files (x86)\Cypress\PSoC Creator\4.4\PSoC Creator\warp\lib\common\stdlogic\mod_genv.vif'.
Linking 'C:\Users\Lukef\OneDrive\Documents\Thermistor-Reading\Thermistor_Reading.cydsn\codegentemp\Thermistor_Reading.ctl'.
Linking 'C:\Program Files (x86)\Cypress\PSoC Creator\4.4\PSoC Creator\psoc\content\CyPrimitives\cyprimitives.cylib\cy_analog_virtualmux_v1_0\cy_analog_virtualmux_v1_0.v'.
Linking 'C:\Users\Lukef\OneDrive\Documents\Thermistor-Reading\Thermistor_Reading.cydsn\codegentemp\Thermistor_Reading.v'.
Linking 'C:\Program Files (x86)\Cypress\PSoC Creator\4.4\PSoC Creator\psoc\content\CyPrimitives\cyprimitives.cylib\cy_virtualmux_v1_0\cy_virtualmux_v1_0.v'.
Linking 'C:\Program Files (x86)\Cypress\PSoC Creator\4.4\PSoC Creator\psoc\content\CyPrimitives\cyprimitives.cylib\ZeroTerminal\ZeroTerminal.v'.
Linking 'C:\Program Files (x86)\Cypress\PSoC Creator\4.4\PSoC Creator\psoc\content\CyPrimitives\cyprimitives.cylib\or_v1_0\or_v1_0.v'.
Linking 'C:\Program Files (x86)\Cypress\PSoC Creator\4.4\PSoC Creator\psoc\content\CyComponentLibrary\CyComponentLibrary.cylib\AMux_v1_80\AMux_v1_80.v'.
Linking 'C:\Program Files (x86)\Cypress\PSoC Creator\4.4\PSoC Creator\warp\lib\common\cypress.v'.
Linking 'C:\Program Files (x86)\Cypress\PSoC Creator\4.4\PSoC Creator\warp\lib\common\cy_psoc3_inc.v'.
Linking 'C:\Program Files (x86)\Cypress\PSoC Creator\4.4\PSoC Creator\warp\lib\lcpsoc3\stdlogic\cpsoc3.vif'.

----------------------------------------------------------
Detecting unused logic.
----------------------------------------------------------
    User names
	\ADC_DelSig_1:Net_268\
	\ADC_DelSig_1:Net_270\


Deleted 2 User equations/components.
Deleted 0 Synthesized equations/components.

------------------------------------------------------
Alias Detection
------------------------------------------------------
Aliasing zero to \ADC_DelSig_1:Net_482\
Aliasing \ADC_DelSig_1:Net_252\ to \ADC_DelSig_1:Net_482\
Aliasing tmpOE__P3_1_net_0 to \ADC_DelSig_1:soc\
Aliasing one to \ADC_DelSig_1:soc\
Aliasing tmpOE__P3_0_net_0 to \ADC_DelSig_1:soc\
Aliasing tmpOE__P3_2_net_0 to \ADC_DelSig_1:soc\
Aliasing \LCD:tmpOE__LCDPort_net_6\ to \ADC_DelSig_1:soc\
Aliasing \LCD:tmpOE__LCDPort_net_5\ to \ADC_DelSig_1:soc\
Aliasing \LCD:tmpOE__LCDPort_net_4\ to \ADC_DelSig_1:soc\
Aliasing \LCD:tmpOE__LCDPort_net_3\ to \ADC_DelSig_1:soc\
Aliasing \LCD:tmpOE__LCDPort_net_2\ to \ADC_DelSig_1:soc\
Aliasing \LCD:tmpOE__LCDPort_net_1\ to \ADC_DelSig_1:soc\
Aliasing \LCD:tmpOE__LCDPort_net_0\ to \ADC_DelSig_1:soc\
Aliasing tmpOE__P3_3_net_0 to \ADC_DelSig_1:soc\
Aliasing tmpOE__P3_4_net_0 to \ADC_DelSig_1:soc\
Aliasing tmpOE__P3_5_net_0 to \ADC_DelSig_1:soc\
Aliasing tmpOE__P3_6_net_0 to \ADC_DelSig_1:soc\
Removing Rhs of wire \ADC_DelSig_1:Net_488\[8] = \ADC_DelSig_1:Net_250\[46]
Removing Rhs of wire \ADC_DelSig_1:Net_481\[11] = \ADC_DelSig_1:Net_482\[12]
Removing Rhs of wire zero[14] = \ADC_DelSig_1:Net_481\[11]
Removing Lhs of wire \ADC_DelSig_1:Net_252\[48] = zero[14]
Removing Rhs of wire tmpOE__P3_1_net_0[61] = \ADC_DelSig_1:soc\[50]
Removing Lhs of wire one[66] = tmpOE__P3_1_net_0[61]
Removing Lhs of wire tmpOE__P3_0_net_0[69] = tmpOE__P3_1_net_0[61]
Removing Lhs of wire tmpOE__P3_2_net_0[81] = tmpOE__P3_1_net_0[61]
Removing Lhs of wire \LCD:tmpOE__LCDPort_net_6\[87] = tmpOE__P3_1_net_0[61]
Removing Lhs of wire \LCD:tmpOE__LCDPort_net_5\[88] = tmpOE__P3_1_net_0[61]
Removing Lhs of wire \LCD:tmpOE__LCDPort_net_4\[89] = tmpOE__P3_1_net_0[61]
Removing Lhs of wire \LCD:tmpOE__LCDPort_net_3\[90] = tmpOE__P3_1_net_0[61]
Removing Lhs of wire \LCD:tmpOE__LCDPort_net_2\[91] = tmpOE__P3_1_net_0[61]
Removing Lhs of wire \LCD:tmpOE__LCDPort_net_1\[92] = tmpOE__P3_1_net_0[61]
Removing Lhs of wire \LCD:tmpOE__LCDPort_net_0\[93] = tmpOE__P3_1_net_0[61]
Removing Lhs of wire tmpOE__P3_3_net_0[111] = tmpOE__P3_1_net_0[61]
Removing Lhs of wire tmpOE__P3_4_net_0[117] = tmpOE__P3_1_net_0[61]
Removing Lhs of wire tmpOE__P3_5_net_0[123] = tmpOE__P3_1_net_0[61]
Removing Lhs of wire tmpOE__P3_6_net_0[130] = tmpOE__P3_1_net_0[61]

------------------------------------------------------
Aliased 0 equations, 19 wires.
------------------------------------------------------

----------------------------------------------------------
Circuit simplification
----------------------------------------------------------

Substituting virtuals - pass 1:


----------------------------------------------------------
Circuit simplification results:

	Expanded 0 signals.
	Turned 0 signals into soft nodes.
	Maximum default expansion cost was set at 3.
----------------------------------------------------------

topld:  No errors.

CYPRESS_DIR    : C:\Program Files (x86)\Cypress\PSoC Creator\4.4\PSoC Creator\warp
Warp Program   : C:\Program Files (x86)\Cypress\PSoC Creator\4.4\PSoC Creator\warp\bin\warp.exe
Warp Arguments : -yv2 -q10 -ygs -o2 -v3 -.fftcfgtype=LE -ya -.fftprj=C:\Users\Lukef\OneDrive\Documents\Thermistor-Reading\Thermistor_Reading.cydsn\Thermistor_Reading.cyprj -dcpsoc3 Thermistor_Reading.v -verilog
</CYPRESSTAG>
Warp synthesis phase: Elapsed time ==> 0s.221ms
<CYPRESSTAG name="Fitter results...">
<CYPRESSTAG name="Fitter startup details...">
cyp3fit: V4.4.0.80, Family: PSoC3, Started at: Sunday, 09 August 2026 16:17:26
Options: -yv2 -q10 -ygs -o2 -v3 -.fftcfgtype=LE -ya -.fftprj=C:\Users\Lukef\OneDrive\Documents\Thermistor-Reading\Thermistor_Reading.cydsn\Thermistor_Reading.cyprj -d CY8C5888LTI-LP097 Thermistor_Reading.v -verilog
</CYPRESSTAG>
<CYPRESSTAG name="Design parsing">
Design parsing phase: Elapsed time ==> 0s.000ms
</CYPRESSTAG>
<CYPRESSTAG name="Tech Mapping">
<CYPRESSTAG name="Initial Mapping" icon="FILE_RPT_TECHM">
<CYPRESSTAG name="Global Clock Selection" icon="FILE_RPT_TECHM">
    Digital Clock 0: Automatic-assigning  clock 'ADC_DelSig_1_Ext_CP_Clk'. Fanout=1, Signal=\ADC_DelSig_1:Net_93\
    Analog  Clock 0: Automatic-assigning  clock 'ADC_DelSig_1_theACLK'. Fanout=1, Signal=\ADC_DelSig_1:Net_488\
</CYPRESSTAG>
<CYPRESSTAG name="UDB Clock/Enable Remapping Results">
</CYPRESSTAG>

Removing unused cells resulting from optimization
Done removing unused cells.
<CYPRESSTAG name="Duplicate Macrocell detection">
</CYPRESSTAG>
</CYPRESSTAG>
<CYPRESSTAG name="Duplicate Macrocell detection">
</CYPRESSTAG>
<CYPRESSTAG name="Design Equations" icon="FILE_RPT_EQUATION">

------------------------------------------------------------
Design Equations
------------------------------------------------------------
    <CYPRESSTAG name="Pin listing">

    ------------------------------------------------------------
    Pin listing
    ------------------------------------------------------------

    Pin : Name = P3_1(0)
        Attributes:
            In Group/Port: True
            In Sync Option: AUTO
            Out Sync Option: AUTO
            Interrupt generated: False
            Interrupt mode: NONE
            Drive mode: HI_Z_ANALOG
            VTrip: EITHER
            Slew: FAST
            Input Sync needed: False
            Output Sync needed: False
            SC shield enabled: False
            POR State: ANY
            LCD Mode: COMMON
            Register Mode: RegComb
            CaSense Mode: NEITHER
            Treat as pin: True
            Is OE Registered: False
            Uses Analog: True
            Can contain Digital: False
            Is SIO: False
            SIO Output Buf: NONREGULATED
            SIO Input Buf: SINGLE_ENDED
            SIO HiFreq: LOW
            SIO Hyst: DISABLED
            SIO Vtrip: MULTIPLIER_0_5
            SIO Multiplier Index: 0
            SIO RefSel: VCC_IO
            Required Capabilities: ANALOG
            Initial Value: 0
            IO Voltage: 0
        PORT MAP (
            pa_out => P3_1(0)__PA ,
            analog_term => Net_101 ,
            annotation => Net_23 ,
            pad => P3_1(0)_PAD );
        Properties:
        {
        }

    Pin : Name = P3_0(0)
        Attributes:
            In Group/Port: True
            In Sync Option: AUTO
            Out Sync Option: AUTO
            Interrupt generated: False
            Interrupt mode: NONE
            Drive mode: HI_Z_ANALOG
            VTrip: EITHER
            Slew: FAST
            Input Sync needed: False
            Output Sync needed: False
            SC shield enabled: False
            POR State: ANY
            LCD Mode: COMMON
            Register Mode: RegComb
            CaSense Mode: NEITHER
            Treat as pin: True
            Is OE Registered: False
            Uses Analog: True
            Can contain Digital: False
            Is SIO: False
            SIO Output Buf: NONREGULATED
            SIO Input Buf: SINGLE_ENDED
            SIO HiFreq: LOW
            SIO Hyst: DISABLED
            SIO Vtrip: MULTIPLIER_0_5
            SIO Multiplier Index: 0
            SIO RefSel: VCC_IO
            Required Capabilities: ANALOG
            Initial Value: 0
            IO Voltage: 0
        PORT MAP (
            pa_out => P3_0(0)__PA ,
            analog_term => Net_107 ,
            annotation => Net_24 ,
            pad => P3_0(0)_PAD );
        Properties:
        {
        }

    Pin : Name = P3_2(0)
        Attributes:
            In Group/Port: True
            In Sync Option: AUTO
            Out Sync Option: AUTO
            Interrupt generated: False
            Interrupt mode: NONE
            Drive mode: HI_Z_ANALOG
            VTrip: EITHER
            Slew: FAST
            Input Sync needed: False
            Output Sync needed: False
            SC shield enabled: False
            POR State: ANY
            LCD Mode: COMMON
            Register Mode: RegComb
            CaSense Mode: NEITHER
            Treat as pin: True
            Is OE Registered: False
            Uses Analog: True
            Can contain Digital: False
            Is SIO: False
            SIO Output Buf: NONREGULATED
            SIO Input Buf: SINGLE_ENDED
            SIO HiFreq: LOW
            SIO Hyst: DISABLED
            SIO Vtrip: MULTIPLIER_0_5
            SIO Multiplier Index: 0
            SIO RefSel: VCC_IO
            Required Capabilities: ANALOG
            Initial Value: 0
            IO Voltage: 0
        PORT MAP (
            pa_out => P3_2(0)__PA ,
            analog_term => Net_25 ,
            annotation => Net_10 ,
            pad => P3_2(0)_PAD );
        Properties:
        {
        }

    Pin : Name = \LCD:LCDPort(0)\
        Attributes:
            In Group/Port: True
            In Sync Option: AUTO
            Out Sync Option: NOSYNC
            Interrupt generated: False
            Interrupt mode: NONE
            Drive mode: CMOS_OUT
            VTrip: EITHER
            Slew: FAST
            Input Sync needed: False
            Output Sync needed: False
            SC shield enabled: False
            POR State: ANY
            LCD Mode: COMMON
            Register Mode: RegComb
            CaSense Mode: NEITHER
            Treat as pin: False
            Is OE Registered: False
            Uses Analog: False
            Can contain Digital: True
            Is SIO: False
            SIO Output Buf: NONREGULATED
            SIO Input Buf: SINGLE_ENDED
            SIO HiFreq: LOW
            SIO Hyst: DISABLED
            SIO Vtrip: MULTIPLIER_0_5
            SIO Multiplier Index: 0
            SIO RefSel: VCC_IO
            Required Capabilities: DIGITAL
            Initial Value: 0
            IO Voltage: 0
        PORT MAP (
            pa_out => \LCD:LCDPort(0)\__PA ,
            pad => \LCD:LCDPort(0)_PAD\ );
        Properties:
        {
        }

    Pin : Name = \LCD:LCDPort(1)\
        Attributes:
            In Group/Port: True
            In Sync Option: AUTO
            Out Sync Option: NOSYNC
            Interrupt generated: False
            Interrupt mode: NONE
            Drive mode: CMOS_OUT
            VTrip: EITHER
            Slew: FAST
            Input Sync needed: False
            Output Sync needed: False
            SC shield enabled: False
            POR State: ANY
            LCD Mode: COMMON
            Register Mode: RegComb
            CaSense Mode: NEITHER
            Treat as pin: False
            Is OE Registered: False
            Uses Analog: False
            Can contain Digital: True
            Is SIO: False
            SIO Output Buf: NONREGULATED
            SIO Input Buf: SINGLE_ENDED
            SIO HiFreq: LOW
            SIO Hyst: DISABLED
            SIO Vtrip: MULTIPLIER_0_5
            SIO Multiplier Index: 0
            SIO RefSel: VCC_IO
            Required Capabilities: DIGITAL
            Initial Value: 0
            IO Voltage: 0
        PORT MAP (
            pa_out => \LCD:LCDPort(1)\__PA ,
            pad => \LCD:LCDPort(1)_PAD\ );
        Properties:
        {
        }

    Pin : Name = \LCD:LCDPort(2)\
        Attributes:
            In Group/Port: True
            In Sync Option: AUTO
            Out Sync Option: NOSYNC
            Interrupt generated: False
            Interrupt mode: NONE
            Drive mode: CMOS_OUT
            VTrip: EITHER
            Slew: FAST
            Input Sync needed: False
            Output Sync needed: False
            SC shield enabled: False
            POR State: ANY
            LCD Mode: COMMON
            Register Mode: RegComb
            CaSense Mode: NEITHER
            Treat as pin: False
            Is OE Registered: False
            Uses Analog: False
            Can contain Digital: True
            Is SIO: False
            SIO Output Buf: NONREGULATED
            SIO Input Buf: SINGLE_ENDED
            SIO HiFreq: LOW
            SIO Hyst: DISABLED
            SIO Vtrip: MULTIPLIER_0_5
            SIO Multiplier Index: 0
            SIO RefSel: VCC_IO
            Required Capabilities: DIGITAL
            Initial Value: 0
            IO Voltage: 0
        PORT MAP (
            pa_out => \LCD:LCDPort(2)\__PA ,
            pad => \LCD:LCDPort(2)_PAD\ );
        Properties:
        {
        }

    Pin : Name = \LCD:LCDPort(3)\
        Attributes:
            In Group/Port: True
            In Sync Option: AUTO
            Out Sync Option: NOSYNC
            Interrupt generated: False
            Interrupt mode: NONE
            Drive mode: CMOS_OUT
            VTrip: EITHER
            Slew: FAST
            Input Sync needed: False
            Output Sync needed: False
            SC shield enabled: False
            POR State: ANY
            LCD Mode: COMMON
            Register Mode: RegComb
            CaSense Mode: NEITHER
            Treat as pin: False
            Is OE Registered: False
            Uses Analog: False
            Can contain Digital: True
            Is SIO: False
            SIO Output Buf: NONREGULATED
            SIO Input Buf: SINGLE_ENDED
            SIO HiFreq: LOW
            SIO Hyst: DISABLED
            SIO Vtrip: MULTIPLIER_0_5
            SIO Multiplier Index: 0
            SIO RefSel: VCC_IO
            Required Capabilities: DIGITAL
            Initial Value: 0
            IO Voltage: 0
        PORT MAP (
            pa_out => \LCD:LCDPort(3)\__PA ,
            pad => \LCD:LCDPort(3)_PAD\ );
        Properties:
        {
        }

    Pin : Name = \LCD:LCDPort(4)\
        Attributes:
            In Group/Port: True
            In Sync Option: AUTO
            Out Sync Option: NOSYNC
            Interrupt generated: False
            Interrupt mode: NONE
            Drive mode: CMOS_OUT
            VTrip: EITHER
            Slew: FAST
            Input Sync needed: False
            Output Sync needed: False
            SC shield enabled: False
            POR State: ANY
            LCD Mode: COMMON
            Register Mode: RegComb
            CaSense Mode: NEITHER
            Treat as pin: False
            Is OE Registered: False
            Uses Analog: False
            Can contain Digital: True
            Is SIO: False
            SIO Output Buf: NONREGULATED
            SIO Input Buf: SINGLE_ENDED
            SIO HiFreq: LOW
            SIO Hyst: DISABLED
            SIO Vtrip: MULTIPLIER_0_5
            SIO Multiplier Index: 0
            SIO RefSel: VCC_IO
            Required Capabilities: DIGITAL
            Initial Value: 0
            IO Voltage: 0
        PORT MAP (
            pa_out => \LCD:LCDPort(4)\__PA ,
            pad => \LCD:LCDPort(4)_PAD\ );
        Properties:
        {
        }

    Pin : Name = \LCD:LCDPort(5)\
        Attributes:
            In Group/Port: True
            In Sync Option: AUTO
            Out Sync Option: NOSYNC
            Interrupt generated: False
            Interrupt mode: NONE
            Drive mode: CMOS_OUT
            VTrip: EITHER
            Slew: FAST
            Input Sync needed: False
            Output Sync needed: False
            SC shield enabled: False
            POR State: ANY
            LCD Mode: COMMON
            Register Mode: RegComb
            CaSense Mode: NEITHER
            Treat as pin: False
            Is OE Registered: False
            Uses Analog: False
            Can contain Digital: True
            Is SIO: False
            SIO Output Buf: NONREGULATED
            SIO Input Buf: SINGLE_ENDED
            SIO HiFreq: LOW
            SIO Hyst: DISABLED
            SIO Vtrip: MULTIPLIER_0_5
            SIO Multiplier Index: 0
            SIO RefSel: VCC_IO
            Required Capabilities: DIGITAL
            Initial Value: 0
            IO Voltage: 0
        PORT MAP (
            pa_out => \LCD:LCDPort(5)\__PA ,
            pad => \LCD:LCDPort(5)_PAD\ );
        Properties:
        {
        }

    Pin : Name = \LCD:LCDPort(6)\
        Attributes:
            In Group/Port: True
            In Sync Option: AUTO
            Out Sync Option: NOSYNC
            Interrupt generated: False
            Interrupt mode: NONE
            Drive mode: CMOS_OUT
            VTrip: EITHER
            Slew: FAST
            Input Sync needed: False
            Output Sync needed: False
            SC shield enabled: False
            POR State: ANY
            LCD Mode: COMMON
            Register Mode: RegComb
            CaSense Mode: NEITHER
            Treat as pin: False
            Is OE Registered: False
            Uses Analog: False
            Can contain Digital: True
            Is SIO: False
            SIO Output Buf: NONREGULATED
            SIO Input Buf: SINGLE_ENDED
            SIO HiFreq: LOW
            SIO Hyst: DISABLED
            SIO Vtrip: MULTIPLIER_0_5
            SIO Multiplier Index: 0
            SIO RefSel: VCC_IO
            Required Capabilities: DIGITAL
            Initial Value: 0
            IO Voltage: 0
        PORT MAP (
            pa_out => \LCD:LCDPort(6)\__PA ,
            pad => \LCD:LCDPort(6)_PAD\ );
        Properties:
        {
        }

    Pin : Name = P3_3(0)
        Attributes:
            In Group/Port: True
            In Sync Option: AUTO
            Out Sync Option: AUTO
            Interrupt generated: False
            Interrupt mode: NONE
            Drive mode: HI_Z_ANALOG
            VTrip: EITHER
            Slew: FAST
            Input Sync needed: False
            Output Sync needed: False
            SC shield enabled: False
            POR State: ANY
            LCD Mode: COMMON
            Register Mode: RegComb
            CaSense Mode: NEITHER
            Treat as pin: True
            Is OE Registered: False
            Uses Analog: True
            Can contain Digital: False
            Is SIO: False
            SIO Output Buf: NONREGULATED
            SIO Input Buf: SINGLE_ENDED
            SIO HiFreq: LOW
            SIO Hyst: DISABLED
            SIO Vtrip: MULTIPLIER_0_5
            SIO Multiplier Index: 0
            SIO RefSel: VCC_IO
            Required Capabilities: ANALOG
            Initial Value: 0
            IO Voltage: 0
        PORT MAP (
            pa_out => P3_3(0)__PA ,
            analog_term => Net_1 ,
            pad => P3_3(0)_PAD );
        Properties:
        {
        }

    Pin : Name = P3_4(0)
        Attributes:
            In Group/Port: True
            In Sync Option: AUTO
            Out Sync Option: AUTO
            Interrupt generated: False
            Interrupt mode: NONE
            Drive mode: HI_Z_ANALOG
            VTrip: EITHER
            Slew: FAST
            Input Sync needed: False
            Output Sync needed: False
            SC shield enabled: False
            POR State: ANY
            LCD Mode: COMMON
            Register Mode: RegComb
            CaSense Mode: NEITHER
            Treat as pin: True
            Is OE Registered: False
            Uses Analog: True
            Can contain Digital: False
            Is SIO: False
            SIO Output Buf: NONREGULATED
            SIO Input Buf: SINGLE_ENDED
            SIO HiFreq: LOW
            SIO Hyst: DISABLED
            SIO Vtrip: MULTIPLIER_0_5
            SIO Multiplier Index: 0
            SIO RefSel: VCC_IO
            Required Capabilities: ANALOG
            Initial Value: 0
            IO Voltage: 0
        PORT MAP (
            pa_out => P3_4(0)__PA ,
            analog_term => Net_2 ,
            pad => P3_4(0)_PAD );
        Properties:
        {
        }

    Pin : Name = P3_5(0)
        Attributes:
            In Group/Port: True
            In Sync Option: AUTO
            Out Sync Option: AUTO
            Interrupt generated: False
            Interrupt mode: NONE
            Drive mode: HI_Z_ANALOG
            VTrip: EITHER
            Slew: FAST
            Input Sync needed: False
            Output Sync needed: False
            SC shield enabled: False
            POR State: ANY
            LCD Mode: COMMON
            Register Mode: RegComb
            CaSense Mode: NEITHER
            Treat as pin: True
            Is OE Registered: False
            Uses Analog: True
            Can contain Digital: False
            Is SIO: False
            SIO Output Buf: NONREGULATED
            SIO Input Buf: SINGLE_ENDED
            SIO HiFreq: LOW
            SIO Hyst: DISABLED
            SIO Vtrip: MULTIPLIER_0_5
            SIO Multiplier Index: 0
            SIO RefSel: VCC_IO
            Required Capabilities: ANALOG
            Initial Value: 0
            IO Voltage: 0
        PORT MAP (
            pa_out => P3_5(0)__PA ,
            analog_term => Net_119 ,
            annotation => Net_115 ,
            pad => P3_5(0)_PAD );
        Properties:
        {
        }

    Pin : Name = P3_6(0)
        Attributes:
            In Group/Port: True
            In Sync Option: AUTO
            Out Sync Option: AUTO
            Interrupt generated: False
            Interrupt mode: NONE
            Drive mode: HI_Z_ANALOG
            VTrip: EITHER
            Slew: FAST
            Input Sync needed: False
            Output Sync needed: False
            SC shield enabled: False
            POR State: ANY
            LCD Mode: COMMON
            Register Mode: RegComb
            CaSense Mode: NEITHER
            Treat as pin: True
            Is OE Registered: False
            Uses Analog: True
            Can contain Digital: False
            Is SIO: False
            SIO Output Buf: NONREGULATED
            SIO Input Buf: SINGLE_ENDED
            SIO HiFreq: LOW
            SIO Hyst: DISABLED
            SIO Vtrip: MULTIPLIER_0_5
            SIO Multiplier Index: 0
            SIO RefSel: VCC_IO
            Required Capabilities: ANALOG
            Initial Value: 0
            IO Voltage: 0
        PORT MAP (
            pa_out => P3_6(0)__PA ,
            analog_term => Net_105 ,
            annotation => Net_117 ,
            pad => P3_6(0)_PAD );
        Properties:
        {
        }
    </CYPRESSTAG>
    <CYPRESSTAG name="Macrocell listing" icon="FILE_RPT_EQUATION">

    ------------------------------------------------------------
    Macrocell listing
    ------------------------------------------------------------

    MacroCell: Name=__ONE__, Mode=(Combinatorial)
        Total # of inputs        : 0
        Total # of product terms : 0
            Clock Enable: True
        Main Equation            : 0 pterms
        !(
            0
        );
        Output = __ONE__ (fanout=1)
    </CYPRESSTAG>
    <CYPRESSTAG name="Datapath listing">
    </CYPRESSTAG>
    <CYPRESSTAG name="Status register listing">
    </CYPRESSTAG>
    <CYPRESSTAG name="StatusI register listing">
    </CYPRESSTAG>
    <CYPRESSTAG name="Sync listing">
    </CYPRESSTAG>
    <CYPRESSTAG name="Control register listing">
    </CYPRESSTAG>
    <CYPRESSTAG name="Count7 listing">
    </CYPRESSTAG>
    <CYPRESSTAG name="DRQ listing">
    </CYPRESSTAG>
    <CYPRESSTAG name="Interrupt listing">

    ------------------------------------------------------------
    Interrupt listing
    ------------------------------------------------------------

    interrupt: Name =\ADC_DelSig_1:IRQ\
        PORT MAP (
            interrupt => Net_4 );
        Properties:
        {
            int_type = "10"
            is_nmi = 0
        }
    </CYPRESSTAG>
</CYPRESSTAG>
<CYPRESSTAG name="Technology mapping summary" expanded>

------------------------------------------------------------
Technology mapping summary
------------------------------------------------------------

Resource Type                 : Used : Free :  Max :  % Used
============================================================
Digital Clocks                :    1 :    7 :    8 : 12.50 %
Analog Clocks                 :    1 :    3 :    4 : 25.00 %
CapSense Buffers              :    0 :    2 :    2 :  0.00 %
Digital Filter Block          :    0 :    1 :    1 :  0.00 %
Interrupts                    :    1 :   31 :   32 :  3.13 %
IO                            :   17 :   31 :   48 : 35.42 %
Segment LCD                   :    0 :    1 :    1 :  0.00 %
CAN 2.0b                      :    0 :    1 :    1 :  0.00 %
I2C                           :    0 :    1 :    1 :  0.00 %
USB                           :    0 :    1 :    1 :  0.00 %
DMA Channels                  :    0 :   24 :   24 :  0.00 %
Timer                         :    0 :    4 :    4 :  0.00 %
UDB                           :      :      :      :        
  Macrocells                  :    1 :  191 :  192 :  0.52 %
  Unique P-terms              :    0 :  384 :  384 :  0.00 %
  Total P-terms               :    0 :      :      :        
  Datapath Cells              :    0 :   24 :   24 :  0.00 %
  Status Cells                :    0 :   24 :   24 :  0.00 %
  Control Cells               :    0 :   24 :   24 :  0.00 %
Opamp                         :    0 :    4 :    4 :  0.00 %
Comparator                    :    0 :    4 :    4 :  0.00 %
Delta-Sigma ADC               :    1 :    0 :    1 : 100.00 %
LPF                           :    0 :    2 :    2 :  0.00 %
SAR ADC                       :    0 :    2 :    2 :  0.00 %
Analog (SC/CT) Blocks         :    0 :    4 :    4 :  0.00 %
DAC                           :      :      :      :        
  VIDAC                       :    0 :    4 :    4 :  0.00 %
</CYPRESSTAG>
Technology Mapping: Elapsed time ==> 0s.015ms
Tech Mapping phase: Elapsed time ==> 0s.047ms
</CYPRESSTAG>
<CYPRESSTAG name="Analog Placement">
Initial Analog Placement Results:
IO_0@[IOP=(3)][IoId=(0)] : P3_0(0) (fixed)
IO_1@[IOP=(3)][IoId=(1)] : P3_1(0) (fixed)
IO_2@[IOP=(3)][IoId=(2)] : P3_2(0) (fixed)
IO_3@[IOP=(3)][IoId=(3)] : P3_3(0) (fixed)
IO_4@[IOP=(3)][IoId=(4)] : P3_4(0) (fixed)
IO_5@[IOP=(3)][IoId=(5)] : P3_5(0) (fixed)
IO_6@[IOP=(3)][IoId=(6)] : P3_6(0) (fixed)
IO_1@[IOP=(12)][IoId=(1)] : \LCD:LCDPort(0)\ (fixed)
IO_2@[IOP=(12)][IoId=(2)] : \LCD:LCDPort(1)\ (fixed)
IO_3@[IOP=(12)][IoId=(3)] : \LCD:LCDPort(2)\ (fixed)
IO_4@[IOP=(12)][IoId=(4)] : \LCD:LCDPort(3)\ (fixed)
IO_5@[IOP=(12)][IoId=(5)] : \LCD:LCDPort(4)\ (fixed)
IO_6@[IOP=(12)][IoId=(6)] : \LCD:LCDPort(5)\ (fixed)
IO_7@[IOP=(12)][IoId=(7)] : \LCD:LCDPort(6)\ (fixed)
DSM[0]@[FFB(DSM,0)] : \ADC_DelSig_1:DSM\
Analog Placement Results:
IO_0@[IOP=(3)][IoId=(0)] : P3_0(0) (fixed)
IO_1@[IOP=(3)][IoId=(1)] : P3_1(0) (fixed)
IO_2@[IOP=(3)][IoId=(2)] : P3_2(0) (fixed)
IO_3@[IOP=(3)][IoId=(3)] : P3_3(0) (fixed)
IO_4@[IOP=(3)][IoId=(4)] : P3_4(0) (fixed)
IO_5@[IOP=(3)][IoId=(5)] : P3_5(0) (fixed)
IO_6@[IOP=(3)][IoId=(6)] : P3_6(0) (fixed)
IO_1@[IOP=(12)][IoId=(1)] : \LCD:LCDPort(0)\ (fixed)
IO_2@[IOP=(12)][IoId=(2)] : \LCD:LCDPort(1)\ (fixed)
IO_3@[IOP=(12)][IoId=(3)] : \LCD:LCDPort(2)\ (fixed)
IO_4@[IOP=(12)][IoId=(4)] : \LCD:LCDPort(3)\ (fixed)
IO_5@[IOP=(12)][IoId=(5)] : \LCD:LCDPort(4)\ (fixed)
IO_6@[IOP=(12)][IoId=(6)] : \LCD:LCDPort(5)\ (fixed)
IO_7@[IOP=(12)][IoId=(7)] : \LCD:LCDPort(6)\ (fixed)
DSM[0]@[FFB(DSM,0)] : \ADC_DelSig_1:DSM\

Analog Placement phase: Elapsed time ==> 0s.031ms
</CYPRESSTAG>
<CYPRESSTAG name="Analog Routing">
Net "AmuxEye::AMux_1_CYAMUXSIDE_A" overuses wire "GPIO P3[5] Sw__0b"
Net "AmuxEye::AMux_1_CYAMUXSIDE_A" overuses wire "GPIO P3[5] Wire"
Net "AmuxNose::AMux_1_CYAMUXSIDE_A" overuses wire "GPIO P3[5] Sw__0b"
Net "AmuxNose::AMux_1_CYAMUXSIDE_A" overuses wire "GPIO P3[5] Wire"
Net "Net_2" overuses wire "AGL[5]"
Net "AmuxEye::AMux_1_CYAMUXSIDE_A" overuses wire "AGL[5]"
Net "Net_1" overuses wire "dsm0+ Wire"
Net "Net_2" overuses wire "dsm0+ Wire"
Net "Net_1" overuses wire "AGL[7]"
Net "Net_2" overuses wire "AGL[7]"
Net "Net_2" overuses wire "AGL[5]"
Net "Net_2" overuses wire "SIO Ref[1] Sw__1b"
Net "Net_2" overuses wire "SIO Ref[1] Sw__0b"
Net "AmuxEye::AMux_1_CYAMUXSIDE_A" overuses wire "AGL[5]"
Net "Net_1" overuses wire "dsm0+ Wire"
Net "Net_2" overuses wire "dsm0+ Wire"
Net "AmuxEye::AMux_1_CYAMUXSIDE_A" overuses wire "GPIO P3[5] Mux__4b"
Net "AmuxEye::AMux_1_CYAMUXSIDE_A" overuses wire "GPIO P3[5] Mux__2b"
Analog Routing phase: Elapsed time ==> 0s.031ms
</CYPRESSTAG>
<CYPRESSTAG name="Analog Code Generation">
============ Analog Final Answer Routes ============
Dump of CyAnalogRoutingResultsDB
Map of net to items {
  Net: Net_1 {
    dsm_0_vplus
    agl7_x_dsm_0_vplus
    agl7
    agl7_x_agr7
    agr7
    agr7_x_p3_3
    p3_3
  }
  Net: Net_25 {
    p3_2
  }
  Net: Net_101 {
    p3_1
  }
  Net: Net_119 {
    p3_5
  }
  Net: Net_2 {
    dsm_0_vminus
    agl3_x_dsm_0_vminus
    agl3
    agl3_x_comp_0_vplus
    comp_0_vplus
    agl4_x_comp_0_vplus
    agl4
    agl4_x_agr4
    agr4
    agr4_x_p3_4
    p3_4
  }
  Net: Net_107 {
    p3_0
  }
  Net: Net_105 {
    p3_6
  }
  Net: \ADC_DelSig_1:Net_249\ {
  }
  Net: \ADC_DelSig_1:Net_257\ {
  }
  Net: \ADC_DelSig_1:Net_109\ {
  }
  Net: \ADC_DelSig_1:Net_34\ {
  }
  Net: AmuxNet::AMux_1_CYAMUXSIDE_A {
    dsm_0_vplus
    agl5_x_dsm_0_vplus
    agl5
    agl5_x_agr5
    agr5
    agr5_x_p3_5
    agl6_x_dsm_0_vplus
    agl6
    agl6_x_agr6
    agr6
    agr6_x_p3_2
    agr5_x_p3_1
    p3_5
    p3_2
    p3_1
  }
  Net: AmuxNet::AMux_1_CYAMUXSIDE_B {
    p3_4
    amuxbusr_x_p3_4
    amuxbusr
    amuxbusr_x_p3_6
    agr4_x_vidac_3_iout
    vidac_3_iout
    p3_1_x_vidac_3_iout
    agr4_x_p3_0
    p3_6
    p3_1
    p3_0
  }
}
Map of item to net {
  dsm_0_vplus                                      -> Net_1
  agl7_x_dsm_0_vplus                               -> Net_1
  agl7                                             -> Net_1
  agl7_x_agr7                                      -> Net_1
  agr7                                             -> Net_1
  agr7_x_p3_3                                      -> Net_1
  p3_3                                             -> Net_1
  p3_1                                             -> Net_101
  dsm_0_vminus                                     -> Net_2
  agl3_x_dsm_0_vminus                              -> Net_2
  agl3                                             -> Net_2
  agl3_x_comp_0_vplus                              -> Net_2
  comp_0_vplus                                     -> Net_2
  agl4_x_comp_0_vplus                              -> Net_2
  agl4                                             -> Net_2
  agl4_x_agr4                                      -> Net_2
  agr4                                             -> Net_2
  agr4_x_p3_4                                      -> Net_2
  p3_4                                             -> Net_2
  p3_2                                             -> Net_25
  p3_5                                             -> Net_119
  p3_0                                             -> Net_107
  p3_6                                             -> Net_105
  agl5_x_dsm_0_vplus                               -> AmuxNet::AMux_1_CYAMUXSIDE_A
  agl5                                             -> AmuxNet::AMux_1_CYAMUXSIDE_A
  agl5_x_agr5                                      -> AmuxNet::AMux_1_CYAMUXSIDE_A
  agr5                                             -> AmuxNet::AMux_1_CYAMUXSIDE_A
  agr5_x_p3_5                                      -> AmuxNet::AMux_1_CYAMUXSIDE_A
  agl6_x_dsm_0_vplus                               -> AmuxNet::AMux_1_CYAMUXSIDE_A
  agl6                                             -> AmuxNet::AMux_1_CYAMUXSIDE_A
  agl6_x_agr6                                      -> AmuxNet::AMux_1_CYAMUXSIDE_A
  agr6                                             -> AmuxNet::AMux_1_CYAMUXSIDE_A
  agr6_x_p3_2                                      -> AmuxNet::AMux_1_CYAMUXSIDE_A
  agr5_x_p3_1                                      -> AmuxNet::AMux_1_CYAMUXSIDE_A
  amuxbusr_x_p3_4                                  -> AmuxNet::AMux_1_CYAMUXSIDE_B
  amuxbusr                                         -> AmuxNet::AMux_1_CYAMUXSIDE_B
  amuxbusr_x_p3_6                                  -> AmuxNet::AMux_1_CYAMUXSIDE_B
  agr4_x_vidac_3_iout                              -> AmuxNet::AMux_1_CYAMUXSIDE_B
  vidac_3_iout                                     -> AmuxNet::AMux_1_CYAMUXSIDE_B
  p3_1_x_vidac_3_iout                              -> AmuxNet::AMux_1_CYAMUXSIDE_B
  agr4_x_p3_0                                      -> AmuxNet::AMux_1_CYAMUXSIDE_B
}
Mux Info {
  Mux: AMux_1_CYAMUXSIDE_A {
     Mouth: Net_1
     Guts:  AmuxNet::AMux_1_CYAMUXSIDE_A
     IsSingleSwitching: False
     IsStaticSwitching: True
     IsAtMostOneSwitch: True
    Arm: 0 {
      Net:   Net_25
      Outer: agr6_x_p3_2
      Inner: agl6_x_dsm_0_vplus
      Path {
        p3_2
        agr6_x_p3_2
        agr6
        agl6_x_agr6
        agl6
        agl6_x_dsm_0_vplus
        dsm_0_vplus
      }
    }
    Arm: 1 {
      Net:   Net_101
      Outer: agr5_x_p3_1
      Inner: __open__
      Path {
        p3_1
        agr5_x_p3_1
        agr5
        agl5_x_agr5
        agl5
        agl5_x_dsm_0_vplus
        dsm_0_vplus
      }
    }
    Arm: 2 {
      Net:   Net_119
      Outer: agr5_x_p3_5
      Inner: __open__
      Path {
        p3_5
        agr5_x_p3_5
        agr5
        agl5_x_agr5
        agl5
        agl5_x_dsm_0_vplus
        dsm_0_vplus
      }
    }
  }
  Mux: AMux_1_CYAMUXSIDE_B {
     Mouth: Net_2
     Guts:  AmuxNet::AMux_1_CYAMUXSIDE_B
     IsSingleSwitching: False
     IsStaticSwitching: True
     IsAtMostOneSwitch: True
    Arm: 0 {
      Net:   Net_101
      Outer: p3_1_x_vidac_3_iout
      Inner: agr4_x_vidac_3_iout
      Path {
        p3_1
        p3_1_x_vidac_3_iout
        vidac_3_iout
        agr4_x_vidac_3_iout
      }
    }
    Arm: 1 {
      Net:   Net_107
      Outer: agr4_x_p3_0
      Inner: __open__
      Path {
        p3_0
        agr4_x_p3_0
      }
    }
    Arm: 2 {
      Net:   Net_105
      Outer: amuxbusr_x_p3_6
      Inner: amuxbusr_x_p3_4
      Path {
        p3_6
        amuxbusr_x_p3_6
        amuxbusr
        amuxbusr_x_p3_4
        p3_4
      }
    }
  }
}
Dump of CyP35AnalogRoutingResultsDB
IsVddaHalfUsedForComp = False
IsVddaHalfUsedForSar0 = False
IsVddaHalfUsedForSar1 = False
Analog Code Generation phase: Elapsed time ==> 0s.095ms
</CYPRESSTAG>
<CYPRESSTAG name="Digital Placement">
<CYPRESSTAG name="Detailed placement messages">
I2659: No Constrained paths were found. The placer will run in non-timing driven mode.
I2076: Total run-time: 0.2 sec.

</CYPRESSTAG>
<CYPRESSTAG name="PLD Packing">
<CYPRESSTAG name="PLD Packing Summary" expanded>

------------------------------------------------------------
PLD Packing Summary
------------------------------------------------------------
            Resource Type : Used : Free :  Max :  % Used
    ====================================================
                     PLDs :    1 :   47 :   48 :   2.08%

<CYPRESSTAG name="PLD Statistics">

        PLD Resource Type :     Average/LAB
    =======================================
                   Inputs :            0.00
                   Pterms :            0.00
               Macrocells :            1.00
</CYPRESSTAG>
<CYPRESSTAG name="Packed PLD Contents">
Packed PLD Contents not displayed at this verbose level.</CYPRESSTAG>
</CYPRESSTAG>
PLD Packing: Elapsed time ==> 0s.000ms
</CYPRESSTAG>
<CYPRESSTAG name="Partitioning">
<CYPRESSTAG name="Initial Partitioning Summary">
Initial Partitioning Summary not displayed at this verbose level.</CYPRESSTAG>
<CYPRESSTAG name="Final Partitioning Summary">
Final Partitioning Summary not displayed at this verbose level.</CYPRESSTAG>
Partitioning: Elapsed time ==> 0s.015ms
</CYPRESSTAG>
<CYPRESSTAG name="Final Placement Summary">

------------------------------------------------------------
Final Placement Summary
------------------------------------------------------------

       Resource Type :      Count : Avg Inputs : Avg Outputs
    ========================================================
                 UDB :          1 :       0.00 :       1.00
<CYPRESSTAG name="Final Placement Details">
<CYPRESSTAG name="Component Details">

------------------------------------------------------------
Component Placement Details
------------------------------------------------------------
UDB [UDB=(0,0)] is empty.
UDB [UDB=(0,1)] is empty.
UDB [UDB=(0,2)] is empty.
UDB [UDB=(0,3)] is empty.
UDB [UDB=(0,4)] is empty.
UDB [UDB=(0,5)] is empty.
UDB [UDB=(1,0)] is empty.
UDB [UDB=(1,1)] is empty.
UDB [UDB=(1,2)] is empty.
UDB [UDB=(1,3)] contents:
LAB@[UDB=(1,3)][LB=0] #macrocells=1, #inputs=0, #pterms=0
{
    [McSlotId=0]:     MacroCell: Name=__ONE__, Mode=(Combinatorial) @ [UDB=(1,3)][LB=0][MC=0]
        Total # of inputs        : 0
        Total # of product terms : 0
            Clock Enable: True
        Main Equation            : 0 pterms
        !(
            0
        );
        Output = __ONE__ (fanout=1)
        Properties               : 
        {
        }

    [McSlotId=1]: (empty)
    [McSlotId=2]: (empty)
    [McSlotId=3]: (empty)
}

UDB [UDB=(1,4)] is empty.
UDB [UDB=(1,5)] is empty.
UDB [UDB=(2,0)] is empty.
UDB [UDB=(2,1)] is empty.
UDB [UDB=(2,2)] is empty.
UDB [UDB=(2,3)] is empty.
UDB [UDB=(2,4)] is empty.
UDB [UDB=(2,5)] is empty.
UDB [UDB=(3,0)] is empty.
UDB [UDB=(3,1)] is empty.
UDB [UDB=(3,2)] is empty.
UDB [UDB=(3,3)] is empty.
UDB [UDB=(3,4)] is empty.
UDB [UDB=(3,5)] is empty.
Intr container @ [IntrContainer=(0)]: 
  Intr@ [IntrContainer=(0)][IntrId=(29)] 
    interrupt: Name =\ADC_DelSig_1:IRQ\
        PORT MAP (
            interrupt => Net_4 );
        Properties:
        {
            int_type = "10"
            is_nmi = 0
        }
Drq container @ [DrqContainer=(0)]: empty
Port 0 contains the following IO cells:
Port 1 contains the following IO cells:
Port 2 contains the following IO cells:
Port 3 contains the following IO cells:
[IoId=0]: 
Pin : Name = P3_0(0)
    Attributes:
        In Group/Port: True
        In Sync Option: AUTO
        Out Sync Option: AUTO
        Interrupt generated: False
        Interrupt mode: NONE
        Drive mode: HI_Z_ANALOG
        VTrip: EITHER
        Slew: FAST
        Input Sync needed: False
        Output Sync needed: False
        SC shield enabled: False
        POR State: ANY
        LCD Mode: COMMON
        Register Mode: RegComb
        CaSense Mode: NEITHER
        Treat as pin: True
        Is OE Registered: False
        Uses Analog: True
        Can contain Digital: False
        Is SIO: False
        SIO Output Buf: NONREGULATED
        SIO Input Buf: SINGLE_ENDED
        SIO HiFreq: LOW
        SIO Hyst: DISABLED
        SIO Vtrip: MULTIPLIER_0_5
        SIO Multiplier Index: 0
        SIO RefSel: VCC_IO
        Required Capabilities: ANALOG
        Initial Value: 0
        IO Voltage: 0
    PORT MAP (
        pa_out => P3_0(0)__PA ,
        analog_term => Net_107 ,
        annotation => Net_24 ,
        pad => P3_0(0)_PAD );
    Properties:
    {
    }

[IoId=1]: 
Pin : Name = P3_1(0)
    Attributes:
        In Group/Port: True
        In Sync Option: AUTO
        Out Sync Option: AUTO
        Interrupt generated: False
        Interrupt mode: NONE
        Drive mode: HI_Z_ANALOG
        VTrip: EITHER
        Slew: FAST
        Input Sync needed: False
        Output Sync needed: False
        SC shield enabled: False
        POR State: ANY
        LCD Mode: COMMON
        Register Mode: RegComb
        CaSense Mode: NEITHER
        Treat as pin: True
        Is OE Registered: False
        Uses Analog: True
        Can contain Digital: False
        Is SIO: False
        SIO Output Buf: NONREGULATED
        SIO Input Buf: SINGLE_ENDED
        SIO HiFreq: LOW
        SIO Hyst: DISABLED
        SIO Vtrip: MULTIPLIER_0_5
        SIO Multiplier Index: 0
        SIO RefSel: VCC_IO
        Required Capabilities: ANALOG
        Initial Value: 0
        IO Voltage: 0
    PORT MAP (
        pa_out => P3_1(0)__PA ,
        analog_term => Net_101 ,
        annotation => Net_23 ,
        pad => P3_1(0)_PAD );
    Properties:
    {
    }

[IoId=2]: 
Pin : Name = P3_2(0)
    Attributes:
        In Group/Port: True
        In Sync Option: AUTO
        Out Sync Option: AUTO
        Interrupt generated: False
        Interrupt mode: NONE
        Drive mode: HI_Z_ANALOG
        VTrip: EITHER
        Slew: FAST
        Input Sync needed: False
        Output Sync needed: False
        SC shield enabled: False
        POR State: ANY
        LCD Mode: COMMON
        Register Mode: RegComb
        CaSense Mode: NEITHER
        Treat as pin: True
        Is OE Registered: False
        Uses Analog: True
        Can contain Digital: False
        Is SIO: False
        SIO Output Buf: NONREGULATED
        SIO Input Buf: SINGLE_ENDED
        SIO HiFreq: LOW
        SIO Hyst: DISABLED
        SIO Vtrip: MULTIPLIER_0_5
        SIO Multiplier Index: 0
        SIO RefSel: VCC_IO
        Required Capabilities: ANALOG
        Initial Value: 0
        IO Voltage: 0
    PORT MAP (
        pa_out => P3_2(0)__PA ,
        analog_term => Net_25 ,
        annotation => Net_10 ,
        pad => P3_2(0)_PAD );
    Properties:
    {
    }

[IoId=3]: 
Pin : Name = P3_3(0)
    Attributes:
        In Group/Port: True
        In Sync Option: AUTO
        Out Sync Option: AUTO
        Interrupt generated: False
        Interrupt mode: NONE
        Drive mode: HI_Z_ANALOG
        VTrip: EITHER
        Slew: FAST
        Input Sync needed: False
        Output Sync needed: False
        SC shield enabled: False
        POR State: ANY
        LCD Mode: COMMON
        Register Mode: RegComb
        CaSense Mode: NEITHER
        Treat as pin: True
        Is OE Registered: False
        Uses Analog: True
        Can contain Digital: False
        Is SIO: False
        SIO Output Buf: NONREGULATED
        SIO Input Buf: SINGLE_ENDED
        SIO HiFreq: LOW
        SIO Hyst: DISABLED
        SIO Vtrip: MULTIPLIER_0_5
        SIO Multiplier Index: 0
        SIO RefSel: VCC_IO
        Required Capabilities: ANALOG
        Initial Value: 0
        IO Voltage: 0
    PORT MAP (
        pa_out => P3_3(0)__PA ,
        analog_term => Net_1 ,
        pad => P3_3(0)_PAD );
    Properties:
    {
    }

[IoId=4]: 
Pin : Name = P3_4(0)
    Attributes:
        In Group/Port: True
        In Sync Option: AUTO
        Out Sync Option: AUTO
        Interrupt generated: False
        Interrupt mode: NONE
        Drive mode: HI_Z_ANALOG
        VTrip: EITHER
        Slew: FAST
        Input Sync needed: False
        Output Sync needed: False
        SC shield enabled: False
        POR State: ANY
        LCD Mode: COMMON
        Register Mode: RegComb
        CaSense Mode: NEITHER
        Treat as pin: True
        Is OE Registered: False
        Uses Analog: True
        Can contain Digital: False
        Is SIO: False
        SIO Output Buf: NONREGULATED
        SIO Input Buf: SINGLE_ENDED
        SIO HiFreq: LOW
        SIO Hyst: DISABLED
        SIO Vtrip: MULTIPLIER_0_5
        SIO Multiplier Index: 0
        SIO RefSel: VCC_IO
        Required Capabilities: ANALOG
        Initial Value: 0
        IO Voltage: 0
    PORT MAP (
        pa_out => P3_4(0)__PA ,
        analog_term => Net_2 ,
        pad => P3_4(0)_PAD );
    Properties:
    {
    }

[IoId=5]: 
Pin : Name = P3_5(0)
    Attributes:
        In Group/Port: True
        In Sync Option: AUTO
        Out Sync Option: AUTO
        Interrupt generated: False
        Interrupt mode: NONE
        Drive mode: HI_Z_ANALOG
        VTrip: EITHER
        Slew: FAST
        Input Sync needed: False
        Output Sync needed: False
        SC shield enabled: False
        POR State: ANY
        LCD Mode: COMMON
        Register Mode: RegComb
        CaSense Mode: NEITHER
        Treat as pin: True
        Is OE Registered: False
        Uses Analog: True
        Can contain Digital: False
        Is SIO: False
        SIO Output Buf: NONREGULATED
        SIO Input Buf: SINGLE_ENDED
        SIO HiFreq: LOW
        SIO Hyst: DISABLED
        SIO Vtrip: MULTIPLIER_0_5
        SIO Multiplier Index: 0
        SIO RefSel: VCC_IO
        Required Capabilities: ANALOG
        Initial Value: 0
        IO Voltage: 0
    PORT MAP (
        pa_out => P3_5(0)__PA ,
        analog_term => Net_119 ,
        annotation => Net_115 ,
        pad => P3_5(0)_PAD );
    Properties:
    {
    }

[IoId=6]: 
Pin : Name = P3_6(0)
    Attributes:
        In Group/Port: True
        In Sync Option: AUTO
        Out Sync Option: AUTO
        Interrupt generated: False
        Interrupt mode: NONE
        Drive mode: HI_Z_ANALOG
        VTrip: EITHER
        Slew: FAST
        Input Sync needed: False
        Output Sync needed: False
        SC shield enabled: False
        POR State: ANY
        LCD Mode: COMMON
        Register Mode: RegComb
        CaSense Mode: NEITHER
        Treat as pin: True
        Is OE Registered: False
        Uses Analog: True
        Can contain Digital: False
        Is SIO: False
        SIO Output Buf: NONREGULATED
        SIO Input Buf: SINGLE_ENDED
        SIO HiFreq: LOW
        SIO Hyst: DISABLED
        SIO Vtrip: MULTIPLIER_0_5
        SIO Multiplier Index: 0
        SIO RefSel: VCC_IO
        Required Capabilities: ANALOG
        Initial Value: 0
        IO Voltage: 0
    PORT MAP (
        pa_out => P3_6(0)__PA ,
        analog_term => Net_105 ,
        annotation => Net_117 ,
        pad => P3_6(0)_PAD );
    Properties:
    {
    }

Port 12 contains the following IO cells:
[IoId=1]: 
Pin : Name = \LCD:LCDPort(0)\
    Attributes:
        In Group/Port: True
        In Sync Option: AUTO
        Out Sync Option: NOSYNC
        Interrupt generated: False
        Interrupt mode: NONE
        Drive mode: CMOS_OUT
        VTrip: EITHER
        Slew: FAST
        Input Sync needed: False
        Output Sync needed: False
        SC shield enabled: False
        POR State: ANY
        LCD Mode: COMMON
        Register Mode: RegComb
        CaSense Mode: NEITHER
        Treat as pin: False
        Is OE Registered: False
        Uses Analog: False
        Can contain Digital: True
        Is SIO: False
        SIO Output Buf: NONREGULATED
        SIO Input Buf: SINGLE_ENDED
        SIO HiFreq: LOW
        SIO Hyst: DISABLED
        SIO Vtrip: MULTIPLIER_0_5
        SIO Multiplier Index: 0
        SIO RefSel: VCC_IO
        Required Capabilities: DIGITAL
        Initial Value: 0
        IO Voltage: 0
    PORT MAP (
        pa_out => \LCD:LCDPort(0)\__PA ,
        pad => \LCD:LCDPort(0)_PAD\ );
    Properties:
    {
    }

[IoId=2]: 
Pin : Name = \LCD:LCDPort(1)\
    Attributes:
        In Group/Port: True
        In Sync Option: AUTO
        Out Sync Option: NOSYNC
        Interrupt generated: False
        Interrupt mode: NONE
        Drive mode: CMOS_OUT
        VTrip: EITHER
        Slew: FAST
        Input Sync needed: False
        Output Sync needed: False
        SC shield enabled: False
        POR State: ANY
        LCD Mode: COMMON
        Register Mode: RegComb
        CaSense Mode: NEITHER
        Treat as pin: False
        Is OE Registered: False
        Uses Analog: False
        Can contain Digital: True
        Is SIO: False
        SIO Output Buf: NONREGULATED
        SIO Input Buf: SINGLE_ENDED
        SIO HiFreq: LOW
        SIO Hyst: DISABLED
        SIO Vtrip: MULTIPLIER_0_5
        SIO Multiplier Index: 0
        SIO RefSel: VCC_IO
        Required Capabilities: DIGITAL
        Initial Value: 0
        IO Voltage: 0
    PORT MAP (
        pa_out => \LCD:LCDPort(1)\__PA ,
        pad => \LCD:LCDPort(1)_PAD\ );
    Properties:
    {
    }

[IoId=3]: 
Pin : Name = \LCD:LCDPort(2)\
    Attributes:
        In Group/Port: True
        In Sync Option: AUTO
        Out Sync Option: NOSYNC
        Interrupt generated: False
        Interrupt mode: NONE
        Drive mode: CMOS_OUT
        VTrip: EITHER
        Slew: FAST
        Input Sync needed: False
        Output Sync needed: False
        SC shield enabled: False
        POR State: ANY
        LCD Mode: COMMON
        Register Mode: RegComb
        CaSense Mode: NEITHER
        Treat as pin: False
        Is OE Registered: False
        Uses Analog: False
        Can contain Digital: True
        Is SIO: False
        SIO Output Buf: NONREGULATED
        SIO Input Buf: SINGLE_ENDED
        SIO HiFreq: LOW
        SIO Hyst: DISABLED
        SIO Vtrip: MULTIPLIER_0_5
        SIO Multiplier Index: 0
        SIO RefSel: VCC_IO
        Required Capabilities: DIGITAL
        Initial Value: 0
        IO Voltage: 0
    PORT MAP (
        pa_out => \LCD:LCDPort(2)\__PA ,
        pad => \LCD:LCDPort(2)_PAD\ );
    Properties:
    {
    }

[IoId=4]: 
Pin : Name = \LCD:LCDPort(3)\
    Attributes:
        In Group/Port: True
        In Sync Option: AUTO
        Out Sync Option: NOSYNC
        Interrupt generated: False
        Interrupt mode: NONE
        Drive mode: CMOS_OUT
        VTrip: EITHER
        Slew: FAST
        Input Sync needed: False
        Output Sync needed: False
        SC shield enabled: False
        POR State: ANY
        LCD Mode: COMMON
        Register Mode: RegComb
        CaSense Mode: NEITHER
        Treat as pin: False
        Is OE Registered: False
        Uses Analog: False
        Can contain Digital: True
        Is SIO: False
        SIO Output Buf: NONREGULATED
        SIO Input Buf: SINGLE_ENDED
        SIO HiFreq: LOW
        SIO Hyst: DISABLED
        SIO Vtrip: MULTIPLIER_0_5
        SIO Multiplier Index: 0
        SIO RefSel: VCC_IO
        Required Capabilities: DIGITAL
        Initial Value: 0
        IO Voltage: 0
    PORT MAP (
        pa_out => \LCD:LCDPort(3)\__PA ,
        pad => \LCD:LCDPort(3)_PAD\ );
    Properties:
    {
    }

[IoId=5]: 
Pin : Name = \LCD:LCDPort(4)\
    Attributes:
        In Group/Port: True
        In Sync Option: AUTO
        Out Sync Option: NOSYNC
        Interrupt generated: False
        Interrupt mode: NONE
        Drive mode: CMOS_OUT
        VTrip: EITHER
        Slew: FAST
        Input Sync needed: False
        Output Sync needed: False
        SC shield enabled: False
        POR State: ANY
        LCD Mode: COMMON
        Register Mode: RegComb
        CaSense Mode: NEITHER
        Treat as pin: False
        Is OE Registered: False
        Uses Analog: False
        Can contain Digital: True
        Is SIO: False
        SIO Output Buf: NONREGULATED
        SIO Input Buf: SINGLE_ENDED
        SIO HiFreq: LOW
        SIO Hyst: DISABLED
        SIO Vtrip: MULTIPLIER_0_5
        SIO Multiplier Index: 0
        SIO RefSel: VCC_IO
        Required Capabilities: DIGITAL
        Initial Value: 0
        IO Voltage: 0
    PORT MAP (
        pa_out => \LCD:LCDPort(4)\__PA ,
        pad => \LCD:LCDPort(4)_PAD\ );
    Properties:
    {
    }

[IoId=6]: 
Pin : Name = \LCD:LCDPort(5)\
    Attributes:
        In Group/Port: True
        In Sync Option: AUTO
        Out Sync Option: NOSYNC
        Interrupt generated: False
        Interrupt mode: NONE
        Drive mode: CMOS_OUT
        VTrip: EITHER
        Slew: FAST
        Input Sync needed: False
        Output Sync needed: False
        SC shield enabled: False
        POR State: ANY
        LCD Mode: COMMON
        Register Mode: RegComb
        CaSense Mode: NEITHER
        Treat as pin: False
        Is OE Registered: False
        Uses Analog: False
        Can contain Digital: True
        Is SIO: False
        SIO Output Buf: NONREGULATED
        SIO Input Buf: SINGLE_ENDED
        SIO HiFreq: LOW
        SIO Hyst: DISABLED
        SIO Vtrip: MULTIPLIER_0_5
        SIO Multiplier Index: 0
        SIO RefSel: VCC_IO
        Required Capabilities: DIGITAL
        Initial Value: 0
        IO Voltage: 0
    PORT MAP (
        pa_out => \LCD:LCDPort(5)\__PA ,
        pad => \LCD:LCDPort(5)_PAD\ );
    Properties:
    {
    }

[IoId=7]: 
Pin : Name = \LCD:LCDPort(6)\
    Attributes:
        In Group/Port: True
        In Sync Option: AUTO
        Out Sync Option: NOSYNC
        Interrupt generated: False
        Interrupt mode: NONE
        Drive mode: CMOS_OUT
        VTrip: EITHER
        Slew: FAST
        Input Sync needed: False
        Output Sync needed: False
        SC shield enabled: False
        POR State: ANY
        LCD Mode: COMMON
        Register Mode: RegComb
        CaSense Mode: NEITHER
        Treat as pin: False
        Is OE Registered: False
        Uses Analog: False
        Can contain Digital: True
        Is SIO: False
        SIO Output Buf: NONREGULATED
        SIO Input Buf: SINGLE_ENDED
        SIO HiFreq: LOW
        SIO Hyst: DISABLED
        SIO Vtrip: MULTIPLIER_0_5
        SIO Multiplier Index: 0
        SIO RefSel: VCC_IO
        Required Capabilities: DIGITAL
        Initial Value: 0
        IO Voltage: 0
    PORT MAP (
        pa_out => \LCD:LCDPort(6)\__PA ,
        pad => \LCD:LCDPort(6)_PAD\ );
    Properties:
    {
    }

Port 15 contains the following IO cells:
ARM group 0: empty
CAN group 0: empty
Cache group 0: empty
CapSense group 0: empty
Clock group 0: 
    Clock Block @ F(Clock,0): 
    clockblockcell: Name =ClockBlock
        PORT MAP (
            imo => ClockBlock_IMO ,
            pllout => ClockBlock_PLL_OUT ,
            ilo => ClockBlock_ILO ,
            clk_100k => ClockBlock_100k ,
            clk_1k => ClockBlock_1k ,
            clk_32k => ClockBlock_32k ,
            xtal => ClockBlock_XTAL ,
            clk_32k_xtal => ClockBlock_XTAL_32KHZ ,
            clk_sync => ClockBlock_MASTER_CLK ,
            clk_bus_glb => ClockBlock_BUS_CLK ,
            clk_bus => ClockBlock_BUS_CLK_local ,
            dclk_glb_0 => \ADC_DelSig_1:Net_93\ ,
            dclk_0 => \ADC_DelSig_1:Net_93_local\ ,
            aclk_glb_0 => \ADC_DelSig_1:Net_488\ ,
            aclk_0 => \ADC_DelSig_1:Net_488_local\ ,
            clk_a_dig_glb_0 => \ADC_DelSig_1:Net_488_adig\ ,
            clk_a_dig_0 => \ADC_DelSig_1:Net_488_adig_local\ );
        Properties:
        {
        }
Comparator group 0: empty
DFB group 0: empty
DSM group 0: 
    DS Modulator @ F(DSM,0): 
    dsmodcell: Name =\ADC_DelSig_1:DSM\
        PORT MAP (
            aclock => \ADC_DelSig_1:Net_488\ ,
            vplus => Net_1 ,
            vminus => Net_2 ,
            reset_dec => \ADC_DelSig_1:mod_reset\ ,
            extclk_cp_udb => \ADC_DelSig_1:Net_93_local\ ,
            ext_pin_1 => \ADC_DelSig_1:Net_249\ ,
            ext_pin_2 => \ADC_DelSig_1:Net_257\ ,
            ext_vssa => \ADC_DelSig_1:Net_109\ ,
            qtz_ref => \ADC_DelSig_1:Net_34\ ,
            dec_clock => \ADC_DelSig_1:aclock\ ,
            mod_dat_3 => \ADC_DelSig_1:mod_dat_3\ ,
            mod_dat_2 => \ADC_DelSig_1:mod_dat_2\ ,
            mod_dat_1 => \ADC_DelSig_1:mod_dat_1\ ,
            mod_dat_0 => \ADC_DelSig_1:mod_dat_0\ ,
            dout_udb_7 => \ADC_DelSig_1:Net_245_7\ ,
            dout_udb_6 => \ADC_DelSig_1:Net_245_6\ ,
            dout_udb_5 => \ADC_DelSig_1:Net_245_5\ ,
            dout_udb_4 => \ADC_DelSig_1:Net_245_4\ ,
            dout_udb_3 => \ADC_DelSig_1:Net_245_3\ ,
            dout_udb_2 => \ADC_DelSig_1:Net_245_2\ ,
            dout_udb_1 => \ADC_DelSig_1:Net_245_1\ ,
            dout_udb_0 => \ADC_DelSig_1:Net_245_0\ );
        Properties:
        {
            cy_registers = ""
            resolution = 16
        }
Decimator group 0: 
    Decimator Block @ F(Decimator,0): 
    decimatorcell: Name =\ADC_DelSig_1:DEC\
        PORT MAP (
            aclock => \ADC_DelSig_1:aclock\ ,
            mod_dat_3 => \ADC_DelSig_1:mod_dat_3\ ,
            mod_dat_2 => \ADC_DelSig_1:mod_dat_2\ ,
            mod_dat_1 => \ADC_DelSig_1:mod_dat_1\ ,
            mod_dat_0 => \ADC_DelSig_1:mod_dat_0\ ,
            ext_start => __ONE__ ,
            modrst => \ADC_DelSig_1:mod_reset\ ,
            interrupt => Net_4 );
        Properties:
        {
            cy_registers = ""
        }
EMIF group 0: empty
I2C group 0: empty
LCD group 0: empty
LVD group 0: empty
PICU group 0: empty
PM group 0: empty
SC group 0: empty
SPC group 0: empty
Timer group 0: empty
USB group 0: empty
VIDAC group 0: empty
OpAmp group 0: empty
CsAbuf group 0: empty
Vref group 0: empty
LPF group 0: empty
SAR group 0: empty
ANAIF group 0: empty
PHUB group 0: empty

Blocks not positioned by the digital component placer:
    Amux Block @ <No Location>: 
    amuxcell: Name =AMux_1_CYAMUXSIDE_A
        PORT MAP (
            muxin_2 => Net_119 ,
            muxin_1 => Net_101 ,
            muxin_0 => Net_25 ,
            vout => Net_1 );
        Properties:
        {
            api_type = 0
            connect_mode = 1
            cy_registers = ""
            hw_control = 0
            init_mux_sel = "000"
            muxin_width = 3
            one_active = 1
        }
    Amux Block @ <No Location>: 
    amuxcell: Name =AMux_1_CYAMUXSIDE_B
        PORT MAP (
            muxin_2 => Net_105 ,
            muxin_1 => Net_107 ,
            muxin_0 => Net_101 ,
            vout => Net_2 );
        Properties:
        {
            api_type = 0
            connect_mode = 1
            cy_registers = ""
            hw_control = 0
            init_mux_sel = "000"
            muxin_width = 3
            one_active = 1
        }
</CYPRESSTAG>
<CYPRESSTAG name="Port Configuration Details">

------------------------------------------------------------
Port Configuration report
------------------------------------------------------------
     |     |       | Interrupt |                  |                  | 
Port | Pin | Fixed |      Type |       Drive Mode |             Name | Connections
-----+-----+-------+-----------+------------------+------------------+----------------
   3 |   0 |     * |      NONE |      HI_Z_ANALOG |          P3_0(0) | Analog(Net_107)
     |   1 |     * |      NONE |      HI_Z_ANALOG |          P3_1(0) | Analog(Net_101)
     |   2 |     * |      NONE |      HI_Z_ANALOG |          P3_2(0) | Analog(Net_25)
     |   3 |     * |      NONE |      HI_Z_ANALOG |          P3_3(0) | Analog(Net_1)
     |   4 |     * |      NONE |      HI_Z_ANALOG |          P3_4(0) | Analog(Net_2)
     |   5 |     * |      NONE |      HI_Z_ANALOG |          P3_5(0) | Analog(Net_119)
     |   6 |     * |      NONE |      HI_Z_ANALOG |          P3_6(0) | Analog(Net_105)
-----+-----+-------+-----------+------------------+------------------+----------------
  12 |   1 |     * |      NONE |         CMOS_OUT | \LCD:LCDPort(0)\ | 
     |   2 |     * |      NONE |         CMOS_OUT | \LCD:LCDPort(1)\ | 
     |   3 |     * |      NONE |         CMOS_OUT | \LCD:LCDPort(2)\ | 
     |   4 |     * |      NONE |         CMOS_OUT | \LCD:LCDPort(3)\ | 
     |   5 |     * |      NONE |         CMOS_OUT | \LCD:LCDPort(4)\ | 
     |   6 |     * |      NONE |         CMOS_OUT | \LCD:LCDPort(5)\ | 
     |   7 |     * |      NONE |         CMOS_OUT | \LCD:LCDPort(6)\ | 
--------------------------------------------------------------------------------------
</CYPRESSTAG>
</CYPRESSTAG>
</CYPRESSTAG>
Digital component placer commit/Report: Elapsed time ==> 0s.015ms
Digital Placement phase: Elapsed time ==> 0s.382ms
</CYPRESSTAG>
<CYPRESSTAG name="Digital Routing">
"C:\Program Files (x86)\Cypress\PSoC Creator\4.4\PSoC Creator\bin/sjrouter.exe" --xml-path "C:\Program Files (x86)\Cypress\PSoC Creator\4.4\PSoC Creator\dev\psoc5/psoc5lp/route_arch-rrg.cydata" --vh2-path "Thermistor_Reading_r.vh2" --pcf-path "Thermistor_Reading.pco" --des-name "Thermistor_Reading" --dsf-path "Thermistor_Reading.dsf" --sdc-path "Thermistor_Reading.sdc" --lib-path "Thermistor_Reading_r.lib"
Routing successful.
Digital Routing phase: Elapsed time ==> 0s.508ms
</CYPRESSTAG>
<CYPRESSTAG name="Bitstream Generation">
Bitstream Generation phase: Elapsed time ==> 0s.079ms
</CYPRESSTAG>
<CYPRESSTAG name="Bitstream Verification">
Bitstream Verification phase: Elapsed time ==> 0s.015ms
</CYPRESSTAG>
<CYPRESSTAG name="Static timing analysis">
Timing report is in Thermistor_Reading_timing.html.
Static timing analysis phase: Elapsed time ==> 0s.143ms
</CYPRESSTAG>
<CYPRESSTAG name="Data reporting">
Data reporting phase: Elapsed time ==> 0s.000ms
</CYPRESSTAG>
<CYPRESSTAG name="Database update...">
Design database save phase: Elapsed time ==> 0s.069ms
</CYPRESSTAG>
cydsfit: Elapsed time ==> 1s.413ms
</CYPRESSTAG>
Fitter phase: Elapsed time ==> 1s.413ms
API generation phase: Elapsed time ==> 0s.668ms
Dependency generation phase: Elapsed time ==> 0s.000ms
Cleanup phase: Elapsed time ==> 0s.000ms
