--------------- Rebuild Started: 08/09/2026 13:52:41 Project: Thermistor_Reading, Configuration: ARM GCC 5.4-2016-q2-update Debug ---------------
Deleting file ".\CortexM3\ARM_GCC_541\Debug\main.o"
Deleting file ".\CortexM3\ARM_GCC_541\Debug\cyfitter_cfg.o"
Deleting file ".\CortexM3\ARM_GCC_541\Debug\cymetadata.o"
Deleting file ".\CortexM3\ARM_GCC_541\Debug\ADC_DelSig_1.o"
Deleting file ".\CortexM3\ARM_GCC_541\Debug\ADC_DelSig_1_PM.o"
Deleting file ".\CortexM3\ARM_GCC_541\Debug\ADC_DelSig_1_INT.o"
Deleting file ".\CortexM3\ARM_GCC_541\Debug\P3_1.o"
Deleting file ".\CortexM3\ARM_GCC_541\Debug\P3_0.o"
Deleting file ".\CortexM3\ARM_GCC_541\Debug\AMux_1.o"
Deleting file ".\CortexM3\ARM_GCC_541\Debug\P3_2.o"
Deleting file ".\CortexM3\ARM_GCC_541\Debug\Ametherm_1DC103K_EC.o"
Deleting file ".\CortexM3\ARM_GCC_541\Debug\LCD.o"
Deleting file ".\CortexM3\ARM_GCC_541\Debug\LCD_PM.o"
Deleting file ".\CortexM3\ARM_GCC_541\Debug\P3_3.o"
Deleting file ".\CortexM3\ARM_GCC_541\Debug\P3_4.o"
Deleting file ".\CortexM3\ARM_GCC_541\Debug\ADC_DelSig_1_Ext_CP_Clk.o"
Deleting file ".\CortexM3\ARM_GCC_541\Debug\ADC_DelSig_1_IRQ.o"
Deleting file ".\CortexM3\ARM_GCC_541\Debug\ADC_DelSig_1_theACLK.o"
Deleting file ".\CortexM3\ARM_GCC_541\Debug\LCD_LCDPort.o"
Deleting file ".\CortexM3\ARM_GCC_541\Debug\Cm3Start.o"
Deleting file ".\CortexM3\ARM_GCC_541\Debug\CyBootAsmGnu.o"
Deleting file ".\CortexM3\ARM_GCC_541\Debug\CyDmac.o"
Deleting file ".\CortexM3\ARM_GCC_541\Debug\CyFlash.o"
Deleting file ".\CortexM3\ARM_GCC_541\Debug\CyLib.o"
Deleting file ".\CortexM3\ARM_GCC_541\Debug\cyPm.o"
Deleting file ".\CortexM3\ARM_GCC_541\Debug\CySpc.o"
Deleting file ".\CortexM3\ARM_GCC_541\Debug\cyutils.o"
Deleting file ".\CortexM3\ARM_GCC_541\Debug\cy_em_eeprom.o"
Deleting file ".\CortexM3\ARM_GCC_541\Debug\P3_5.o"
Deleting file ".\CortexM3\ARM_GCC_541\Debug\P3_6.o"
Deleting file ".\CortexM3\ARM_GCC_541\Debug\Opamp_1.o"
Deleting file ".\CortexM3\ARM_GCC_541\Debug\Opamp_1_PM.o"
Deleting file ".\CortexM3\ARM_GCC_541\Debug\Vout_1.o"
Deleting file ".\CortexM3\ARM_GCC_541\Debug\Thermistor_Reading.hex"
Deleting file ".\CortexM3\ARM_GCC_541\Debug\Thermistor_Reading.elf"
Deleting file ".\CortexM3\ARM_GCC_541\Debug\Thermistor_Reading.map"
Deleting file ".\Thermistor_Reading.cycdx"
Deleting file ".\Thermistor_Reading.svd"
Deleting file ".\Thermistor_Reading.rpt"
Deleting file ".\Thermistor_Reading_timing.html"
Deleting file ".\CortexM3\ARM_GCC_541\Debug\.deps\SOURCE_C__ARM_GCC_GENERIC.P"
Deleting file ".\CortexM3\ARM_GCC_541\Debug\.deps\SOURCE_ASM__ARM_GCC_GENERIC.P"
Build process unable to delete contents of code gen dir.  Error: Failed to delete C:\Users\Lukef\OneDrive\Documents\Thermistor-Reading\Thermistor_Reading.cydsn\codegentemp\lcpsoc3: Access to the path 'C:\Users\Lukef\OneDrive\Documents\Thermistor-Reading\Thermistor_Reading.cydsn\codegentemp\lcpsoc3' is denied.
--------------- Rebuild Failed: 08/09/2026 13:52:41 ---------------
